-- Install configuration: ""
-- Execute custom install script
-- Up-to-date symlink: /home/mr-morales/ros2_ws/install/rover_navigation/share/rover_navigation/launch/bringup.launch.py
-- Up-to-date symlink: /home/mr-morales/ros2_ws/install/rover_navigation/share/rover_navigation/launch/navigation.launch.py
-- Up-to-date symlink: /home/mr-morales/ros2_ws/install/rover_navigation/share/rover_navigation/params/RPP.yaml
-- Up-to-date symlink: /home/mr-morales/ros2_ws/install/rover_navigation/share/rover_navigation/params/SmacHybrid.yaml
-- Up-to-date symlink: /home/mr-morales/ros2_ws/install/rover_navigation/share/rover_navigation/params/SmacLattice.yaml
-- Up-to-date symlink: /home/mr-morales/ros2_ws/install/rover_navigation/share/rover_navigation/params/TEB.yaml
-- Up-to-date symlink: /home/mr-morales/ros2_ws/install/rover_navigation/share/rover_navigation/params/common.yaml
-- Up-to-date symlink: /home/mr-morales/ros2_ws/install/rover_navigation/share/rover_navigation/params/costmaps.yaml
-- Up-to-date symlink: /home/mr-morales/ros2_ws/install/rover_navigation/share/rover_navigation/behavior_trees/rover_bt.xml
-- Up-to-date symlink: /home/mr-morales/ros2_ws/install/rover_navigation/share/ament_index/resource_index/package_run_dependencies/rover_navigation
-- Up-to-date symlink: /home/mr-morales/ros2_ws/install/rover_navigation/share/ament_index/resource_index/parent_prefix_path/rover_navigation
-- Up-to-date symlink: /home/mr-morales/ros2_ws/install/rover_navigation/share/rover_navigation/environment/ament_prefix_path.sh
-- Up-to-date symlink: /home/mr-morales/ros2_ws/install/rover_navigation/share/rover_navigation/environment/ament_prefix_path.dsv
-- Up-to-date symlink: /home/mr-morales/ros2_ws/install/rover_navigation/share/rover_navigation/environment/path.sh
-- Up-to-date symlink: /home/mr-morales/ros2_ws/install/rover_navigation/share/rover_navigation/environment/path.dsv
-- Up-to-date symlink: /home/mr-morales/ros2_ws/install/rover_navigation/share/rover_navigation/local_setup.bash
-- Up-to-date symlink: /home/mr-morales/ros2_ws/install/rover_navigation/share/rover_navigation/local_setup.sh
-- Up-to-date symlink: /home/mr-morales/ros2_ws/install/rover_navigation/share/rover_navigation/local_setup.zsh
-- Up-to-date symlink: /home/mr-morales/ros2_ws/install/rover_navigation/share/rover_navigation/local_setup.dsv
-- Symlinking: /home/mr-morales/ros2_ws/install/rover_navigation/share/rover_navigation/package.dsv
-- Up-to-date symlink: /home/mr-morales/ros2_ws/install/rover_navigation/share/ament_index/resource_index/packages/rover_navigation
-- Up-to-date symlink: /home/mr-morales/ros2_ws/install/rover_navigation/share/rover_navigation/cmake/rover_navigationConfig.cmake
-- Up-to-date symlink: /home/mr-morales/ros2_ws/install/rover_navigation/share/rover_navigation/cmake/rover_navigationConfig-version.cmake
-- Up-to-date symlink: /home/mr-morales/ros2_ws/install/rover_navigation/share/rover_navigation/package.xml
