[1.191s] Invoking command in '/home/mr-morales/ros2_ws/build/rover_teleop': CONDA_PROMPT_MODIFIER=(ros2_jazzy) PYTHONPATH=/home/mr-morales/ros2_ws/build/rover_teleop/prefix_override:/home/mr-morales/miniforge3/envs/ros2_jazzy/lib/python3.12/site-packages/colcon_core/task/python/colcon_distutils_commands:/home/mr-morales/ros2_ws/install/rover_teleop/lib/python3.12/site-packages:${PYTHONPATH} /home/mr-morales/miniforge3/envs/ros2_jazzy/bin/python3.12 -W ignore:setup.py install is deprecated -W ignore:easy_install command is deprecated setup.py develop --editable --build-directory /home/mr-morales/ros2_ws/build/rover_teleop/build --no-deps symlink_data
[1.389s] /home/mr-morales/miniforge3/envs/ros2_jazzy/lib/python3.12/site-packages/setuptools/dist.py:476: SetuptoolsDeprecationWarning: Invalid dash-separated options
[1.390s] !!
[1.390s] 
[1.390s]         ********************************************************************************
[1.390s]         Usage of dash-separated 'script-dir' will not be supported in future
[1.390s]         versions. Please use the underscore name 'script_dir' instead.
[1.391s] 
[1.391s]         This deprecation is overdue, please update your project and remove deprecated
[1.391s]         calls to avoid build errors in the future.
[1.391s] 
[1.391s]         See https://setuptools.pypa.io/en/latest/userguide/declarative_config.html for details.
[1.391s]         ********************************************************************************
[1.392s] 
[1.392s] !!
[1.392s]   opt = self.warn_dash_deprecation(opt, section)
[1.552s] running develop
[1.789s] running egg_info
[1.807s] writing rover_teleop.egg-info/PKG-INFO
[1.808s] writing dependency_links to rover_teleop.egg-info/dependency_links.txt
[1.808s] writing entry points to rover_teleop.egg-info/entry_points.txt
[1.809s] writing requirements to rover_teleop.egg-info/requires.txt
[1.809s] writing top-level names to rover_teleop.egg-info/top_level.txt
[1.845s] reading manifest file 'rover_teleop.egg-info/SOURCES.txt'
[1.846s] writing manifest file 'rover_teleop.egg-info/SOURCES.txt'
[1.865s] running build_ext
[1.865s] Creating /home/mr-morales/ros2_ws/install/rover_teleop/lib/python3.12/site-packages/rover-teleop.egg-link (link to .)
[1.866s] Installing teleop_keyboard_node script to /home/mr-morales/ros2_ws/install/rover_teleop/lib/rover_teleop
[1.866s] 
[1.866s] Installed /home/mr-morales/ros2_ws/build/rover_teleop
[1.866s] running symlink_data
[1.912s] Invoked command in '/home/mr-morales/ros2_ws/build/rover_teleop' returned '0': CONDA_PROMPT_MODIFIER=(ros2_jazzy) PYTHONPATH=/home/mr-morales/ros2_ws/build/rover_teleop/prefix_override:/home/mr-morales/miniforge3/envs/ros2_jazzy/lib/python3.12/site-packages/colcon_core/task/python/colcon_distutils_commands:/home/mr-morales/ros2_ws/install/rover_teleop/lib/python3.12/site-packages:${PYTHONPATH} /home/mr-morales/miniforge3/envs/ros2_jazzy/bin/python3.12 -W ignore:setup.py install is deprecated -W ignore:easy_install command is deprecated setup.py develop --editable --build-directory /home/mr-morales/ros2_ws/build/rover_teleop/build --no-deps symlink_data
