-- The C compiler identification is GNU 15.3.0
-- The CXX compiler identification is GNU 15.3.0
-- Detecting C compiler ABI info
-- Detecting C compiler ABI info - done
-- Check for working C compiler: /home/mr-morales/miniforge3/envs/ros2_jazzy/bin/cc - skipped
-- Detecting C compile features
-- Detecting C compile features - done
-- Detecting CXX compiler ABI info
-- Detecting CXX compiler ABI info - done
-- Check for working CXX compiler: /home/mr-morales/miniforge3/envs/ros2_jazzy/bin/c++ - skipped
-- Detecting CXX compile features
-- Detecting CXX compile features - done
-- Found ament_cmake: 2.5.6 (/home/mr-morales/miniforge3/envs/ros2_jazzy/share/ament_cmake/cmake)
-- Found Python3: /home/mr-morales/miniforge3/envs/ros2_jazzy/bin/python3 (found version "3.12.14") found components: Interpreter
-- Override CMake install command with custom implementation using symlinks instead of copying resources
-- Found class_loader: 2.7.1 (/home/mr-morales/miniforge3/envs/ros2_jazzy/share/class_loader/cmake)
-- Found rclcpp: 28.1.21 (/home/mr-morales/miniforge3/envs/ros2_jazzy/share/rclcpp/cmake)
-- Found rosidl_generator_c: 4.6.9 (/home/mr-morales/miniforge3/envs/ros2_jazzy/share/rosidl_generator_c/cmake)
-- Found rosidl_generator_cpp: 4.6.9 (/home/mr-morales/miniforge3/envs/ros2_jazzy/share/rosidl_generator_cpp/cmake)
-- Using all available rosidl_typesupport_c: rosidl_typesupport_fastrtps_c;rosidl_typesupport_introspection_c
-- Using all available rosidl_typesupport_cpp: rosidl_typesupport_fastrtps_cpp;rosidl_typesupport_introspection_cpp
-- Found rmw_implementation_cmake: 7.3.3 (/home/mr-morales/miniforge3/envs/ros2_jazzy/share/rmw_implementation_cmake/cmake)
-- Found rmw_fastrtps_cpp: 8.4.4 (/home/mr-morales/miniforge3/envs/ros2_jazzy/share/rmw_fastrtps_cpp/cmake)
-- Found OpenSSL: /home/mr-morales/miniforge3/envs/ros2_jazzy/lib/libcrypto.so (found version "3.6.4")
-- Found FastRTPS: /home/mr-morales/miniforge3/envs/ros2_jazzy/include (Required is at least version "2.13")
-- Using RMW implementation 'rmw_fastrtps_cpp' as default
-- Found rclcpp_components: 28.1.21 (/home/mr-morales/miniforge3/envs/ros2_jazzy/share/rclcpp_components/cmake)
-- Found sensor_msgs: 5.3.8 (/home/mr-morales/miniforge3/envs/ros2_jazzy/share/sensor_msgs/cmake)
-- Found ament_lint_auto: 0.17.5 (/home/mr-morales/miniforge3/envs/ros2_jazzy/share/ament_lint_auto/cmake)
-- Added test 'cppcheck' to perform static code analysis on C / C++ code
-- Configured cppcheck include dirs: $<BUILD_INTERFACE:/home/mr-morales/ros2_ws/src/laser_proc/include>
-- Configured cppcheck exclude dirs and/or files: 
-- Added test 'cpplint' to check C / C++ code against the Google style
-- Configured cpplint exclude dirs and/or files: 
-- Added test 'lint_cmake' to check CMake code style
-- Added test 'uncrustify' to check C / C++ code style
-- Configured uncrustify additional arguments: 
-- Added test 'xmllint' to check XML markup files
-- Configuring done (3.4s)
-- Generating done (0.0s)
-- Build files have been written to: /home/mr-morales/ros2_ws/build/laser_proc
[ 14%] Building CXX object CMakeFiles/laser_proc.dir/src/laser_proc.cpp.o
[ 28%] Building CXX object CMakeFiles/laser_proc_node.dir/rclcpp_components/node_main_laser_proc_node.cpp.o
[ 42%] Building CXX object CMakeFiles/laser_proc.dir/src/laser_publisher.cpp.o
[ 57%] Linking CXX executable laser_proc_node
[ 57%] Built target laser_proc_node
[ 71%] Linking CXX shared library liblaser_proc.so
[ 71%] Built target laser_proc
[ 85%] Building CXX object CMakeFiles/laser_proc_component.dir/src/laser_proc_component.cpp.o
[100%] Linking CXX shared library liblaser_proc_component.so
[100%] Built target laser_proc_component
-- Install configuration: ""
-- Execute custom install script
-- Symlinking: /home/mr-morales/ros2_ws/install/laser_proc/lib/laser_proc/laser_proc_node
-- Symlinking: /home/mr-morales/ros2_ws/install/laser_proc/lib/liblaser_proc.so
-- Symlinking: /home/mr-morales/ros2_ws/install/laser_proc/lib/liblaser_proc_component.so
-- Symlinking: /home/mr-morales/ros2_ws/install/laser_proc/include/laser_proc/laser_proc.hpp
-- Symlinking: /home/mr-morales/ros2_ws/install/laser_proc/include/laser_proc/laser_proc_component.hpp
-- Symlinking: /home/mr-morales/ros2_ws/install/laser_proc/include/laser_proc/laser_publisher.hpp
-- Symlinking: /home/mr-morales/ros2_ws/install/laser_proc/include/laser_proc/visibility_control.hpp
-- Symlinking: /home/mr-morales/ros2_ws/install/laser_proc/share/ament_index/resource_index/package_run_dependencies/laser_proc
-- Symlinking: /home/mr-morales/ros2_ws/install/laser_proc/share/ament_index/resource_index/parent_prefix_path/laser_proc
-- Symlinking: /home/mr-morales/ros2_ws/install/laser_proc/share/laser_proc/environment/ament_prefix_path.sh
-- Symlinking: /home/mr-morales/ros2_ws/install/laser_proc/share/laser_proc/environment/ament_prefix_path.dsv
-- Symlinking: /home/mr-morales/ros2_ws/install/laser_proc/share/laser_proc/environment/path.sh
-- Symlinking: /home/mr-morales/ros2_ws/install/laser_proc/share/laser_proc/environment/path.dsv
-- Symlinking: /home/mr-morales/ros2_ws/install/laser_proc/share/laser_proc/local_setup.bash
-- Symlinking: /home/mr-morales/ros2_ws/install/laser_proc/share/laser_proc/local_setup.sh
-- Symlinking: /home/mr-morales/ros2_ws/install/laser_proc/share/laser_proc/local_setup.zsh
-- Symlinking: /home/mr-morales/ros2_ws/install/laser_proc/share/laser_proc/local_setup.dsv
-- Symlinking: /home/mr-morales/ros2_ws/install/laser_proc/share/laser_proc/package.dsv
-- Symlinking: /home/mr-morales/ros2_ws/install/laser_proc/share/ament_index/resource_index/packages/laser_proc
-- Symlinking: /home/mr-morales/ros2_ws/install/laser_proc/share/ament_index/resource_index/rclcpp_components/laser_proc
-- Symlinking: /home/mr-morales/ros2_ws/install/laser_proc/share/laser_proc/cmake/ament_cmake_export_dependencies-extras.cmake
-- Symlinking: /home/mr-morales/ros2_ws/install/laser_proc/share/laser_proc/cmake/ament_cmake_export_include_directories-extras.cmake
-- Symlinking: /home/mr-morales/ros2_ws/install/laser_proc/share/laser_proc/cmake/ament_cmake_export_libraries-extras.cmake
-- Symlinking: /home/mr-morales/ros2_ws/install/laser_proc/share/laser_proc/cmake/laser_procConfig.cmake
-- Symlinking: /home/mr-morales/ros2_ws/install/laser_proc/share/laser_proc/cmake/laser_procConfig-version.cmake
-- Symlinking: /home/mr-morales/ros2_ws/install/laser_proc/share/laser_proc/package.xml
