[0.014s] Invoking command in '/home/mr-morales/ros2_ws/build/urg_c': CMAKE_PREFIX_PATH=/home/mr-morales/miniforge3/envs/ros2_jazzy CONDA_PROMPT_MODIFIER=(ros2_jazzy) /home/mr-morales/miniforge3/envs/ros2_jazzy/bin/cmake /home/mr-morales/ros2_ws/src/urg_c -DAMENT_CMAKE_SYMLINK_INSTALL=1 -DCMAKE_INSTALL_PREFIX=/home/mr-morales/ros2_ws/install/urg_c
[0.020s] CMake Warning (deprecated) at CMakeLists.txt:1 (cmake_minimum_required):
[0.020s]   Compatibility with CMake < 3.10 will be removed from a future version of
[0.020s]   CMake.
[0.020s] 
[0.021s]   Update the VERSION argument <min> value.  Or, use the <min>...<max> syntax
[0.021s]   to tell CMake that the project requires at least <min> but has been updated
[0.021s]   to work with policies introduced by <max> or earlier.
[0.021s] This warning is for project developers.  Use -Wno-author or -Wno-deprecated
[0.021s] to suppress it.
[0.021s] 
[0.104s] -- The C compiler identification is GNU 15.3.0
[0.284s] -- The CXX compiler identification is GNU 15.3.0
[0.304s] -- Detecting C compiler ABI info
[0.452s] -- Detecting C compiler ABI info - done
[0.500s] -- Check for working C compiler: /home/mr-morales/miniforge3/envs/ros2_jazzy/bin/cc - skipped
[0.500s] -- Detecting C compile features
[0.501s] -- Detecting C compile features - done
[0.524s] -- Detecting CXX compiler ABI info
[0.729s] -- Detecting CXX compiler ABI info - done
[0.769s] -- Check for working CXX compiler: /home/mr-morales/miniforge3/envs/ros2_jazzy/bin/c++ - skipped
[0.770s] -- Detecting CXX compile features
[0.771s] -- Detecting CXX compile features - done
[0.796s] -- Found ament_cmake: 2.5.6 (/home/mr-morales/miniforge3/envs/ros2_jazzy/share/ament_cmake/cmake)
[1.107s] -- Found Python3: /home/mr-morales/miniforge3/envs/ros2_jazzy/bin/python3 (found version "3.12.14") found components: Interpreter
[1.244s] -- Override CMake install command with custom implementation using symlinks instead of copying resources
[1.463s] -- Configuring done (1.4s)
[1.484s] -- Generating done (0.0s)
[1.488s] -- Build files have been written to: /home/mr-morales/ros2_ws/build/urg_c
[1.494s] Invoked command in '/home/mr-morales/ros2_ws/build/urg_c' returned '0': CMAKE_PREFIX_PATH=/home/mr-morales/miniforge3/envs/ros2_jazzy CONDA_PROMPT_MODIFIER=(ros2_jazzy) /home/mr-morales/miniforge3/envs/ros2_jazzy/bin/cmake /home/mr-morales/ros2_ws/src/urg_c -DAMENT_CMAKE_SYMLINK_INSTALL=1 -DCMAKE_INSTALL_PREFIX=/home/mr-morales/ros2_ws/install/urg_c
[1.496s] Invoking command in '/home/mr-morales/ros2_ws/build/urg_c': CMAKE_PREFIX_PATH=/home/mr-morales/miniforge3/envs/ros2_jazzy CONDA_PROMPT_MODIFIER=(ros2_jazzy) /home/mr-morales/miniforge3/envs/ros2_jazzy/bin/cmake --build /home/mr-morales/ros2_ws/build/urg_c -- -j12 -l12
[1.567s] [  2%] Building C object CMakeFiles/urg_c.dir/current/src/urg_ring_buffer.c.o
[1.567s] [  5%] Building C object CMakeFiles/urg_c.dir/current/src/urg_time.c.o
[1.567s] [  8%] Building C object CMakeFiles/urg_c.dir/current/src/urg_sensor.c.o
[1.568s] [ 11%] Building C object CMakeFiles/urg_c.dir/current/src/urg_utils.c.o
[1.568s] [ 14%] Building C object CMakeFiles/urg_c.dir/current/src/urg_debug.c.o
[1.569s] [ 17%] Building C object CMakeFiles/urg_c.dir/current/src/urg_serial.c.o
[1.569s] [ 23%] Building C object CMakeFiles/urg_c.dir/current/src/urg_serial_utils.c.o
[1.569s] [ 23%] Building C object CMakeFiles/urg_c.dir/current/src/urg_tcpclient.c.o
[1.571s] [ 26%] Building C object CMakeFiles/urg_c.dir/current/src/urg_connection.c.o
[1.783s] [ 29%] Linking C shared library liburg_c.so
[1.839s] [ 29%] Built target urg_c
[1.865s] [ 32%] Building C object CMakeFiles/open_urg_sensor.dir/current/samples/open_urg_sensor.c.o
[1.919s] [ 35%] Linking C static library libopen_urg_sensor.a
[1.967s] [ 35%] Built target open_urg_sensor
[1.990s] [ 38%] Building C object CMakeFiles/calculate_xy.dir/current/samples/calculate_xy.c.o
[1.994s] [ 41%] Building C object CMakeFiles/get_multiecho.dir/current/samples/get_multiecho.c.o
[1.995s] [ 47%] Building C object CMakeFiles/get_distance_intensity.dir/current/samples/get_distance_intensity.c.o
[1.995s] [ 47%] Building C object CMakeFiles/get_distance.dir/current/samples/get_distance.c.o
[1.996s] [ 50%] Building C object CMakeFiles/find_port.dir/current/samples/find_port.c.o
[2.001s] [ 55%] Building C object CMakeFiles/reboot_test.dir/current/samples/reboot_test.c.o
[2.001s] [ 55%] Building C object CMakeFiles/sensor_parameter.dir/current/samples/sensor_parameter.c.o
[2.002s] [ 58%] Building C object CMakeFiles/angle_convert_test.dir/current/samples/angle_convert_test.c.o
[2.008s] [ 61%] Building C object CMakeFiles/get_multiecho_intensity.dir/current/samples/get_multiecho_intensity.c.o
[2.061s] [ 64%] Linking C executable reboot_test
[2.061s] [ 67%] Linking C executable find_port
[2.066s] [ 70%] Linking C executable angle_convert_test
[2.067s] [ 73%] Linking C executable get_multiecho
[2.077s] [ 76%] Linking C executable get_distance_intensity
[2.086s] [ 79%] Linking C executable sensor_parameter
[2.089s] [ 82%] Linking C executable get_distance
[2.109s] [ 85%] Linking C executable get_multiecho_intensity
[2.115s] [ 88%] Linking C executable calculate_xy
[2.134s] [ 88%] Built target find_port
[2.136s] [ 88%] Built target reboot_test
[2.157s] [ 88%] Built target angle_convert_test
[2.158s] [ 88%] Built target get_distance_intensity
[2.166s] [ 88%] Built target get_multiecho
[2.167s] [ 91%] Building C object CMakeFiles/timeout_test.dir/current/samples/timeout_test.c.o
[2.185s] [ 94%] Building C object CMakeFiles/sync_time_stamp.dir/current/samples/sync_time_stamp.c.o
[2.189s] [ 94%] Built target calculate_xy
[2.191s] [ 94%] Built target sensor_parameter
[2.191s] [ 94%] Built target get_distance
[2.212s] [ 94%] Built target get_multiecho_intensity
[2.220s] [ 97%] Linking C executable timeout_test
[2.241s] [100%] Linking C executable sync_time_stamp
[2.296s] [100%] Built target timeout_test
[2.309s] [100%] Built target sync_time_stamp
[2.328s] Invoked command in '/home/mr-morales/ros2_ws/build/urg_c' returned '0': CMAKE_PREFIX_PATH=/home/mr-morales/miniforge3/envs/ros2_jazzy CONDA_PROMPT_MODIFIER=(ros2_jazzy) /home/mr-morales/miniforge3/envs/ros2_jazzy/bin/cmake --build /home/mr-morales/ros2_ws/build/urg_c -- -j12 -l12
[2.341s] Invoking command in '/home/mr-morales/ros2_ws/build/urg_c': CMAKE_PREFIX_PATH=/home/mr-morales/miniforge3/envs/ros2_jazzy CONDA_PROMPT_MODIFIER=(ros2_jazzy) /home/mr-morales/miniforge3/envs/ros2_jazzy/bin/cmake --install /home/mr-morales/ros2_ws/build/urg_c
[2.354s] -- Install configuration: ""
[2.355s] -- Execute custom install script
[2.356s] -- Symlinking: /home/mr-morales/ros2_ws/install/urg_c/lib/liburg_c.so
[2.369s] -- Symlinking: /home/mr-morales/ros2_ws/install/urg_c/lib/libopen_urg_sensor.a
[2.382s] -- Symlinking: /home/mr-morales/ros2_ws/install/urg_c/bin/angle_convert_test
[2.394s] -- Symlinking: /home/mr-morales/ros2_ws/install/urg_c/bin/calculate_xy
[2.407s] -- Symlinking: /home/mr-morales/ros2_ws/install/urg_c/bin/find_port
[2.420s] -- Symlinking: /home/mr-morales/ros2_ws/install/urg_c/bin/get_distance
[2.433s] -- Symlinking: /home/mr-morales/ros2_ws/install/urg_c/bin/get_distance_intensity
[2.446s] -- Symlinking: /home/mr-morales/ros2_ws/install/urg_c/bin/get_multiecho
[2.462s] -- Symlinking: /home/mr-morales/ros2_ws/install/urg_c/bin/get_multiecho_intensity
[2.476s] -- Symlinking: /home/mr-morales/ros2_ws/install/urg_c/bin/reboot_test
[2.491s] -- Symlinking: /home/mr-morales/ros2_ws/install/urg_c/bin/sensor_parameter
[2.505s] -- Symlinking: /home/mr-morales/ros2_ws/install/urg_c/bin/sync_time_stamp
[2.517s] -- Symlinking: /home/mr-morales/ros2_ws/install/urg_c/bin/timeout_test
[2.530s] -- Symlinking: /home/mr-morales/ros2_ws/install/urg_c/include/urg_c/urg_connection.h
[2.542s] -- Symlinking: /home/mr-morales/ros2_ws/install/urg_c/include/urg_c/urg_debug.h
[2.554s] -- Symlinking: /home/mr-morales/ros2_ws/install/urg_c/include/urg_c/urg_detect_os.h
[2.566s] -- Symlinking: /home/mr-morales/ros2_ws/install/urg_c/include/urg_c/urg_errno.h
[2.584s] -- Symlinking: /home/mr-morales/ros2_ws/install/urg_c/include/urg_c/urg_ring_buffer.h
[2.598s] -- Symlinking: /home/mr-morales/ros2_ws/install/urg_c/include/urg_c/urg_sensor.h
[2.609s] -- Symlinking: /home/mr-morales/ros2_ws/install/urg_c/include/urg_c/urg_serial.h
[2.622s] -- Symlinking: /home/mr-morales/ros2_ws/install/urg_c/include/urg_c/urg_serial_utils.h
[2.635s] -- Symlinking: /home/mr-morales/ros2_ws/install/urg_c/include/urg_c/urg_tcpclient.h
[2.648s] -- Symlinking: /home/mr-morales/ros2_ws/install/urg_c/include/urg_c/urg_time.h
[2.662s] -- Symlinking: /home/mr-morales/ros2_ws/install/urg_c/include/urg_c/urg_utils.h
[2.673s] -- Symlinking: /home/mr-morales/ros2_ws/install/urg_c/share/ament_index/resource_index/package_run_dependencies/urg_c
[2.689s] -- Symlinking: /home/mr-morales/ros2_ws/install/urg_c/share/ament_index/resource_index/parent_prefix_path/urg_c
[2.705s] -- Symlinking: /home/mr-morales/ros2_ws/install/urg_c/share/urg_c/environment/ament_prefix_path.sh
[2.718s] -- Symlinking: /home/mr-morales/ros2_ws/install/urg_c/share/urg_c/environment/ament_prefix_path.dsv
[2.731s] -- Symlinking: /home/mr-morales/ros2_ws/install/urg_c/share/urg_c/environment/path.sh
[2.745s] -- Symlinking: /home/mr-morales/ros2_ws/install/urg_c/share/urg_c/environment/path.dsv
[2.757s] -- Symlinking: /home/mr-morales/ros2_ws/install/urg_c/share/urg_c/local_setup.bash
[2.771s] -- Symlinking: /home/mr-morales/ros2_ws/install/urg_c/share/urg_c/local_setup.sh
[2.784s] -- Symlinking: /home/mr-morales/ros2_ws/install/urg_c/share/urg_c/local_setup.zsh
[2.799s] -- Symlinking: /home/mr-morales/ros2_ws/install/urg_c/share/urg_c/local_setup.dsv
[2.814s] -- Symlinking: /home/mr-morales/ros2_ws/install/urg_c/share/urg_c/package.dsv
[2.827s] -- Symlinking: /home/mr-morales/ros2_ws/install/urg_c/share/ament_index/resource_index/packages/urg_c
[2.839s] -- Symlinking: /home/mr-morales/ros2_ws/install/urg_c/share/urg_c/cmake/ament_cmake_export_include_directories-extras.cmake
[2.852s] -- Symlinking: /home/mr-morales/ros2_ws/install/urg_c/share/urg_c/cmake/ament_cmake_export_libraries-extras.cmake
[2.865s] -- Symlinking: /home/mr-morales/ros2_ws/install/urg_c/share/urg_c/cmake/urg_cConfig.cmake
[2.877s] -- Symlinking: /home/mr-morales/ros2_ws/install/urg_c/share/urg_c/cmake/urg_cConfig-version.cmake
[2.888s] -- Symlinking: /home/mr-morales/ros2_ws/install/urg_c/share/urg_c/package.xml
[2.902s] Invoked command in '/home/mr-morales/ros2_ws/build/urg_c' returned '0': CMAKE_PREFIX_PATH=/home/mr-morales/miniforge3/envs/ros2_jazzy CONDA_PROMPT_MODIFIER=(ros2_jazzy) /home/mr-morales/miniforge3/envs/ros2_jazzy/bin/cmake --install /home/mr-morales/ros2_ws/build/urg_c
