[0.022s] Invoking command in '/home/mr-morales/ros2_ws/build/rover_localization': CMAKE_PREFIX_PATH=/home/mr-morales/miniforge3/envs/ros2_jazzy CONDA_PROMPT_MODIFIER=(ros2_jazzy) /home/mr-morales/miniforge3/envs/ros2_jazzy/bin/cmake --build /home/mr-morales/ros2_ws/build/rover_localization -- -j12 -l12
[0.422s] Invoked command in '/home/mr-morales/ros2_ws/build/rover_localization' returned '0': CMAKE_PREFIX_PATH=/home/mr-morales/miniforge3/envs/ros2_jazzy CONDA_PROMPT_MODIFIER=(ros2_jazzy) /home/mr-morales/miniforge3/envs/ros2_jazzy/bin/cmake --build /home/mr-morales/ros2_ws/build/rover_localization -- -j12 -l12
[0.425s] Invoking command in '/home/mr-morales/ros2_ws/build/rover_localization': CMAKE_PREFIX_PATH=/home/mr-morales/miniforge3/envs/ros2_jazzy CONDA_PROMPT_MODIFIER=(ros2_jazzy) /home/mr-morales/miniforge3/envs/ros2_jazzy/bin/cmake --install /home/mr-morales/ros2_ws/build/rover_localization
[0.438s] -- Install configuration: ""
[0.440s] -- Execute custom install script
[0.441s] -- Up-to-date symlink: /home/mr-morales/ros2_ws/install/rover_localization/share/rover_localization//launch/ekf.launch.py
[0.441s] -- Up-to-date symlink: /home/mr-morales/ros2_ws/install/rover_localization/share/rover_localization//launch/localization.launch.py
[0.441s] -- Up-to-date symlink: /home/mr-morales/ros2_ws/install/rover_localization/share/rover_localization//launch/rgbd_odometry.launch.py
[0.441s] -- Up-to-date symlink: /home/mr-morales/ros2_ws/install/rover_localization/share/rover_localization//launch/rtabmap.launch.py
[0.442s] -- Up-to-date symlink: /home/mr-morales/ros2_ws/install/rover_localization/share/rover_localization//config/ekf.yaml
[0.442s] -- Up-to-date symlink: /home/mr-morales/ros2_ws/install/rover_localization/share/ament_index/resource_index/package_run_dependencies/rover_localization
[0.442s] -- Up-to-date symlink: /home/mr-morales/ros2_ws/install/rover_localization/share/ament_index/resource_index/parent_prefix_path/rover_localization
[0.443s] -- Up-to-date symlink: /home/mr-morales/ros2_ws/install/rover_localization/share/rover_localization/environment/ament_prefix_path.sh
[0.443s] -- Up-to-date symlink: /home/mr-morales/ros2_ws/install/rover_localization/share/rover_localization/environment/ament_prefix_path.dsv
[0.443s] -- Up-to-date symlink: /home/mr-morales/ros2_ws/install/rover_localization/share/rover_localization/environment/path.sh
[0.443s] -- Up-to-date symlink: /home/mr-morales/ros2_ws/install/rover_localization/share/rover_localization/environment/path.dsv
[0.444s] -- Up-to-date symlink: /home/mr-morales/ros2_ws/install/rover_localization/share/rover_localization/local_setup.bash
[0.444s] -- Up-to-date symlink: /home/mr-morales/ros2_ws/install/rover_localization/share/rover_localization/local_setup.sh
[0.444s] -- Up-to-date symlink: /home/mr-morales/ros2_ws/install/rover_localization/share/rover_localization/local_setup.zsh
[0.444s] -- Up-to-date symlink: /home/mr-morales/ros2_ws/install/rover_localization/share/rover_localization/local_setup.dsv
[0.444s] -- Symlinking: /home/mr-morales/ros2_ws/install/rover_localization/share/rover_localization/package.dsv
[0.460s] -- Up-to-date symlink: /home/mr-morales/ros2_ws/install/rover_localization/share/ament_index/resource_index/packages/rover_localization
[0.461s] -- Up-to-date symlink: /home/mr-morales/ros2_ws/install/rover_localization/share/rover_localization/cmake/rover_localizationConfig.cmake
[0.462s] -- Up-to-date symlink: /home/mr-morales/ros2_ws/install/rover_localization/share/rover_localization/cmake/rover_localizationConfig-version.cmake
[0.463s] -- Up-to-date symlink: /home/mr-morales/ros2_ws/install/rover_localization/share/rover_localization/package.xml
[0.520s] Invoked command in '/home/mr-morales/ros2_ws/build/rover_localization' returned '0': CMAKE_PREFIX_PATH=/home/mr-morales/miniforge3/envs/ros2_jazzy CONDA_PROMPT_MODIFIER=(ros2_jazzy) /home/mr-morales/miniforge3/envs/ros2_jazzy/bin/cmake --install /home/mr-morales/ros2_ws/build/rover_localization
