[0.017s] Invoking command in '/home/mr-morales/ros2_ws/build/urg_node': AMENT_PREFIX_PATH=/home/mr-morales/ros2_ws/install/urg_node_msgs:/home/mr-morales/ros2_ws/install/urg_c:/home/mr-morales/ros2_ws/install/laser_proc:${AMENT_PREFIX_PATH} CMAKE_PREFIX_PATH=/home/mr-morales/ros2_ws/install/urg_node_msgs:/home/mr-morales/ros2_ws/install/urg_c:/home/mr-morales/ros2_ws/install/laser_proc:/home/mr-morales/miniforge3/envs/ros2_jazzy CONDA_PROMPT_MODIFIER=(ros2_jazzy) LD_LIBRARY_PATH=/home/mr-morales/ros2_ws/install/urg_node_msgs/lib:/home/mr-morales/ros2_ws/install/urg_c/lib:/home/mr-morales/ros2_ws/install/laser_proc/lib:${LD_LIBRARY_PATH} PATH=/home/mr-morales/ros2_ws/install/urg_c/bin:${PATH} PYTHONPATH=/home/mr-morales/ros2_ws/install/urg_node_msgs/lib/python3.12/site-packages:${PYTHONPATH} /home/mr-morales/miniforge3/envs/ros2_jazzy/bin/cmake /home/mr-morales/ros2_ws/src/urg_node -DAMENT_CMAKE_SYMLINK_INSTALL=1 -DCMAKE_INSTALL_PREFIX=/home/mr-morales/ros2_ws/install/urg_node
[0.028s] CMake Warning (deprecated) at CMakeLists.txt:1 (cmake_minimum_required):
[0.028s]   Compatibility with CMake < 3.10 will be removed from a future version of
[0.028s]   CMake.
[0.028s] 
[0.028s]   Update the VERSION argument <min> value.  Or, use the <min>...<max> syntax
[0.028s]   to tell CMake that the project requires at least <min> but has been updated
[0.029s]   to work with policies introduced by <max> or earlier.
[0.029s] This warning is for project developers.  Use -Wno-author or -Wno-deprecated
[0.029s] to suppress it.
[0.029s] 
[0.099s] -- The C compiler identification is GNU 15.3.0
[0.232s] -- The CXX compiler identification is GNU 15.3.0
[0.244s] -- Detecting C compiler ABI info
[0.342s] -- Detecting C compiler ABI info - done
[0.368s] -- Check for working C compiler: /home/mr-morales/miniforge3/envs/ros2_jazzy/bin/cc - skipped
[0.368s] -- Detecting C compile features
[0.369s] -- Detecting C compile features - done
[0.386s] -- Detecting CXX compiler ABI info
[0.538s] -- Detecting CXX compiler ABI info - done
[0.567s] -- Check for working CXX compiler: /home/mr-morales/miniforge3/envs/ros2_jazzy/bin/c++ - skipped
[0.567s] -- Detecting CXX compile features
[0.568s] -- Detecting CXX compile features - done
[0.586s] -- Found ament_cmake: 2.5.6 (/home/mr-morales/miniforge3/envs/ros2_jazzy/share/ament_cmake/cmake)
[0.791s] -- Found Python3: /home/mr-morales/miniforge3/envs/ros2_jazzy/bin/python3 (found version "3.12.14") found components: Interpreter
[0.890s] -- Override CMake install command with custom implementation using symlinks instead of copying resources
[0.984s] CMake Warning (policy) at CMakeLists.txt:21 (find_package):
[0.984s]   Policy CMP0167 is not set: The FindBoost module is removed.  Run "cmake
[0.984s]   --help-policy CMP0167" for policy details.  Use the cmake_policy command to
[0.985s]   set the policy and suppress this warning.
[0.985s] This warning is for project developers.  Use -Wno-author or -Wno-policy to
[0.985s] suppress it.
[0.985s] 
[0.994s] -- Found Boost: /home/mr-morales/miniforge3/envs/ros2_jazzy/lib/cmake/Boost-1.90.0/BoostConfig.cmake (found version "1.90.0")
[1.002s] -- Found diagnostic_updater: 4.2.7 (/home/mr-morales/miniforge3/envs/ros2_jazzy/share/diagnostic_updater/cmake)
[1.104s] -- Found rosidl_generator_c: 4.6.9 (/home/mr-morales/miniforge3/envs/ros2_jazzy/share/rosidl_generator_c/cmake)
[1.135s] -- Found rosidl_generator_cpp: 4.6.9 (/home/mr-morales/miniforge3/envs/ros2_jazzy/share/rosidl_generator_cpp/cmake)
[1.170s] -- Using all available rosidl_typesupport_c: rosidl_typesupport_fastrtps_c;rosidl_typesupport_introspection_c
[1.208s] -- Using all available rosidl_typesupport_cpp: rosidl_typesupport_fastrtps_cpp;rosidl_typesupport_introspection_cpp
[1.428s] -- Found rmw_implementation_cmake: 7.3.3 (/home/mr-morales/miniforge3/envs/ros2_jazzy/share/rmw_implementation_cmake/cmake)
[1.436s] -- Found rmw_fastrtps_cpp: 8.4.4 (/home/mr-morales/miniforge3/envs/ros2_jazzy/share/rmw_fastrtps_cpp/cmake)
[1.931s] -- Found OpenSSL: /home/mr-morales/miniforge3/envs/ros2_jazzy/lib/libcrypto.so (found version "3.6.4")
[1.980s] -- Found FastRTPS: /home/mr-morales/miniforge3/envs/ros2_jazzy/include (Required is at least version "2.13")
[2.058s] -- Using RMW implementation 'rmw_fastrtps_cpp' as default
[2.212s] -- Found laser_proc: 1.0.3 (/home/mr-morales/ros2_ws/install/laser_proc/share/laser_proc/cmake)
[2.293s] -- Found rclcpp_components: 28.1.21 (/home/mr-morales/miniforge3/envs/ros2_jazzy/share/rclcpp_components/cmake)
[2.357s] -- Found std_srvs: 5.3.8 (/home/mr-morales/miniforge3/envs/ros2_jazzy/share/std_srvs/cmake)
[2.381s] -- Found urg_c: 1.0.4001 (/home/mr-morales/ros2_ws/install/urg_c/share/urg_c/cmake)
[2.384s] -- Found urg_node_msgs: 1.1.0 (/home/mr-morales/ros2_ws/install/urg_node_msgs/share/urg_node_msgs/cmake)
[2.420s] -- Found ament_lint_auto: 0.17.5 (/home/mr-morales/miniforge3/envs/ros2_jazzy/share/ament_lint_auto/cmake)
[2.601s] -- Added test 'cppcheck' to perform static code analysis on C / C++ code
[2.601s] -- Configured cppcheck include dirs: $<BUILD_INTERFACE:/home/mr-morales/ros2_ws/src/urg_node/include>
[2.601s] -- Configured cppcheck exclude dirs and/or files: 
[2.604s] -- Added test 'cpplint' to check C / C++ code against the Google style
[2.604s] -- Configured cpplint exclude dirs and/or files: 
[2.605s] -- Added test 'flake8' to check Python code syntax and style conventions
[2.605s] -- Configured 'flake8' exclude dirs and/or files: 
[2.607s] -- Added test 'lint_cmake' to check CMake code style
[2.608s] -- Added test 'pep257' to check Python code against some of the docstring style conventions in PEP 257
[2.610s] -- Added test 'uncrustify' to check C / C++ code style
[2.611s] -- Configured uncrustify additional arguments: 
[2.611s] -- Added test 'xmllint' to check XML markup files
[2.615s] -- Configuring done (2.6s)
[2.665s] -- Generating done (0.0s)
[2.708s] -- Build files have been written to: /home/mr-morales/ros2_ws/build/urg_node
[2.719s] Invoked command in '/home/mr-morales/ros2_ws/build/urg_node' returned '0': AMENT_PREFIX_PATH=/home/mr-morales/ros2_ws/install/urg_node_msgs:/home/mr-morales/ros2_ws/install/urg_c:/home/mr-morales/ros2_ws/install/laser_proc:${AMENT_PREFIX_PATH} CMAKE_PREFIX_PATH=/home/mr-morales/ros2_ws/install/urg_node_msgs:/home/mr-morales/ros2_ws/install/urg_c:/home/mr-morales/ros2_ws/install/laser_proc:/home/mr-morales/miniforge3/envs/ros2_jazzy CONDA_PROMPT_MODIFIER=(ros2_jazzy) LD_LIBRARY_PATH=/home/mr-morales/ros2_ws/install/urg_node_msgs/lib:/home/mr-morales/ros2_ws/install/urg_c/lib:/home/mr-morales/ros2_ws/install/laser_proc/lib:${LD_LIBRARY_PATH} PATH=/home/mr-morales/ros2_ws/install/urg_c/bin:${PATH} PYTHONPATH=/home/mr-morales/ros2_ws/install/urg_node_msgs/lib/python3.12/site-packages:${PYTHONPATH} /home/mr-morales/miniforge3/envs/ros2_jazzy/bin/cmake /home/mr-morales/ros2_ws/src/urg_node -DAMENT_CMAKE_SYMLINK_INSTALL=1 -DCMAKE_INSTALL_PREFIX=/home/mr-morales/ros2_ws/install/urg_node
[2.721s] Invoking command in '/home/mr-morales/ros2_ws/build/urg_node': AMENT_PREFIX_PATH=/home/mr-morales/ros2_ws/install/urg_node_msgs:/home/mr-morales/ros2_ws/install/urg_c:/home/mr-morales/ros2_ws/install/laser_proc:${AMENT_PREFIX_PATH} CMAKE_PREFIX_PATH=/home/mr-morales/ros2_ws/install/urg_node_msgs:/home/mr-morales/ros2_ws/install/urg_c:/home/mr-morales/ros2_ws/install/laser_proc:/home/mr-morales/miniforge3/envs/ros2_jazzy CONDA_PROMPT_MODIFIER=(ros2_jazzy) LD_LIBRARY_PATH=/home/mr-morales/ros2_ws/install/urg_node_msgs/lib:/home/mr-morales/ros2_ws/install/urg_c/lib:/home/mr-morales/ros2_ws/install/laser_proc/lib:${LD_LIBRARY_PATH} PATH=/home/mr-morales/ros2_ws/install/urg_c/bin:${PATH} PYTHONPATH=/home/mr-morales/ros2_ws/install/urg_node_msgs/lib/python3.12/site-packages:${PYTHONPATH} /home/mr-morales/miniforge3/envs/ros2_jazzy/bin/cmake --build /home/mr-morales/ros2_ws/build/urg_node -- -j12 -l12
[2.784s] [ 14%] Building CXX object CMakeFiles/urg_node.dir/src/urg_c_wrapper.cpp.o
[2.785s] [ 28%] Building CXX object CMakeFiles/urg_node_driver.dir/rclcpp_components/node_main_urg_node_driver.cpp.o
[2.786s] [ 42%] Building CXX object CMakeFiles/urg_node.dir/src/urg_node.cpp.o
[6.236s] [ 57%] Linking CXX executable urg_node_driver
[6.385s] [ 57%] Built target urg_node_driver
[10.480s] [ 71%] Linking CXX shared library liburg_node.so
[10.718s] [ 71%] Built target urg_node
[10.744s] [ 85%] Building CXX object CMakeFiles/getID.dir/src/get_id.cpp.o
[13.898s] [100%] Linking CXX executable getID
[14.071s] [100%] Built target getID
[14.084s] Invoked command in '/home/mr-morales/ros2_ws/build/urg_node' returned '0': AMENT_PREFIX_PATH=/home/mr-morales/ros2_ws/install/urg_node_msgs:/home/mr-morales/ros2_ws/install/urg_c:/home/mr-morales/ros2_ws/install/laser_proc:${AMENT_PREFIX_PATH} CMAKE_PREFIX_PATH=/home/mr-morales/ros2_ws/install/urg_node_msgs:/home/mr-morales/ros2_ws/install/urg_c:/home/mr-morales/ros2_ws/install/laser_proc:/home/mr-morales/miniforge3/envs/ros2_jazzy CONDA_PROMPT_MODIFIER=(ros2_jazzy) LD_LIBRARY_PATH=/home/mr-morales/ros2_ws/install/urg_node_msgs/lib:/home/mr-morales/ros2_ws/install/urg_c/lib:/home/mr-morales/ros2_ws/install/laser_proc/lib:${LD_LIBRARY_PATH} PATH=/home/mr-morales/ros2_ws/install/urg_c/bin:${PATH} PYTHONPATH=/home/mr-morales/ros2_ws/install/urg_node_msgs/lib/python3.12/site-packages:${PYTHONPATH} /home/mr-morales/miniforge3/envs/ros2_jazzy/bin/cmake --build /home/mr-morales/ros2_ws/build/urg_node -- -j12 -l12
[14.087s] Invoking command in '/home/mr-morales/ros2_ws/build/urg_node': AMENT_PREFIX_PATH=/home/mr-morales/ros2_ws/install/urg_node_msgs:/home/mr-morales/ros2_ws/install/urg_c:/home/mr-morales/ros2_ws/install/laser_proc:${AMENT_PREFIX_PATH} CMAKE_PREFIX_PATH=/home/mr-morales/ros2_ws/install/urg_node_msgs:/home/mr-morales/ros2_ws/install/urg_c:/home/mr-morales/ros2_ws/install/laser_proc:/home/mr-morales/miniforge3/envs/ros2_jazzy CONDA_PROMPT_MODIFIER=(ros2_jazzy) LD_LIBRARY_PATH=/home/mr-morales/ros2_ws/install/urg_node_msgs/lib:/home/mr-morales/ros2_ws/install/urg_c/lib:/home/mr-morales/ros2_ws/install/laser_proc/lib:${LD_LIBRARY_PATH} PATH=/home/mr-morales/ros2_ws/install/urg_c/bin:${PATH} PYTHONPATH=/home/mr-morales/ros2_ws/install/urg_node_msgs/lib/python3.12/site-packages:${PYTHONPATH} /home/mr-morales/miniforge3/envs/ros2_jazzy/bin/cmake --install /home/mr-morales/ros2_ws/build/urg_node
[14.095s] -- Install configuration: ""
[14.095s] -- Execute custom install script
[14.096s] -- Symlinking: /home/mr-morales/ros2_ws/install/urg_node/lib/urg_node/urg_node_driver
[14.105s] -- Symlinking: /home/mr-morales/ros2_ws/install/urg_node/lib/liburg_node.so
[14.115s] -- Symlinking: /home/mr-morales/ros2_ws/install/urg_node/lib/urg_node/getID
[14.125s] -- Symlinking: /home/mr-morales/ros2_ws/install/urg_node/include/urg_node/urg_c_wrapper.hpp
[14.134s] -- Symlinking: /home/mr-morales/ros2_ws/install/urg_node/include/urg_node/urg_node.hpp
[14.143s] -- Symlinking: /home/mr-morales/ros2_ws/install/urg_node/lib/urg_node/set_urg_ip.py
[14.153s] -- Symlinking: /home/mr-morales/ros2_ws/install/urg_node/share/urg_node/launch/hokuyo_laser.urdf
[14.162s] -- Symlinking: /home/mr-morales/ros2_ws/install/urg_node/share/urg_node/launch/urg_lidar.launch
[14.170s] -- Symlinking: /home/mr-morales/ros2_ws/install/urg_node/share/urg_node/launch/urg_node_ethernet.yaml
[14.180s] -- Symlinking: /home/mr-morales/ros2_ws/install/urg_node/share/urg_node/launch/urg_node_launch.py
[14.189s] -- Symlinking: /home/mr-morales/ros2_ws/install/urg_node/share/urg_node/launch/urg_node_serial.yaml
[14.199s] -- Symlinking: /home/mr-morales/ros2_ws/install/urg_node/share/urg_node/meshes/hokuyo_ust10.stl
[14.210s] -- Symlinking: /home/mr-morales/ros2_ws/install/urg_node/share/urg_node/urdf/hokuyo_ust10.urdf.xacro
[14.220s] -- Symlinking: /home/mr-morales/ros2_ws/install/urg_node/share/ament_index/resource_index/package_run_dependencies/urg_node
[14.229s] -- Symlinking: /home/mr-morales/ros2_ws/install/urg_node/share/ament_index/resource_index/parent_prefix_path/urg_node
[14.239s] -- Symlinking: /home/mr-morales/ros2_ws/install/urg_node/share/urg_node/environment/ament_prefix_path.sh
[14.248s] -- Symlinking: /home/mr-morales/ros2_ws/install/urg_node/share/urg_node/environment/ament_prefix_path.dsv
[14.257s] -- Symlinking: /home/mr-morales/ros2_ws/install/urg_node/share/urg_node/environment/path.sh
[14.266s] -- Symlinking: /home/mr-morales/ros2_ws/install/urg_node/share/urg_node/environment/path.dsv
[14.276s] -- Symlinking: /home/mr-morales/ros2_ws/install/urg_node/share/urg_node/local_setup.bash
[14.285s] -- Symlinking: /home/mr-morales/ros2_ws/install/urg_node/share/urg_node/local_setup.sh
[14.294s] -- Symlinking: /home/mr-morales/ros2_ws/install/urg_node/share/urg_node/local_setup.zsh
[14.303s] -- Symlinking: /home/mr-morales/ros2_ws/install/urg_node/share/urg_node/local_setup.dsv
[14.313s] -- Symlinking: /home/mr-morales/ros2_ws/install/urg_node/share/urg_node/package.dsv
[14.323s] -- Symlinking: /home/mr-morales/ros2_ws/install/urg_node/share/ament_index/resource_index/packages/urg_node
[14.333s] -- Symlinking: /home/mr-morales/ros2_ws/install/urg_node/share/ament_index/resource_index/rclcpp_components/urg_node
[14.341s] -- Symlinking: /home/mr-morales/ros2_ws/install/urg_node/share/urg_node/cmake/ament_cmake_export_dependencies-extras.cmake
[14.351s] -- Symlinking: /home/mr-morales/ros2_ws/install/urg_node/share/urg_node/cmake/ament_cmake_export_include_directories-extras.cmake
[14.360s] -- Symlinking: /home/mr-morales/ros2_ws/install/urg_node/share/urg_node/cmake/ament_cmake_export_libraries-extras.cmake
[14.370s] -- Symlinking: /home/mr-morales/ros2_ws/install/urg_node/share/urg_node/cmake/urg_nodeConfig.cmake
[14.379s] -- Symlinking: /home/mr-morales/ros2_ws/install/urg_node/share/urg_node/cmake/urg_nodeConfig-version.cmake
[14.388s] -- Symlinking: /home/mr-morales/ros2_ws/install/urg_node/share/urg_node/package.xml
[14.400s] Invoked command in '/home/mr-morales/ros2_ws/build/urg_node' returned '0': AMENT_PREFIX_PATH=/home/mr-morales/ros2_ws/install/urg_node_msgs:/home/mr-morales/ros2_ws/install/urg_c:/home/mr-morales/ros2_ws/install/laser_proc:${AMENT_PREFIX_PATH} CMAKE_PREFIX_PATH=/home/mr-morales/ros2_ws/install/urg_node_msgs:/home/mr-morales/ros2_ws/install/urg_c:/home/mr-morales/ros2_ws/install/laser_proc:/home/mr-morales/miniforge3/envs/ros2_jazzy CONDA_PROMPT_MODIFIER=(ros2_jazzy) LD_LIBRARY_PATH=/home/mr-morales/ros2_ws/install/urg_node_msgs/lib:/home/mr-morales/ros2_ws/install/urg_c/lib:/home/mr-morales/ros2_ws/install/laser_proc/lib:${LD_LIBRARY_PATH} PATH=/home/mr-morales/ros2_ws/install/urg_c/bin:${PATH} PYTHONPATH=/home/mr-morales/ros2_ws/install/urg_node_msgs/lib/python3.12/site-packages:${PYTHONPATH} /home/mr-morales/miniforge3/envs/ros2_jazzy/bin/cmake --install /home/mr-morales/ros2_ws/build/urg_node
