[0.018s] Invoking command in '/home/mr-morales/ros2_ws/build/rover_motor_controller_cpp': AMENT_PREFIX_PATH=/home/mr-morales/ros2_ws/install/rover_msgs:${AMENT_PREFIX_PATH} CMAKE_PREFIX_PATH=/home/mr-morales/ros2_ws/install/rover_msgs:/home/mr-morales/miniforge3/envs/ros2_jazzy CONDA_PROMPT_MODIFIER=(ros2_jazzy) LD_LIBRARY_PATH=/home/mr-morales/ros2_ws/install/rover_msgs/lib:${LD_LIBRARY_PATH} PYTHONPATH=/home/mr-morales/ros2_ws/install/rover_msgs/lib/python3.12/site-packages:${PYTHONPATH} /home/mr-morales/miniforge3/envs/ros2_jazzy/bin/cmake /home/mr-morales/ros2_ws/src/ros2_rover/rover_motor_controller_cpp -DAMENT_CMAKE_SYMLINK_INSTALL=1 -DCMAKE_INSTALL_PREFIX=/home/mr-morales/ros2_ws/install/rover_motor_controller_cpp
[0.331s] CMake Warning (deprecated) at CMakeLists.txt:1 (cmake_minimum_required):
[0.331s]   Compatibility with CMake < 3.10 will be removed from a future version of
[0.331s]   CMake.
[0.332s] 
[0.332s]   Update the VERSION argument <min> value.  Or, use the <min>...<max> syntax
[0.332s]   to tell CMake that the project requires at least <min> but has been updated
[0.332s]   to work with policies introduced by <max> or earlier.
[0.332s] This warning is for project developers.  Use -Wno-author or -Wno-deprecated
[0.333s] to suppress it.
[0.333s] 
[0.333s] -- The C compiler identification is GNU 15.3.0
[0.333s] -- The CXX compiler identification is GNU 15.3.0
[0.333s] -- Detecting C compiler ABI info
[0.438s] -- Detecting C compiler ABI info - done
[0.470s] -- Check for working C compiler: /home/mr-morales/miniforge3/envs/ros2_jazzy/bin/cc - skipped
[0.471s] -- Detecting C compile features
[0.472s] -- Detecting C compile features - done
[0.499s] -- Detecting CXX compiler ABI info
[0.672s] -- Detecting CXX compiler ABI info - done
[0.706s] -- Check for working CXX compiler: /home/mr-morales/miniforge3/envs/ros2_jazzy/bin/c++ - skipped
[0.707s] -- Detecting CXX compile features
[0.708s] -- Detecting CXX compile features - done
[0.731s] -- Found ament_cmake: 2.5.6 (/home/mr-morales/miniforge3/envs/ros2_jazzy/share/ament_cmake/cmake)
[1.027s] -- Found Python3: /home/mr-morales/miniforge3/envs/ros2_jazzy/bin/python3 (found version "3.12.14") found components: Interpreter
[1.166s] -- Override CMake install command with custom implementation using symlinks instead of copying resources
[1.314s] -- Found rclcpp: 28.1.21 (/home/mr-morales/miniforge3/envs/ros2_jazzy/share/rclcpp/cmake)
[1.417s] -- Found rosidl_generator_c: 4.6.9 (/home/mr-morales/miniforge3/envs/ros2_jazzy/share/rosidl_generator_c/cmake)
[1.449s] -- Found rosidl_generator_cpp: 4.6.9 (/home/mr-morales/miniforge3/envs/ros2_jazzy/share/rosidl_generator_cpp/cmake)
[1.486s] -- Using all available rosidl_typesupport_c: rosidl_typesupport_fastrtps_c;rosidl_typesupport_introspection_c
[1.528s] -- Using all available rosidl_typesupport_cpp: rosidl_typesupport_fastrtps_cpp;rosidl_typesupport_introspection_cpp
[1.689s] -- Found rmw_implementation_cmake: 7.3.3 (/home/mr-morales/miniforge3/envs/ros2_jazzy/share/rmw_implementation_cmake/cmake)
[1.698s] -- Found rmw_fastrtps_cpp: 8.4.4 (/home/mr-morales/miniforge3/envs/ros2_jazzy/share/rmw_fastrtps_cpp/cmake)
[2.447s] -- Found OpenSSL: /home/mr-morales/miniforge3/envs/ros2_jazzy/lib/libcrypto.so (found version "3.6.4")
[2.518s] -- Found FastRTPS: /home/mr-morales/miniforge3/envs/ros2_jazzy/include (Required is at least version "2.13")
[2.611s] -- Using RMW implementation 'rmw_fastrtps_cpp' as default
[2.772s] -- Found rover_msgs: 2.0.0 (/home/mr-morales/ros2_ws/install/rover_msgs/share/rover_msgs/cmake)
[2.791s] -- Found geometry_msgs: 5.3.8 (/home/mr-morales/miniforge3/envs/ros2_jazzy/share/geometry_msgs/cmake)
[2.858s] -- Found ament_cmake_clang_format: 0.17.5 (/home/mr-morales/miniforge3/envs/ros2_jazzy/share/ament_cmake_clang_format/cmake)
[3.002s] -- Configuring done (3.0s)
[3.024s] -- Generating done (0.0s)
[3.054s] -- Build files have been written to: /home/mr-morales/ros2_ws/build/rover_motor_controller_cpp
[3.066s] Invoked command in '/home/mr-morales/ros2_ws/build/rover_motor_controller_cpp' returned '0': AMENT_PREFIX_PATH=/home/mr-morales/ros2_ws/install/rover_msgs:${AMENT_PREFIX_PATH} CMAKE_PREFIX_PATH=/home/mr-morales/ros2_ws/install/rover_msgs:/home/mr-morales/miniforge3/envs/ros2_jazzy CONDA_PROMPT_MODIFIER=(ros2_jazzy) LD_LIBRARY_PATH=/home/mr-morales/ros2_ws/install/rover_msgs/lib:${LD_LIBRARY_PATH} PYTHONPATH=/home/mr-morales/ros2_ws/install/rover_msgs/lib/python3.12/site-packages:${PYTHONPATH} /home/mr-morales/miniforge3/envs/ros2_jazzy/bin/cmake /home/mr-morales/ros2_ws/src/ros2_rover/rover_motor_controller_cpp -DAMENT_CMAKE_SYMLINK_INSTALL=1 -DCMAKE_INSTALL_PREFIX=/home/mr-morales/ros2_ws/install/rover_motor_controller_cpp
[3.068s] Invoking command in '/home/mr-morales/ros2_ws/build/rover_motor_controller_cpp': AMENT_PREFIX_PATH=/home/mr-morales/ros2_ws/install/rover_msgs:${AMENT_PREFIX_PATH} CMAKE_PREFIX_PATH=/home/mr-morales/ros2_ws/install/rover_msgs:/home/mr-morales/miniforge3/envs/ros2_jazzy CONDA_PROMPT_MODIFIER=(ros2_jazzy) LD_LIBRARY_PATH=/home/mr-morales/ros2_ws/install/rover_msgs/lib:${LD_LIBRARY_PATH} PYTHONPATH=/home/mr-morales/ros2_ws/install/rover_msgs/lib/python3.12/site-packages:${PYTHONPATH} /home/mr-morales/miniforge3/envs/ros2_jazzy/bin/cmake --build /home/mr-morales/ros2_ws/build/rover_motor_controller_cpp -- -j12 -l12
[3.152s] [ 11%] Building CXX object CMakeFiles/controller_node.dir/src/controller_node_main.cpp.o
[3.153s] [ 22%] Building CXX object CMakeFiles/vel_parser_node.dir/src/motor_controller/vel_parser_node.cpp.o
[3.155s] [ 55%] Building CXX object CMakeFiles/vel_parser_node.dir/src/vel_parser_node_main.cpp.o
[3.156s] [ 55%] Building CXX object CMakeFiles/controller_node.dir/src/lx16a/serial.cpp.o
[3.156s] [ 55%] Building CXX object CMakeFiles/controller_node.dir/src/lx16a/lx16a.cpp.o
[3.157s] [ 66%] Building CXX object CMakeFiles/controller_node.dir/src/lx16a/motor_controller.cpp.o
[3.157s] [ 77%] Building CXX object CMakeFiles/controller_node.dir/src/motor_controller/controller_node.cpp.o
[5.968s] In file included from /home/mr-morales/miniforge3/envs/ros2_jazzy/include/boost/bind.hpp:30,
[5.969s]                  from /home/mr-morales/ros2_ws/src/ros2_rover/rover_motor_controller_cpp/include/lx16a/serial.hpp:29,
[5.969s]                  from /home/mr-morales/ros2_ws/src/ros2_rover/rover_motor_controller_cpp/include/lx16a/lx16a.hpp:33,
[5.969s]                  from /home/mr-morales/ros2_ws/src/ros2_rover/rover_motor_controller_cpp/src/lx16a/motor_controller.cpp:26:
[5.969s] /home/mr-morales/miniforge3/envs/ros2_jazzy/include/boost/bind.hpp:36:1: note: '#pragma message: The practice of declaring the Bind placeholders (_1, _2, ...) in the global namespace is deprecated. Please use <boost/bind/bind.hpp> + using namespace boost::placeholders, or define BOOST_BIND_GLOBAL_PLACEHOLDERS to retain the current behavior.'
[5.969s]    36 | BOOST_PRAGMA_MESSAGE(
[5.969s]       | ^~~~~~~~~~~~~~~~~~~~
[5.969s] /home/mr-morales/ros2_ws/src/ros2_rover/rover_motor_controller_cpp/include/lx16a/serial.hpp:51:32: error: 'io_service' is not a member of 'boost::asio'; did you mean 'use_service'?
[5.969s]    51 |   std::unique_ptr<boost::asio::io_service> io_service;
[5.970s]       |                                ^~~~~~~~~~
[5.970s]       |                                use_service
[5.970s] /home/mr-morales/ros2_ws/src/ros2_rover/rover_motor_controller_cpp/include/lx16a/serial.hpp:51:42: error: template argument 1 is invalid
[5.970s]    51 |   std::unique_ptr<boost::asio::io_service> io_service;
[5.970s]       |                                          ^
[5.970s] /home/mr-morales/ros2_ws/src/ros2_rover/rover_motor_controller_cpp/include/lx16a/serial.hpp:51:42: error: template argument 2 is invalid
[5.982s] /home/mr-morales/ros2_ws/src/ros2_rover/rover_motor_controller_cpp/include/lx16a/serial.hpp:53:32: error: 'deadline_timer' is not a member of 'boost::asio'
[5.983s]    53 |   std::unique_ptr<boost::asio::deadline_timer> timer;
[5.983s]       |                                ^~~~~~~~~~~~~~
[5.983s] /home/mr-morales/ros2_ws/src/ros2_rover/rover_motor_controller_cpp/include/lx16a/serial.hpp:53:46: error: template argument 1 is invalid
[5.983s]    53 |   std::unique_ptr<boost::asio::deadline_timer> timer;
[5.983s]       |                                              ^
[5.983s] /home/mr-morales/ros2_ws/src/ros2_rover/rover_motor_controller_cpp/include/lx16a/serial.hpp:53:46: error: template argument 2 is invalid
[6.385s] gmake[2]: *** [CMakeFiles/controller_node.dir/build.make:121: CMakeFiles/controller_node.dir/src/lx16a/motor_controller.cpp.o] Error 1
[6.385s] gmake[2]: ** Esperando que outros processos terminem.
[7.136s] In file included from /home/mr-morales/miniforge3/envs/ros2_jazzy/include/boost/bind.hpp:30,
[7.136s]                  from /home/mr-morales/ros2_ws/src/ros2_rover/rover_motor_controller_cpp/include/lx16a/serial.hpp:29,
[7.136s]                  from /home/mr-morales/ros2_ws/src/ros2_rover/rover_motor_controller_cpp/src/lx16a/serial.cpp:26:
[7.136s] /home/mr-morales/miniforge3/envs/ros2_jazzy/include/boost/bind.hpp:36:1: note: '#pragma message: The practice of declaring the Bind placeholders (_1, _2, ...) in the global namespace is deprecated. Please use <boost/bind/bind.hpp> + using namespace boost::placeholders, or define BOOST_BIND_GLOBAL_PLACEHOLDERS to retain the current behavior.'
[7.136s]    36 | BOOST_PRAGMA_MESSAGE(
[7.136s]       | ^~~~~~~~~~~~~~~~~~~~
[7.137s] /home/mr-morales/ros2_ws/src/ros2_rover/rover_motor_controller_cpp/include/lx16a/serial.hpp:51:32: error: 'io_service' is not a member of 'boost::asio'; did you mean 'use_service'?
[7.137s]    51 |   std::unique_ptr<boost::asio::io_service> io_service;
[7.137s]       |                                ^~~~~~~~~~
[7.137s]       |                                use_service
[7.137s] /home/mr-morales/ros2_ws/src/ros2_rover/rover_motor_controller_cpp/include/lx16a/serial.hpp:51:42: error: template argument 1 is invalid
[7.137s]    51 |   std::unique_ptr<boost::asio::io_service> io_service;
[7.137s]       |                                          ^
[7.137s] /home/mr-morales/ros2_ws/src/ros2_rover/rover_motor_controller_cpp/include/lx16a/serial.hpp:51:42: error: template argument 2 is invalid
[7.155s] /home/mr-morales/ros2_ws/src/ros2_rover/rover_motor_controller_cpp/include/lx16a/serial.hpp:53:32: error: 'deadline_timer' is not a member of 'boost::asio'
[7.155s]    53 |   std::unique_ptr<boost::asio::deadline_timer> timer;
[7.155s]       |                                ^~~~~~~~~~~~~~
[7.155s] /home/mr-morales/ros2_ws/src/ros2_rover/rover_motor_controller_cpp/include/lx16a/serial.hpp:53:46: error: template argument 1 is invalid
[7.156s]    53 |   std::unique_ptr<boost::asio::deadline_timer> timer;
[7.156s]       |                                              ^
[7.156s] /home/mr-morales/ros2_ws/src/ros2_rover/rover_motor_controller_cpp/include/lx16a/serial.hpp:53:46: error: template argument 2 is invalid
[7.157s] /home/mr-morales/ros2_ws/src/ros2_rover/rover_motor_controller_cpp/src/lx16a/serial.cpp: In constructor 'lx16a::Serial::Serial(std::string, unsigned int)':
[7.157s] /home/mr-morales/ros2_ws/src/ros2_rover/rover_motor_controller_cpp/src/lx16a/serial.cpp:35:52: error: 'io_service' is not a member of 'boost::asio'; did you mean 'use_service'?
[7.157s]    35 |   this->io_service = std::make_unique<boost::asio::io_service>();
[7.157s]       |                                                    ^~~~~~~~~~
[7.157s]       |                                                    use_service
[7.158s] /home/mr-morales/ros2_ws/src/ros2_rover/rover_motor_controller_cpp/src/lx16a/serial.cpp:35:63: error: no matching function for call to 'make_unique<<expression error> >()'
[7.158s]    35 |   this->io_service = std::make_unique<boost::asio::io_service>();
[7.158s]       |                      ~~~~~~~~~~~~~~~~~~~~~~~~~~~~~~~~~~~~~~~~~^~
[7.158s] /home/mr-morales/ros2_ws/src/ros2_rover/rover_motor_controller_cpp/src/lx16a/serial.cpp:35:63: note: there are 3 candidates
[7.160s] In file included from /home/mr-morales/miniforge3/envs/ros2_jazzy/lib/gcc/x86_64-conda-linux-gnu/15.3.0/include/c++/memory:80,
[7.160s]                  from /home/mr-morales/ros2_ws/src/ros2_rover/rover_motor_controller_cpp/src/lx16a/serial.cpp:23:
[7.160s] /home/mr-morales/miniforge3/envs/ros2_jazzy/lib/gcc/x86_64-conda-linux-gnu/15.3.0/include/c++/bits/unique_ptr.h:1102:5: note: candidate 1: 'template<class _Tp, class ... _Args> std::__detail::__unique_ptr_t<_Tp> std::make_unique(_Args&& ...)'
[7.161s]  1102 |     make_unique(_Args&&... __args)
[7.161s]       |     ^~~~~~~~~~~
[7.161s] /home/mr-morales/miniforge3/envs/ros2_jazzy/lib/gcc/x86_64-conda-linux-gnu/15.3.0/include/c++/bits/unique_ptr.h:1102:5: note: template argument deduction/substitution failed:
[7.161s] /home/mr-morales/ros2_ws/src/ros2_rover/rover_motor_controller_cpp/src/lx16a/serial.cpp:35:63: error: template argument 1 is invalid
[7.161s]    35 |   this->io_service = std::make_unique<boost::asio::io_service>();
[7.162s]       |                      ~~~~~~~~~~~~~~~~~~~~~~~~~~~~~~~~~~~~~~~~~^~
[7.162s] /home/mr-morales/miniforge3/envs/ros2_jazzy/lib/gcc/x86_64-conda-linux-gnu/15.3.0/include/c++/bits/unique_ptr.h:1117:5: note: candidate 2: 'template<class _Tp> std::__detail::__unique_ptr_array_t<_Tp> std::make_unique(size_t)'
[7.162s]  1117 |     make_unique(size_t __num)
[7.162s]       |     ^~~~~~~~~~~
[7.162s] /home/mr-morales/miniforge3/envs/ros2_jazzy/lib/gcc/x86_64-conda-linux-gnu/15.3.0/include/c++/bits/unique_ptr.h:1117:5: note: candidate expects 1 argument, 0 provided
[7.162s] /home/mr-morales/miniforge3/envs/ros2_jazzy/lib/gcc/x86_64-conda-linux-gnu/15.3.0/include/c++/bits/unique_ptr.h:1127:5: note: candidate 3: 'template<class _Tp, class ... _Args> std::__detail::__invalid_make_unique_t<_Tp> std::make_unique(_Args&& ...)' (deleted)
[7.163s]  1127 |     make_unique(_Args&&...) = delete;
[7.163s]       |     ^~~~~~~~~~~
[7.163s] /home/mr-morales/miniforge3/envs/ros2_jazzy/lib/gcc/x86_64-conda-linux-gnu/15.3.0/include/c++/bits/unique_ptr.h:1127:5: note: template argument deduction/substitution failed:
[7.163s] /home/mr-morales/ros2_ws/src/ros2_rover/rover_motor_controller_cpp/src/lx16a/serial.cpp:35:63: error: template argument 1 is invalid
[7.164s]    35 |   this->io_service = std::make_unique<boost::asio::io_service>();
[7.164s]       |                      ~~~~~~~~~~~~~~~~~~~~~~~~~~~~~~~~~~~~~~~~~^~
[7.164s] /home/mr-morales/ros2_ws/src/ros2_rover/rover_motor_controller_cpp/src/lx16a/serial.cpp:37:32: error: invalid type argument of unary '*' (have 'int')
[7.164s]    37 |       boost::asio::serial_port(*this->io_service));
[7.164s]       |                                ^~~~~~~~~~~~~~~~~
[7.165s] /home/mr-morales/ros2_ws/src/ros2_rover/rover_motor_controller_cpp/src/lx16a/serial.cpp:39:37: error: 'deadline_timer' is not a member of 'boost::asio'
[7.165s]    39 |       std::make_unique<boost::asio::deadline_timer>(*this->io_service);
[7.165s]       |                                     ^~~~~~~~~~~~~~
[7.165s] /home/mr-morales/ros2_ws/src/ros2_rover/rover_motor_controller_cpp/src/lx16a/serial.cpp:39:53: error: invalid type argument of unary '*' (have 'int')
[7.165s]    39 |       std::make_unique<boost::asio::deadline_timer>(*this->io_service);
[7.166s]       |                                                     ^~~~~~~~~~~~~~~~~
[7.168s] /home/mr-morales/ros2_ws/src/ros2_rover/rover_motor_controller_cpp/src/lx16a/serial.cpp: In member function 'void lx16a::Serial::read_complete(bool&, const boost::system::error_code&, size_t)':
[7.168s] /home/mr-morales/ros2_ws/src/ros2_rover/rover_motor_controller_cpp/src/lx16a/serial.cpp:86:14: error: base operand of '->' is not a pointer
[7.168s]    86 |   this->timer->cancel();
[7.168s]       |              ^~
[7.187s] /home/mr-morales/ros2_ws/src/ros2_rover/rover_motor_controller_cpp/src/lx16a/serial.cpp: In member function 'bool lx16a::Serial::read_with_timeout(unsigned char&, int)':
[7.188s] /home/mr-morales/ros2_ws/src/ros2_rover/rover_motor_controller_cpp/src/lx16a/serial.cpp:115:14: error: base operand of '->' is not a pointer
[7.188s]   115 |   this->timer->expires_from_now(boost::posix_time::seconds(timeout));
[7.188s]       |              ^~
[7.189s] /home/mr-morales/ros2_ws/src/ros2_rover/rover_motor_controller_cpp/src/lx16a/serial.cpp:115:52: error: 'seconds' is not a member of 'boost::posix_time'
[7.189s]   115 |   this->timer->expires_from_now(boost::posix_time::seconds(timeout));
[7.189s]       |                                                    ^~~~~~~
[7.189s] /home/mr-morales/ros2_ws/src/ros2_rover/rover_motor_controller_cpp/src/lx16a/serial.cpp:115:52: note: suggested alternatives:
[7.189s] In file included from /home/mr-morales/miniforge3/envs/ros2_jazzy/lib/gcc/x86_64-conda-linux-gnu/15.3.0/include/c++/mutex:45,
[7.189s]                  from /home/mr-morales/miniforge3/envs/ros2_jazzy/include/boost/system/detail/mutex.hpp:75,
[7.190s]                  from /home/mr-morales/miniforge3/envs/ros2_jazzy/include/boost/system/detail/error_category_impl.hpp:79,
[7.190s]                  from /home/mr-morales/miniforge3/envs/ros2_jazzy/include/boost/system/error_category.hpp:11,
[7.190s]                  from /home/mr-morales/miniforge3/envs/ros2_jazzy/include/boost/system/error_code.hpp:14,
[7.190s]                  from /home/mr-morales/miniforge3/envs/ros2_jazzy/include/boost/asio/detail/throw_error.hpp:20,
[7.190s]                  from /home/mr-morales/miniforge3/envs/ros2_jazzy/include/boost/asio/detail/impl/posix_event.ipp:23,
[7.190s]                  from /home/mr-morales/miniforge3/envs/ros2_jazzy/include/boost/asio/detail/posix_event.hpp:172,
[7.190s]                  from /home/mr-morales/miniforge3/envs/ros2_jazzy/include/boost/asio/detail/event.hpp:25,
[7.190s]                  from /home/mr-morales/miniforge3/envs/ros2_jazzy/include/boost/asio/execution/blocking_adaptation.hpp:19,
[7.190s]                  from /home/mr-morales/miniforge3/envs/ros2_jazzy/include/boost/asio/execution.hpp:22,
[7.190s]                  from /home/mr-morales/miniforge3/envs/ros2_jazzy/include/boost/asio/any_completion_executor.hpp:22,
[7.190s]                  from /home/mr-morales/miniforge3/envs/ros2_jazzy/include/boost/asio.hpp:20,
[7.191s]                  from /home/mr-morales/ros2_ws/src/ros2_rover/rover_motor_controller_cpp/include/lx16a/serial.hpp:28:
[7.191s] /home/mr-morales/miniforge3/envs/ros2_jazzy/lib/gcc/x86_64-conda-linux-gnu/15.3.0/include/c++/bits/chrono.h:901:11: note:   'std::chrono::seconds'
[7.191s]   901 |     using seconds       = duration<_GLIBCXX_CHRONO_INT64_T>;
[7.191s]       |           ^~~~~~~
[7.191s] /home/mr-morales/miniforge3/envs/ros2_jazzy/lib/gcc/x86_64-conda-linux-gnu/15.3.0/include/c++/bits/chrono.h:901:11: note:   'std::chrono::seconds'
[7.191s] /home/mr-morales/ros2_ws/src/ros2_rover/rover_motor_controller_cpp/src/lx16a/serial.cpp:116:14: error: base operand of '->' is not a pointer
[7.191s]   116 |   this->timer->async_wait(
[7.191s]       |              ^~
[7.198s] /home/mr-morales/ros2_ws/src/ros2_rover/rover_motor_controller_cpp/src/lx16a/serial.cpp:120:19: error: base operand of '->' is not a pointer
[7.198s]   120 |   this->io_service->run();
[7.198s]       |                   ^~
[7.198s] /home/mr-morales/ros2_ws/src/ros2_rover/rover_motor_controller_cpp/src/lx16a/serial.cpp:123:19: error: base operand of '->' is not a pointer
[7.199s]   123 |   this->io_service->reset();
[7.199s]       |                   ^~
[7.206s] In file included from /home/mr-morales/miniforge3/envs/ros2_jazzy/include/boost/bind.hpp:30,
[7.207s]                  from /home/mr-morales/ros2_ws/src/ros2_rover/rover_motor_controller_cpp/include/lx16a/serial.hpp:29,
[7.207s]                  from /home/mr-morales/ros2_ws/src/ros2_rover/rover_motor_controller_cpp/include/lx16a/lx16a.hpp:33,
[7.207s]                  from /home/mr-morales/ros2_ws/src/ros2_rover/rover_motor_controller_cpp/src/lx16a/lx16a.cpp:30:
[7.207s] /home/mr-morales/miniforge3/envs/ros2_jazzy/include/boost/bind.hpp:36:1: note: '#pragma message: The practice of declaring the Bind placeholders (_1, _2, ...) in the global namespace is deprecated. Please use <boost/bind/bind.hpp> + using namespace boost::placeholders, or define BOOST_BIND_GLOBAL_PLACEHOLDERS to retain the current behavior.'
[7.207s]    36 | BOOST_PRAGMA_MESSAGE(
[7.207s]       | ^~~~~~~~~~~~~~~~~~~~
[7.207s] /home/mr-morales/ros2_ws/src/ros2_rover/rover_motor_controller_cpp/include/lx16a/serial.hpp:51:32: error: 'io_service' is not a member of 'boost::asio'; did you mean 'use_service'?
[7.208s]    51 |   std::unique_ptr<boost::asio::io_service> io_service;
[7.208s]       |                                ^~~~~~~~~~
[7.208s]       |                                use_service
[7.208s] /home/mr-morales/ros2_ws/src/ros2_rover/rover_motor_controller_cpp/include/lx16a/serial.hpp:51:42: error: template argument 1 is invalid
[7.208s]    51 |   std::unique_ptr<boost::asio::io_service> io_service;
[7.208s]       |                                          ^
[7.208s] /home/mr-morales/ros2_ws/src/ros2_rover/rover_motor_controller_cpp/include/lx16a/serial.hpp:51:42: error: template argument 2 is invalid
[7.224s] /home/mr-morales/ros2_ws/src/ros2_rover/rover_motor_controller_cpp/include/lx16a/serial.hpp:53:32: error: 'deadline_timer' is not a member of 'boost::asio'
[7.224s]    53 |   std::unique_ptr<boost::asio::deadline_timer> timer;
[7.225s]       |                                ^~~~~~~~~~~~~~
[7.225s] /home/mr-morales/ros2_ws/src/ros2_rover/rover_motor_controller_cpp/include/lx16a/serial.hpp:53:46: error: template argument 1 is invalid
[7.225s]    53 |   std::unique_ptr<boost::asio::deadline_timer> timer;
[7.225s]       |                                              ^
[7.225s] /home/mr-morales/ros2_ws/src/ros2_rover/rover_motor_controller_cpp/include/lx16a/serial.hpp:53:46: error: template argument 2 is invalid
[8.082s] gmake[2]: *** [CMakeFiles/controller_node.dir/build.make:107: CMakeFiles/controller_node.dir/src/lx16a/lx16a.cpp.o] Error 1
[8.120s] gmake[2]: *** [CMakeFiles/controller_node.dir/build.make:93: CMakeFiles/controller_node.dir/src/lx16a/serial.cpp.o] Error 1
[8.490s] In file included from /home/mr-morales/ros2_ws/src/ros2_rover/rover_motor_controller_cpp/include/lx16a/lx16a.hpp:33,
[8.490s]                  from /home/mr-morales/ros2_ws/src/ros2_rover/rover_motor_controller_cpp/include/lx16a/motor_controller.hpp:31,
[8.490s]                  from /home/mr-morales/ros2_ws/src/ros2_rover/rover_motor_controller_cpp/src/motor_controller/controller_node.cpp:33:
[8.490s] /home/mr-morales/ros2_ws/src/ros2_rover/rover_motor_controller_cpp/include/lx16a/serial.hpp:51:32: error: 'io_service' is not a member of 'boost::asio'; did you mean 'use_service'?
[8.491s]    51 |   std::unique_ptr<boost::asio::io_service> io_service;
[8.491s]       |                                ^~~~~~~~~~
[8.491s]       |                                use_service
[8.491s] /home/mr-morales/ros2_ws/src/ros2_rover/rover_motor_controller_cpp/include/lx16a/serial.hpp:51:42: error: template argument 1 is invalid
[8.491s]    51 |   std::unique_ptr<boost::asio::io_service> io_service;
[8.491s]       |                                          ^
[8.492s] /home/mr-morales/ros2_ws/src/ros2_rover/rover_motor_controller_cpp/include/lx16a/serial.hpp:51:42: error: template argument 2 is invalid
[8.498s] /home/mr-morales/ros2_ws/src/ros2_rover/rover_motor_controller_cpp/include/lx16a/serial.hpp:53:32: error: 'deadline_timer' is not a member of 'boost::asio'
[8.498s]    53 |   std::unique_ptr<boost::asio::deadline_timer> timer;
[8.498s]       |                                ^~~~~~~~~~~~~~
[8.498s] /home/mr-morales/ros2_ws/src/ros2_rover/rover_motor_controller_cpp/include/lx16a/serial.hpp:53:46: error: template argument 1 is invalid
[8.498s]    53 |   std::unique_ptr<boost::asio::deadline_timer> timer;
[8.499s]       |                                              ^
[8.499s] /home/mr-morales/ros2_ws/src/ros2_rover/rover_motor_controller_cpp/include/lx16a/serial.hpp:53:46: error: template argument 2 is invalid
[8.712s] In file included from /home/mr-morales/miniforge3/envs/ros2_jazzy/include/boost/bind.hpp:30,
[8.712s]                  from /home/mr-morales/ros2_ws/src/ros2_rover/rover_motor_controller_cpp/include/lx16a/serial.hpp:29,
[8.712s]                  from /home/mr-morales/ros2_ws/src/ros2_rover/rover_motor_controller_cpp/include/lx16a/lx16a.hpp:33,
[8.713s]                  from /home/mr-morales/ros2_ws/src/ros2_rover/rover_motor_controller_cpp/include/lx16a/motor_controller.hpp:31,
[8.713s]                  from /home/mr-morales/ros2_ws/src/ros2_rover/rover_motor_controller_cpp/include/motor_controller/controller_node.hpp:30,
[8.713s]                  from /home/mr-morales/ros2_ws/src/ros2_rover/rover_motor_controller_cpp/src/controller_node_main.cpp:25:
[8.713s] /home/mr-morales/miniforge3/envs/ros2_jazzy/include/boost/bind.hpp:36:1: note: '#pragma message: The practice of declaring the Bind placeholders (_1, _2, ...) in the global namespace is deprecated. Please use <boost/bind/bind.hpp> + using namespace boost::placeholders, or define BOOST_BIND_GLOBAL_PLACEHOLDERS to retain the current behavior.'
[8.713s]    36 | BOOST_PRAGMA_MESSAGE(
[8.714s]       | ^~~~~~~~~~~~~~~~~~~~
[8.714s] /home/mr-morales/ros2_ws/src/ros2_rover/rover_motor_controller_cpp/include/lx16a/serial.hpp:51:32: error: 'io_service' is not a member of 'boost::asio'; did you mean 'use_service'?
[8.714s]    51 |   std::unique_ptr<boost::asio::io_service> io_service;
[8.715s]       |                                ^~~~~~~~~~
[8.715s]       |                                use_service
[8.715s] /home/mr-morales/ros2_ws/src/ros2_rover/rover_motor_controller_cpp/include/lx16a/serial.hpp:51:42: error: template argument 1 is invalid
[8.715s]    51 |   std::unique_ptr<boost::asio::io_service> io_service;
[8.715s]       |                                          ^
[8.715s] /home/mr-morales/ros2_ws/src/ros2_rover/rover_motor_controller_cpp/include/lx16a/serial.hpp:51:42: error: template argument 2 is invalid
[8.730s] /home/mr-morales/ros2_ws/src/ros2_rover/rover_motor_controller_cpp/include/lx16a/serial.hpp:53:32: error: 'deadline_timer' is not a member of 'boost::asio'
[8.731s]    53 |   std::unique_ptr<boost::asio::deadline_timer> timer;
[8.731s]       |                                ^~~~~~~~~~~~~~
[8.731s] /home/mr-morales/ros2_ws/src/ros2_rover/rover_motor_controller_cpp/include/lx16a/serial.hpp:53:46: error: template argument 1 is invalid
[8.731s]    53 |   std::unique_ptr<boost::asio::deadline_timer> timer;
[8.731s]       |                                              ^
[8.732s] /home/mr-morales/ros2_ws/src/ros2_rover/rover_motor_controller_cpp/include/lx16a/serial.hpp:53:46: error: template argument 2 is invalid
[10.540s] gmake[2]: *** [CMakeFiles/controller_node.dir/build.make:79: CMakeFiles/controller_node.dir/src/controller_node_main.cpp.o] Error 1
[11.435s] gmake[2]: *** [CMakeFiles/controller_node.dir/build.make:135: CMakeFiles/controller_node.dir/src/motor_controller/controller_node.cpp.o] Error 1
[11.436s] gmake[1]: *** [CMakeFiles/Makefile2:156: CMakeFiles/controller_node.dir/all] Error 2
[11.436s] gmake[1]: ** Esperando que outros processos terminem.
[16.820s] [ 88%] Linking CXX executable vel_parser_node
[17.254s] [ 88%] Built target vel_parser_node
[17.255s] gmake: *** [Makefile:146: all] Error 2
[17.258s] Invoked command in '/home/mr-morales/ros2_ws/build/rover_motor_controller_cpp' returned '2': AMENT_PREFIX_PATH=/home/mr-morales/ros2_ws/install/rover_msgs:${AMENT_PREFIX_PATH} CMAKE_PREFIX_PATH=/home/mr-morales/ros2_ws/install/rover_msgs:/home/mr-morales/miniforge3/envs/ros2_jazzy CONDA_PROMPT_MODIFIER=(ros2_jazzy) LD_LIBRARY_PATH=/home/mr-morales/ros2_ws/install/rover_msgs/lib:${LD_LIBRARY_PATH} PYTHONPATH=/home/mr-morales/ros2_ws/install/rover_msgs/lib/python3.12/site-packages:${PYTHONPATH} /home/mr-morales/miniforge3/envs/ros2_jazzy/bin/cmake --build /home/mr-morales/ros2_ws/build/rover_motor_controller_cpp -- -j12 -l12
