-- The C compiler identification is GNU 15.3.0
-- The CXX compiler identification is GNU 15.3.0
-- Detecting C compiler ABI info
-- Detecting C compiler ABI info - done
-- Check for working C compiler: /home/mr-morales/miniforge3/envs/ros2_jazzy/bin/cc - skipped
-- Detecting C compile features
-- Detecting C compile features - done
-- Detecting CXX compiler ABI info
-- Detecting CXX compiler ABI info - done
-- Check for working CXX compiler: /home/mr-morales/miniforge3/envs/ros2_jazzy/bin/c++ - skipped
-- Detecting CXX compile features
-- Detecting CXX compile features - done
-- Found ament_cmake: 2.5.6 (/home/mr-morales/miniforge3/envs/ros2_jazzy/share/ament_cmake/cmake)
-- Found Python3: /home/mr-morales/miniforge3/envs/ros2_jazzy/bin/python3 (found version "3.12.14") found components: Interpreter
-- Override CMake install command with custom implementation using symlinks instead of copying resources
-- Found builtin_interfaces: 2.0.4 (/home/mr-morales/miniforge3/envs/ros2_jazzy/share/builtin_interfaces/cmake)
-- Found rosidl_generator_c: 4.6.9 (/home/mr-morales/miniforge3/envs/ros2_jazzy/share/rosidl_generator_c/cmake)
-- Found rosidl_generator_cpp: 4.6.9 (/home/mr-morales/miniforge3/envs/ros2_jazzy/share/rosidl_generator_cpp/cmake)
-- Using all available rosidl_typesupport_c: rosidl_typesupport_fastrtps_c;rosidl_typesupport_introspection_c
-- Using all available rosidl_typesupport_cpp: rosidl_typesupport_fastrtps_cpp;rosidl_typesupport_introspection_cpp
-- Found rosidl_default_generators: 1.6.1 (/home/mr-morales/miniforge3/envs/ros2_jazzy/share/rosidl_default_generators/cmake)
-- Found rosidl_adapter: 4.6.9 (/home/mr-morales/miniforge3/envs/ros2_jazzy/share/rosidl_adapter/cmake)
-- Found std_msgs: 5.3.8 (/home/mr-morales/miniforge3/envs/ros2_jazzy/share/std_msgs/cmake)
-- Found ament_cmake_cppcheck: 0.17.5 (/home/mr-morales/miniforge3/envs/ros2_jazzy/share/ament_cmake_cppcheck/cmake)
-- Found ament_cmake_cpplint: 0.17.5 (/home/mr-morales/miniforge3/envs/ros2_jazzy/share/ament_cmake_cpplint/cmake)
-- Found ament_cmake_uncrustify: 0.17.5 (/home/mr-morales/miniforge3/envs/ros2_jazzy/share/ament_cmake_uncrustify/cmake)
-- Found ament_cmake_ros: 0.12.1 (/home/mr-morales/miniforge3/envs/ros2_jazzy/share/ament_cmake_ros/cmake)
-- Using all available rosidl_typesupport_c: rosidl_typesupport_fastrtps_c;rosidl_typesupport_introspection_c
-- Using all available rosidl_typesupport_cpp: rosidl_typesupport_fastrtps_cpp;rosidl_typesupport_introspection_cpp
-- Found python_cmake_module: 0.11.1 (/home/mr-morales/miniforge3/envs/ros2_jazzy/share/python_cmake_module/cmake)
-- Found PythonExtra: /home/mr-morales/miniforge3/envs/ros2_jazzy/bin/python3
-- Found Python3: /home/mr-morales/miniforge3/envs/ros2_jazzy/bin/python3 (found version "3.12.14") found components: Interpreter Development NumPy Development.Module Development.Embed
-- Found ament_cmake_flake8: 0.17.5 (/home/mr-morales/miniforge3/envs/ros2_jazzy/share/ament_cmake_flake8/cmake)
-- Found ament_cmake_pep257: 0.17.5 (/home/mr-morales/miniforge3/envs/ros2_jazzy/share/ament_cmake_pep257/cmake)
-- Found Python3: /home/mr-morales/miniforge3/envs/ros2_jazzy/bin/python3 (found version "3.12.14") found components: Interpreter
-- Configuring done (6.0s)
-- Generating done (0.1s)
-- Build files have been written to: /home/mr-morales/ros2_ws/build/urg_node_msgs
[  2%] Generating type hashes for ROS interfaces
[  5%] Generating Rust code for ROS interfaces
[  5%] Built target ament_cmake_python_symlink_urg_node_msgs
[  5%] Built target urg_node_msgs__rosidl_generator_type_description
[  8%] Generating C code for ROS interfaces
[ 11%] Generating C++ code for ROS interfaces
[ 11%] Built target urg_node_msgs__rs
running egg_info
creating urg_node_msgs.egg-info
writing urg_node_msgs.egg-info/PKG-INFO
writing dependency_links to urg_node_msgs.egg-info/dependency_links.txt
writing top-level names to urg_node_msgs.egg-info/top_level.txt
writing manifest file 'urg_node_msgs.egg-info/SOURCES.txt'
reading manifest file 'urg_node_msgs.egg-info/SOURCES.txt'
writing manifest file 'urg_node_msgs.egg-info/SOURCES.txt'
[ 11%] Built target urg_node_msgs__cpp
[ 11%] Built target ament_cmake_python_build_urg_node_msgs_egg
[ 14%] Building C object CMakeFiles/urg_node_msgs__rosidl_generator_c.dir/rosidl_generator_c/urg_node_msgs/msg/detail/status__description.c.o
[ 17%] Building C object CMakeFiles/urg_node_msgs__rosidl_generator_c.dir/rosidl_generator_c/urg_node_msgs/msg/detail/status__type_support.c.o
[ 20%] Building C object CMakeFiles/urg_node_msgs__rosidl_generator_c.dir/rosidl_generator_c/urg_node_msgs/msg/detail/status__functions.c.o
[ 22%] Linking C shared library liburg_node_msgs__rosidl_generator_c.so
[ 22%] Built target urg_node_msgs__rosidl_generator_c
[ 25%] Generating C++ introspection for ROS interfaces
[ 28%] Generating C introspection for ROS interfaces
[ 31%] Generating C type support dispatch for ROS interfaces
[ 37%] Generating C++ type support for eProsima Fast-RTPS
[ 37%] Generating C++ type support dispatch for ROS interfaces
[ 40%] Generating C type support for eProsima Fast-RTPS
[ 42%] Building CXX object CMakeFiles/urg_node_msgs__rosidl_typesupport_introspection_cpp.dir/rosidl_typesupport_introspection_cpp/urg_node_msgs/msg/detail/status__type_support.cpp.o
[ 45%] Building C object CMakeFiles/urg_node_msgs__rosidl_typesupport_introspection_c.dir/rosidl_typesupport_introspection_c/urg_node_msgs/msg/detail/status__type_support.c.o
[ 48%] Linking C shared library liburg_node_msgs__rosidl_typesupport_introspection_c.so
[ 48%] Built target urg_node_msgs__rosidl_typesupport_introspection_c
[ 51%] Building CXX object CMakeFiles/urg_node_msgs__rosidl_typesupport_fastrtps_c.dir/rosidl_typesupport_fastrtps_c/urg_node_msgs/msg/detail/status__type_support_c.cpp.o
[ 54%] Building CXX object CMakeFiles/urg_node_msgs__rosidl_typesupport_c.dir/rosidl_typesupport_c/urg_node_msgs/msg/status__type_support.cpp.o
[ 57%] Building CXX object CMakeFiles/urg_node_msgs__rosidl_typesupport_cpp.dir/rosidl_typesupport_cpp/urg_node_msgs/msg/status__type_support.cpp.o
[ 60%] Linking CXX shared library liburg_node_msgs__rosidl_typesupport_c.so
[ 62%] Building CXX object CMakeFiles/urg_node_msgs__rosidl_typesupport_fastrtps_cpp.dir/rosidl_typesupport_fastrtps_cpp/urg_node_msgs/msg/detail/dds_fastrtps/status__type_support.cpp.o
[ 65%] Linking CXX shared library liburg_node_msgs__rosidl_typesupport_introspection_cpp.so
[ 65%] Built target urg_node_msgs__rosidl_typesupport_c
[ 65%] Built target urg_node_msgs__rosidl_typesupport_introspection_cpp
[ 68%] Linking CXX shared library liburg_node_msgs__rosidl_typesupport_fastrtps_c.so
[ 71%] Linking CXX shared library liburg_node_msgs__rosidl_typesupport_cpp.so
[ 74%] Linking CXX shared library liburg_node_msgs__rosidl_typesupport_fastrtps_cpp.so
[ 74%] Built target urg_node_msgs__rosidl_typesupport_fastrtps_c
[ 74%] Built target urg_node_msgs__rosidl_typesupport_fastrtps_cpp
[ 74%] Built target urg_node_msgs__rosidl_typesupport_cpp
[ 74%] Built target urg_node_msgs
[ 77%] Generating Python code for ROS interfaces
[ 77%] Built target urg_node_msgs__py
[ 80%] Building C object CMakeFiles/urg_node_msgs__rosidl_generator_py.dir/rosidl_generator_py/urg_node_msgs/msg/_status_s.c.o
[ 82%] Linking C shared library liburg_node_msgs__rosidl_generator_py.so
[ 82%] Built target urg_node_msgs__rosidl_generator_py
[ 85%] Building C object CMakeFiles/urg_node_msgs_s__rosidl_typesupport_introspection_c.dir/rosidl_generator_py/urg_node_msgs/_urg_node_msgs_s.ep.rosidl_typesupport_introspection_c.c.o
[ 88%] Building C object CMakeFiles/urg_node_msgs_s__rosidl_typesupport_c.dir/rosidl_generator_py/urg_node_msgs/_urg_node_msgs_s.ep.rosidl_typesupport_c.c.o
[ 91%] Building C object CMakeFiles/urg_node_msgs_s__rosidl_typesupport_fastrtps_c.dir/rosidl_generator_py/urg_node_msgs/_urg_node_msgs_s.ep.rosidl_typesupport_fastrtps_c.c.o
[ 94%] Linking C shared module rosidl_generator_py/urg_node_msgs/urg_node_msgs_s__rosidl_typesupport_fastrtps_c.so
[ 97%] Linking C shared module rosidl_generator_py/urg_node_msgs/urg_node_msgs_s__rosidl_typesupport_introspection_c.so
[ 97%] Built target urg_node_msgs_s__rosidl_typesupport_fastrtps_c
[100%] Linking C shared module rosidl_generator_py/urg_node_msgs/urg_node_msgs_s__rosidl_typesupport_c.so
[100%] Built target urg_node_msgs_s__rosidl_typesupport_introspection_c
[100%] Built target urg_node_msgs_s__rosidl_typesupport_c
-- Install configuration: ""
-- Execute custom install script
-- Symlinking: /home/mr-morales/ros2_ws/install/urg_node_msgs/share/ament_index/resource_index/rosidl_interfaces/urg_node_msgs
-- Symlinking: /home/mr-morales/ros2_ws/install/urg_node_msgs/share/urg_node_msgs/msg/Status.json
-- Symlinking: /home/mr-morales/ros2_ws/install/urg_node_msgs/include/urg_node_msgs/urg_node_msgs/msg/detail/status__functions.h
-- Symlinking: /home/mr-morales/ros2_ws/install/urg_node_msgs/include/urg_node_msgs/urg_node_msgs/msg/detail/status__struct.h
-- Symlinking: /home/mr-morales/ros2_ws/install/urg_node_msgs/include/urg_node_msgs/urg_node_msgs/msg/detail/status__type_support.h
-- Symlinking: /home/mr-morales/ros2_ws/install/urg_node_msgs/include/urg_node_msgs/urg_node_msgs/msg/rosidl_generator_c__visibility_control.h
-- Symlinking: /home/mr-morales/ros2_ws/install/urg_node_msgs/include/urg_node_msgs/urg_node_msgs/msg/status.h
-- Symlinking: /home/mr-morales/ros2_ws/install/urg_node_msgs/include/urg_node_msgs/urg_node_msgs/msg/detail/status__rosidl_typesupport_fastrtps_c.h
-- Symlinking: /home/mr-morales/ros2_ws/install/urg_node_msgs/include/urg_node_msgs/urg_node_msgs/msg/rosidl_typesupport_fastrtps_c__visibility_control.h
-- Symlinking: /home/mr-morales/ros2_ws/install/urg_node_msgs/include/urg_node_msgs/urg_node_msgs/msg/detail/status__builder.hpp
-- Symlinking: /home/mr-morales/ros2_ws/install/urg_node_msgs/include/urg_node_msgs/urg_node_msgs/msg/detail/status__struct.hpp
-- Symlinking: /home/mr-morales/ros2_ws/install/urg_node_msgs/include/urg_node_msgs/urg_node_msgs/msg/detail/status__traits.hpp
-- Symlinking: /home/mr-morales/ros2_ws/install/urg_node_msgs/include/urg_node_msgs/urg_node_msgs/msg/detail/status__type_support.hpp
-- Symlinking: /home/mr-morales/ros2_ws/install/urg_node_msgs/include/urg_node_msgs/urg_node_msgs/msg/rosidl_generator_cpp__visibility_control.hpp
-- Symlinking: /home/mr-morales/ros2_ws/install/urg_node_msgs/include/urg_node_msgs/urg_node_msgs/msg/status.hpp
-- Symlinking: /home/mr-morales/ros2_ws/install/urg_node_msgs/include/urg_node_msgs/urg_node_msgs/msg/detail/status__rosidl_typesupport_fastrtps_cpp.hpp
-- Symlinking: /home/mr-morales/ros2_ws/install/urg_node_msgs/include/urg_node_msgs/urg_node_msgs/msg/rosidl_typesupport_fastrtps_cpp__visibility_control.h
-- Symlinking: /home/mr-morales/ros2_ws/install/urg_node_msgs/include/urg_node_msgs/urg_node_msgs/msg/detail/status__rosidl_typesupport_introspection_c.h
-- Symlinking: /home/mr-morales/ros2_ws/install/urg_node_msgs/include/urg_node_msgs/urg_node_msgs/msg/rosidl_typesupport_introspection_c__visibility_control.h
-- Symlinking: /home/mr-morales/ros2_ws/install/urg_node_msgs/include/urg_node_msgs/urg_node_msgs/msg/detail/status__rosidl_typesupport_introspection_cpp.hpp
-- Symlinking: /home/mr-morales/ros2_ws/install/urg_node_msgs/share/urg_node_msgs/environment/pythonpath.sh
-- Symlinking: /home/mr-morales/ros2_ws/install/urg_node_msgs/share/urg_node_msgs/environment/pythonpath.dsv
-- Symlinking: /home/mr-morales/ros2_ws/install/urg_node_msgs/lib/python3.12/site-packages/urg_node_msgs-1.1.0-py3.12.egg-info/PKG-INFO
-- Symlinking: /home/mr-morales/ros2_ws/install/urg_node_msgs/lib/python3.12/site-packages/urg_node_msgs-1.1.0-py3.12.egg-info/SOURCES.txt
-- Symlinking: /home/mr-morales/ros2_ws/install/urg_node_msgs/lib/python3.12/site-packages/urg_node_msgs-1.1.0-py3.12.egg-info/dependency_links.txt
-- Symlinking: /home/mr-morales/ros2_ws/install/urg_node_msgs/lib/python3.12/site-packages/urg_node_msgs-1.1.0-py3.12.egg-info/top_level.txt
-- Symlinking: /home/mr-morales/ros2_ws/install/urg_node_msgs/lib/python3.12/site-packages/urg_node_msgs/__init__.py
-- Symlinking: /home/mr-morales/ros2_ws/install/urg_node_msgs/lib/python3.12/site-packages/urg_node_msgs/_urg_node_msgs_s.ep.rosidl_typesupport_c.c
-- Symlinking: /home/mr-morales/ros2_ws/install/urg_node_msgs/lib/python3.12/site-packages/urg_node_msgs/_urg_node_msgs_s.ep.rosidl_typesupport_fastrtps_c.c
-- Symlinking: /home/mr-morales/ros2_ws/install/urg_node_msgs/lib/python3.12/site-packages/urg_node_msgs/_urg_node_msgs_s.ep.rosidl_typesupport_introspection_c.c
-- Symlinking: /home/mr-morales/ros2_ws/install/urg_node_msgs/lib/python3.12/site-packages/urg_node_msgs/msg/__init__.py
-- Symlinking: /home/mr-morales/ros2_ws/install/urg_node_msgs/lib/python3.12/site-packages/urg_node_msgs/msg/_status.py
-- Symlinking: /home/mr-morales/ros2_ws/install/urg_node_msgs/lib/python3.12/site-packages/urg_node_msgs/msg/_status_s.c
-- Symlinking: /home/mr-morales/ros2_ws/install/urg_node_msgs/lib/python3.12/site-packages/urg_node_msgs/urg_node_msgs_s__rosidl_typesupport_c.so
-- Symlinking: /home/mr-morales/ros2_ws/install/urg_node_msgs/lib/python3.12/site-packages/urg_node_msgs/urg_node_msgs_s__rosidl_typesupport_fastrtps_c.so
-- Symlinking: /home/mr-morales/ros2_ws/install/urg_node_msgs/lib/python3.12/site-packages/urg_node_msgs/urg_node_msgs_s__rosidl_typesupport_introspection_c.so
-- Up-to-date symlink: /home/mr-morales/ros2_ws/install/urg_node_msgs/lib/python3.12/site-packages/urg_node_msgs/urg_node_msgs_s__rosidl_typesupport_fastrtps_c.so
-- Up-to-date symlink: /home/mr-morales/ros2_ws/install/urg_node_msgs/lib/python3.12/site-packages/urg_node_msgs/urg_node_msgs_s__rosidl_typesupport_introspection_c.so
-- Up-to-date symlink: /home/mr-morales/ros2_ws/install/urg_node_msgs/lib/python3.12/site-packages/urg_node_msgs/urg_node_msgs_s__rosidl_typesupport_c.so
-- Symlinking: /home/mr-morales/ros2_ws/install/urg_node_msgs/share/urg_node_msgs/rust/Cargo.toml
-- Symlinking: /home/mr-morales/ros2_ws/install/urg_node_msgs/share/urg_node_msgs/rust/build.rs
-- Symlinking: /home/mr-morales/ros2_ws/install/urg_node_msgs/share/urg_node_msgs/rust/src/lib.rs
-- Symlinking: /home/mr-morales/ros2_ws/install/urg_node_msgs/share/urg_node_msgs/rust/src/msg.rs
-- Symlinking: /home/mr-morales/ros2_ws/install/urg_node_msgs/share/urg_node_msgs/rust/src/msg/rmw.rs
-- Symlinking: /home/mr-morales/ros2_ws/install/urg_node_msgs/share/urg_node_msgs/msg/Status.idl
-- Symlinking: /home/mr-morales/ros2_ws/install/urg_node_msgs/share/urg_node_msgs/msg/Status.msg
-- Symlinking: /home/mr-morales/ros2_ws/install/urg_node_msgs/share/urg_node_msgs/mapping_rules.yaml
-- Symlinking: /home/mr-morales/ros2_ws/install/urg_node_msgs/share/ament_index/resource_index/package_run_dependencies/urg_node_msgs
-- Symlinking: /home/mr-morales/ros2_ws/install/urg_node_msgs/share/ament_index/resource_index/parent_prefix_path/urg_node_msgs
-- Symlinking: /home/mr-morales/ros2_ws/install/urg_node_msgs/share/urg_node_msgs/environment/ament_prefix_path.sh
-- Symlinking: /home/mr-morales/ros2_ws/install/urg_node_msgs/share/urg_node_msgs/environment/ament_prefix_path.dsv
-- Symlinking: /home/mr-morales/ros2_ws/install/urg_node_msgs/share/urg_node_msgs/environment/path.sh
-- Symlinking: /home/mr-morales/ros2_ws/install/urg_node_msgs/share/urg_node_msgs/environment/path.dsv
-- Symlinking: /home/mr-morales/ros2_ws/install/urg_node_msgs/share/urg_node_msgs/local_setup.bash
-- Symlinking: /home/mr-morales/ros2_ws/install/urg_node_msgs/share/urg_node_msgs/local_setup.sh
-- Symlinking: /home/mr-morales/ros2_ws/install/urg_node_msgs/share/urg_node_msgs/local_setup.zsh
-- Symlinking: /home/mr-morales/ros2_ws/install/urg_node_msgs/share/urg_node_msgs/local_setup.dsv
-- Symlinking: /home/mr-morales/ros2_ws/install/urg_node_msgs/share/urg_node_msgs/package.dsv
-- Symlinking: /home/mr-morales/ros2_ws/install/urg_node_msgs/share/ament_index/resource_index/packages/urg_node_msgs
-- Symlinking: /home/mr-morales/ros2_ws/install/urg_node_msgs/share/urg_node_msgs/cmake/rosidl_cmake-extras.cmake
-- Symlinking: /home/mr-morales/ros2_ws/install/urg_node_msgs/share/urg_node_msgs/cmake/ament_cmake_export_dependencies-extras.cmake
-- Symlinking: /home/mr-morales/ros2_ws/install/urg_node_msgs/share/urg_node_msgs/cmake/ament_cmake_export_include_directories-extras.cmake
-- Symlinking: /home/mr-morales/ros2_ws/install/urg_node_msgs/share/urg_node_msgs/cmake/ament_cmake_export_libraries-extras.cmake
-- Symlinking: /home/mr-morales/ros2_ws/install/urg_node_msgs/share/urg_node_msgs/cmake/ament_cmake_export_targets-extras.cmake
-- Symlinking: /home/mr-morales/ros2_ws/install/urg_node_msgs/share/urg_node_msgs/cmake/rosidl_cmake_export_typesupport_targets-extras.cmake
-- Symlinking: /home/mr-morales/ros2_ws/install/urg_node_msgs/share/urg_node_msgs/cmake/rosidl_cmake_export_typesupport_libraries-extras.cmake
-- Symlinking: /home/mr-morales/ros2_ws/install/urg_node_msgs/share/urg_node_msgs/cmake/rosidl_cmake_aggregate_target-extras.cmake
-- Symlinking: /home/mr-morales/ros2_ws/install/urg_node_msgs/share/urg_node_msgs/cmake/urg_node_msgsConfig.cmake
-- Symlinking: /home/mr-morales/ros2_ws/install/urg_node_msgs/share/urg_node_msgs/cmake/urg_node_msgsConfig-version.cmake
-- Symlinking: /home/mr-morales/ros2_ws/install/urg_node_msgs/share/urg_node_msgs/package.xml
-- Installing: /home/mr-morales/ros2_ws/install/urg_node_msgs/lib/liburg_node_msgs__rosidl_generator_c.so
-- Installing: /home/mr-morales/ros2_ws/install/urg_node_msgs/lib/liburg_node_msgs__rosidl_typesupport_fastrtps_c.so
-- Set non-toolchain portion of runtime path of "/home/mr-morales/ros2_ws/install/urg_node_msgs/lib/liburg_node_msgs__rosidl_typesupport_fastrtps_c.so" to ""
-- Installing: /home/mr-morales/ros2_ws/install/urg_node_msgs/lib/liburg_node_msgs__rosidl_typesupport_fastrtps_cpp.so
-- Set non-toolchain portion of runtime path of "/home/mr-morales/ros2_ws/install/urg_node_msgs/lib/liburg_node_msgs__rosidl_typesupport_fastrtps_cpp.so" to ""
-- Installing: /home/mr-morales/ros2_ws/install/urg_node_msgs/lib/liburg_node_msgs__rosidl_typesupport_introspection_c.so
-- Set non-toolchain portion of runtime path of "/home/mr-morales/ros2_ws/install/urg_node_msgs/lib/liburg_node_msgs__rosidl_typesupport_introspection_c.so" to ""
-- Installing: /home/mr-morales/ros2_ws/install/urg_node_msgs/lib/liburg_node_msgs__rosidl_typesupport_c.so
-- Set non-toolchain portion of runtime path of "/home/mr-morales/ros2_ws/install/urg_node_msgs/lib/liburg_node_msgs__rosidl_typesupport_c.so" to ""
-- Installing: /home/mr-morales/ros2_ws/install/urg_node_msgs/lib/liburg_node_msgs__rosidl_typesupport_introspection_cpp.so
-- Set non-toolchain portion of runtime path of "/home/mr-morales/ros2_ws/install/urg_node_msgs/lib/liburg_node_msgs__rosidl_typesupport_introspection_cpp.so" to ""
-- Installing: /home/mr-morales/ros2_ws/install/urg_node_msgs/lib/liburg_node_msgs__rosidl_typesupport_cpp.so
-- Set non-toolchain portion of runtime path of "/home/mr-morales/ros2_ws/install/urg_node_msgs/lib/liburg_node_msgs__rosidl_typesupport_cpp.so" to ""
Listing '/home/mr-morales/ros2_ws/install/urg_node_msgs/lib/python3.12/site-packages/urg_node_msgs'...
Compiling '/home/mr-morales/ros2_ws/install/urg_node_msgs/lib/python3.12/site-packages/urg_node_msgs/__init__.py'...
Listing '/home/mr-morales/ros2_ws/install/urg_node_msgs/lib/python3.12/site-packages/urg_node_msgs/msg'...
Compiling '/home/mr-morales/ros2_ws/install/urg_node_msgs/lib/python3.12/site-packages/urg_node_msgs/msg/__init__.py'...
Compiling '/home/mr-morales/ros2_ws/install/urg_node_msgs/lib/python3.12/site-packages/urg_node_msgs/msg/_status.py'...
-- Installing: /home/mr-morales/ros2_ws/install/urg_node_msgs/lib/liburg_node_msgs__rosidl_generator_py.so
-- Set non-toolchain portion of runtime path of "/home/mr-morales/ros2_ws/install/urg_node_msgs/lib/liburg_node_msgs__rosidl_generator_py.so" to ""
-- Installing: /home/mr-morales/ros2_ws/install/urg_node_msgs/share/urg_node_msgs/cmake/export_urg_node_msgs__rosidl_generator_cExport.cmake
-- Installing: /home/mr-morales/ros2_ws/install/urg_node_msgs/share/urg_node_msgs/cmake/export_urg_node_msgs__rosidl_generator_cExport-noconfig.cmake
-- Installing: /home/mr-morales/ros2_ws/install/urg_node_msgs/share/urg_node_msgs/cmake/export_urg_node_msgs__rosidl_typesupport_fastrtps_cExport.cmake
-- Installing: /home/mr-morales/ros2_ws/install/urg_node_msgs/share/urg_node_msgs/cmake/export_urg_node_msgs__rosidl_typesupport_fastrtps_cExport-noconfig.cmake
-- Installing: /home/mr-morales/ros2_ws/install/urg_node_msgs/share/urg_node_msgs/cmake/export_urg_node_msgs__rosidl_generator_cppExport.cmake
-- Installing: /home/mr-morales/ros2_ws/install/urg_node_msgs/share/urg_node_msgs/cmake/export_urg_node_msgs__rosidl_typesupport_fastrtps_cppExport.cmake
-- Installing: /home/mr-morales/ros2_ws/install/urg_node_msgs/share/urg_node_msgs/cmake/export_urg_node_msgs__rosidl_typesupport_fastrtps_cppExport-noconfig.cmake
-- Installing: /home/mr-morales/ros2_ws/install/urg_node_msgs/share/urg_node_msgs/cmake/urg_node_msgs__rosidl_typesupport_introspection_cExport.cmake
-- Installing: /home/mr-morales/ros2_ws/install/urg_node_msgs/share/urg_node_msgs/cmake/urg_node_msgs__rosidl_typesupport_introspection_cExport-noconfig.cmake
-- Installing: /home/mr-morales/ros2_ws/install/urg_node_msgs/share/urg_node_msgs/cmake/urg_node_msgs__rosidl_typesupport_cExport.cmake
-- Installing: /home/mr-morales/ros2_ws/install/urg_node_msgs/share/urg_node_msgs/cmake/urg_node_msgs__rosidl_typesupport_cExport-noconfig.cmake
-- Installing: /home/mr-morales/ros2_ws/install/urg_node_msgs/share/urg_node_msgs/cmake/urg_node_msgs__rosidl_typesupport_introspection_cppExport.cmake
-- Installing: /home/mr-morales/ros2_ws/install/urg_node_msgs/share/urg_node_msgs/cmake/urg_node_msgs__rosidl_typesupport_introspection_cppExport-noconfig.cmake
-- Installing: /home/mr-morales/ros2_ws/install/urg_node_msgs/share/urg_node_msgs/cmake/urg_node_msgs__rosidl_typesupport_cppExport.cmake
-- Installing: /home/mr-morales/ros2_ws/install/urg_node_msgs/share/urg_node_msgs/cmake/urg_node_msgs__rosidl_typesupport_cppExport-noconfig.cmake
-- Installing: /home/mr-morales/ros2_ws/install/urg_node_msgs/share/urg_node_msgs/cmake/export_urg_node_msgs__rosidl_generator_pyExport.cmake
-- Installing: /home/mr-morales/ros2_ws/install/urg_node_msgs/share/urg_node_msgs/cmake/export_urg_node_msgs__rosidl_generator_pyExport-noconfig.cmake
