[0.012s] Invoking command in '/home/mr-morales/ros2_ws/build/urg_node_msgs': CMAKE_PREFIX_PATH=/home/mr-morales/miniforge3/envs/ros2_jazzy CONDA_PROMPT_MODIFIER=(ros2_jazzy) /home/mr-morales/miniforge3/envs/ros2_jazzy/bin/cmake /home/mr-morales/ros2_ws/src/urg_node_msgs -DAMENT_CMAKE_SYMLINK_INSTALL=1 -DCMAKE_INSTALL_PREFIX=/home/mr-morales/ros2_ws/install/urg_node_msgs
[0.020s] CMake Warning (deprecated) at CMakeLists.txt:1 (cmake_minimum_required):
[0.020s]   Compatibility with CMake < 3.10 will be removed from a future version of
[0.020s]   CMake.
[0.021s] 
[0.021s]   Update the VERSION argument <min> value.  Or, use the <min>...<max> syntax
[0.021s]   to tell CMake that the project requires at least <min> but has been updated
[0.021s]   to work with policies introduced by <max> or earlier.
[0.021s] This warning is for project developers.  Use -Wno-author or -Wno-deprecated
[0.021s] to suppress it.
[0.021s] 
[0.113s] -- The C compiler identification is GNU 15.3.0
[0.286s] -- The CXX compiler identification is GNU 15.3.0
[0.304s] -- Detecting C compiler ABI info
[0.449s] -- Detecting C compiler ABI info - done
[0.477s] -- Check for working C compiler: /home/mr-morales/miniforge3/envs/ros2_jazzy/bin/cc - skipped
[0.478s] -- Detecting C compile features
[0.479s] -- Detecting C compile features - done
[0.504s] -- Detecting CXX compiler ABI info
[0.716s] -- Detecting CXX compiler ABI info - done
[0.758s] -- Check for working CXX compiler: /home/mr-morales/miniforge3/envs/ros2_jazzy/bin/c++ - skipped
[0.759s] -- Detecting CXX compile features
[0.760s] -- Detecting CXX compile features - done
[0.780s] -- Found ament_cmake: 2.5.6 (/home/mr-morales/miniforge3/envs/ros2_jazzy/share/ament_cmake/cmake)
[1.042s] -- Found Python3: /home/mr-morales/miniforge3/envs/ros2_jazzy/bin/python3 (found version "3.12.14") found components: Interpreter
[1.153s] -- Override CMake install command with custom implementation using symlinks instead of copying resources
[1.253s] -- Found builtin_interfaces: 2.0.4 (/home/mr-morales/miniforge3/envs/ros2_jazzy/share/builtin_interfaces/cmake)
[1.328s] -- Found rosidl_generator_c: 4.6.9 (/home/mr-morales/miniforge3/envs/ros2_jazzy/share/rosidl_generator_c/cmake)
[1.358s] -- Found rosidl_generator_cpp: 4.6.9 (/home/mr-morales/miniforge3/envs/ros2_jazzy/share/rosidl_generator_cpp/cmake)
[1.391s] -- Using all available rosidl_typesupport_c: rosidl_typesupport_fastrtps_c;rosidl_typesupport_introspection_c
[1.429s] -- Using all available rosidl_typesupport_cpp: rosidl_typesupport_fastrtps_cpp;rosidl_typesupport_introspection_cpp
[1.466s] -- Found rosidl_default_generators: 1.6.1 (/home/mr-morales/miniforge3/envs/ros2_jazzy/share/rosidl_default_generators/cmake)
[1.510s] -- Found rosidl_adapter: 4.6.9 (/home/mr-morales/miniforge3/envs/ros2_jazzy/share/rosidl_adapter/cmake)
[1.518s] -- Found std_msgs: 5.3.8 (/home/mr-morales/miniforge3/envs/ros2_jazzy/share/std_msgs/cmake)
[2.820s] -- Found ament_cmake_cppcheck: 0.17.5 (/home/mr-morales/miniforge3/envs/ros2_jazzy/share/ament_cmake_cppcheck/cmake)
[2.832s] -- Found ament_cmake_cpplint: 0.17.5 (/home/mr-morales/miniforge3/envs/ros2_jazzy/share/ament_cmake_cpplint/cmake)
[2.843s] -- Found ament_cmake_uncrustify: 0.17.5 (/home/mr-morales/miniforge3/envs/ros2_jazzy/share/ament_cmake_uncrustify/cmake)
[2.855s] -- Found ament_cmake_ros: 0.12.1 (/home/mr-morales/miniforge3/envs/ros2_jazzy/share/ament_cmake_ros/cmake)
[4.050s] -- Using all available rosidl_typesupport_c: rosidl_typesupport_fastrtps_c;rosidl_typesupport_introspection_c
[4.696s] -- Using all available rosidl_typesupport_cpp: rosidl_typesupport_fastrtps_cpp;rosidl_typesupport_introspection_cpp
[4.714s] -- Found python_cmake_module: 0.11.1 (/home/mr-morales/miniforge3/envs/ros2_jazzy/share/python_cmake_module/cmake)
[4.992s] -- Found PythonExtra: /home/mr-morales/miniforge3/envs/ros2_jazzy/bin/python3
[5.791s] -- Found Python3: /home/mr-morales/miniforge3/envs/ros2_jazzy/bin/python3 (found version "3.12.14") found components: Interpreter Development NumPy Development.Module Development.Embed
[5.916s] -- Found ament_cmake_flake8: 0.17.5 (/home/mr-morales/miniforge3/envs/ros2_jazzy/share/ament_cmake_flake8/cmake)
[5.931s] -- Found ament_cmake_pep257: 0.17.5 (/home/mr-morales/miniforge3/envs/ros2_jazzy/share/ament_cmake_pep257/cmake)
[6.029s] -- Found Python3: /home/mr-morales/miniforge3/envs/ros2_jazzy/bin/python3 (found version "3.12.14") found components: Interpreter
[6.052s] -- Configuring done (6.0s)
[6.142s] -- Generating done (0.1s)
[6.174s] -- Build files have been written to: /home/mr-morales/ros2_ws/build/urg_node_msgs
[6.192s] Invoked command in '/home/mr-morales/ros2_ws/build/urg_node_msgs' returned '0': CMAKE_PREFIX_PATH=/home/mr-morales/miniforge3/envs/ros2_jazzy CONDA_PROMPT_MODIFIER=(ros2_jazzy) /home/mr-morales/miniforge3/envs/ros2_jazzy/bin/cmake /home/mr-morales/ros2_ws/src/urg_node_msgs -DAMENT_CMAKE_SYMLINK_INSTALL=1 -DCMAKE_INSTALL_PREFIX=/home/mr-morales/ros2_ws/install/urg_node_msgs
[6.194s] Invoking command in '/home/mr-morales/ros2_ws/build/urg_node_msgs': CMAKE_PREFIX_PATH=/home/mr-morales/miniforge3/envs/ros2_jazzy CONDA_PROMPT_MODIFIER=(ros2_jazzy) /home/mr-morales/miniforge3/envs/ros2_jazzy/bin/cmake --build /home/mr-morales/ros2_ws/build/urg_node_msgs -- -j12 -l12
[6.273s] [  2%] Generating type hashes for ROS interfaces
[6.274s] [  5%] Generating Rust code for ROS interfaces
[6.289s] [  5%] Built target ament_cmake_python_symlink_urg_node_msgs
[6.776s] [  5%] Built target urg_node_msgs__rosidl_generator_type_description
[6.795s] [  8%] Generating C code for ROS interfaces
[6.815s] [ 11%] Generating C++ code for ROS interfaces
[6.878s] [ 11%] Built target urg_node_msgs__rs
[7.203s] running egg_info
[7.204s] creating urg_node_msgs.egg-info
[7.221s] writing urg_node_msgs.egg-info/PKG-INFO
[7.221s] writing dependency_links to urg_node_msgs.egg-info/dependency_links.txt
[7.222s] writing top-level names to urg_node_msgs.egg-info/top_level.txt
[7.222s] writing manifest file 'urg_node_msgs.egg-info/SOURCES.txt'
[7.274s] reading manifest file 'urg_node_msgs.egg-info/SOURCES.txt'
[7.274s] writing manifest file 'urg_node_msgs.egg-info/SOURCES.txt'
[7.306s] [ 11%] Built target urg_node_msgs__cpp
[7.328s] [ 11%] Built target ament_cmake_python_build_urg_node_msgs_egg
[7.447s] [ 14%] Building C object CMakeFiles/urg_node_msgs__rosidl_generator_c.dir/rosidl_generator_c/urg_node_msgs/msg/detail/status__description.c.o
[7.448s] [ 17%] Building C object CMakeFiles/urg_node_msgs__rosidl_generator_c.dir/rosidl_generator_c/urg_node_msgs/msg/detail/status__type_support.c.o
[7.448s] [ 20%] Building C object CMakeFiles/urg_node_msgs__rosidl_generator_c.dir/rosidl_generator_c/urg_node_msgs/msg/detail/status__functions.c.o
[7.542s] [ 22%] Linking C shared library liburg_node_msgs__rosidl_generator_c.so
[7.593s] [ 22%] Built target urg_node_msgs__rosidl_generator_c
[7.607s] [ 25%] Generating C++ introspection for ROS interfaces
[7.608s] [ 28%] Generating C introspection for ROS interfaces
[7.608s] [ 31%] Generating C type support dispatch for ROS interfaces
[7.609s] [ 37%] Generating C++ type support for eProsima Fast-RTPS
[7.609s] [ 37%] Generating C++ type support dispatch for ROS interfaces
[7.613s] [ 40%] Generating C type support for eProsima Fast-RTPS
[7.971s] [ 42%] Building CXX object CMakeFiles/urg_node_msgs__rosidl_typesupport_introspection_cpp.dir/rosidl_typesupport_introspection_cpp/urg_node_msgs/msg/detail/status__type_support.cpp.o
[7.976s] [ 45%] Building C object CMakeFiles/urg_node_msgs__rosidl_typesupport_introspection_c.dir/rosidl_typesupport_introspection_c/urg_node_msgs/msg/detail/status__type_support.c.o
[8.022s] [ 48%] Linking C shared library liburg_node_msgs__rosidl_typesupport_introspection_c.so
[8.085s] [ 48%] Built target urg_node_msgs__rosidl_typesupport_introspection_c
[8.194s] [ 51%] Building CXX object CMakeFiles/urg_node_msgs__rosidl_typesupport_fastrtps_c.dir/rosidl_typesupport_fastrtps_c/urg_node_msgs/msg/detail/status__type_support_c.cpp.o
[8.211s] [ 54%] Building CXX object CMakeFiles/urg_node_msgs__rosidl_typesupport_c.dir/rosidl_typesupport_c/urg_node_msgs/msg/status__type_support.cpp.o
[8.212s] [ 57%] Building CXX object CMakeFiles/urg_node_msgs__rosidl_typesupport_cpp.dir/rosidl_typesupport_cpp/urg_node_msgs/msg/status__type_support.cpp.o
[8.269s] [ 60%] Linking CXX shared library liburg_node_msgs__rosidl_typesupport_c.so
[8.312s] [ 62%] Building CXX object CMakeFiles/urg_node_msgs__rosidl_typesupport_fastrtps_cpp.dir/rosidl_typesupport_fastrtps_cpp/urg_node_msgs/msg/detail/dds_fastrtps/status__type_support.cpp.o
[8.343s] [ 65%] Linking CXX shared library liburg_node_msgs__rosidl_typesupport_introspection_cpp.so
[8.434s] [ 65%] Built target urg_node_msgs__rosidl_typesupport_c
[8.505s] [ 65%] Built target urg_node_msgs__rosidl_typesupport_introspection_cpp
[8.761s] [ 68%] Linking CXX shared library liburg_node_msgs__rosidl_typesupport_fastrtps_c.so
[8.881s] [ 71%] Linking CXX shared library liburg_node_msgs__rosidl_typesupport_cpp.so
[8.900s] [ 74%] Linking CXX shared library liburg_node_msgs__rosidl_typesupport_fastrtps_cpp.so
[8.911s] [ 74%] Built target urg_node_msgs__rosidl_typesupport_fastrtps_c
[9.011s] [ 74%] Built target urg_node_msgs__rosidl_typesupport_fastrtps_cpp
[9.031s] [ 74%] Built target urg_node_msgs__rosidl_typesupport_cpp
[9.058s] [ 74%] Built target urg_node_msgs
[9.089s] [ 77%] Generating Python code for ROS interfaces
[9.551s] [ 77%] Built target urg_node_msgs__py
[9.579s] [ 80%] Building C object CMakeFiles/urg_node_msgs__rosidl_generator_py.dir/rosidl_generator_py/urg_node_msgs/msg/_status_s.c.o
[9.748s] [ 82%] Linking C shared library liburg_node_msgs__rosidl_generator_py.so
[9.811s] [ 82%] Built target urg_node_msgs__rosidl_generator_py
[9.840s] [ 85%] Building C object CMakeFiles/urg_node_msgs_s__rosidl_typesupport_introspection_c.dir/rosidl_generator_py/urg_node_msgs/_urg_node_msgs_s.ep.rosidl_typesupport_introspection_c.c.o
[9.842s] [ 88%] Building C object CMakeFiles/urg_node_msgs_s__rosidl_typesupport_c.dir/rosidl_generator_py/urg_node_msgs/_urg_node_msgs_s.ep.rosidl_typesupport_c.c.o
[9.843s] [ 91%] Building C object CMakeFiles/urg_node_msgs_s__rosidl_typesupport_fastrtps_c.dir/rosidl_generator_py/urg_node_msgs/_urg_node_msgs_s.ep.rosidl_typesupport_fastrtps_c.c.o
[9.975s] [ 94%] Linking C shared module rosidl_generator_py/urg_node_msgs/urg_node_msgs_s__rosidl_typesupport_fastrtps_c.so
[10.037s] [ 97%] Linking C shared module rosidl_generator_py/urg_node_msgs/urg_node_msgs_s__rosidl_typesupport_introspection_c.so
[10.043s] [ 97%] Built target urg_node_msgs_s__rosidl_typesupport_fastrtps_c
[10.086s] [100%] Linking C shared module rosidl_generator_py/urg_node_msgs/urg_node_msgs_s__rosidl_typesupport_c.so
[10.089s] [100%] Built target urg_node_msgs_s__rosidl_typesupport_introspection_c
[10.142s] [100%] Built target urg_node_msgs_s__rosidl_typesupport_c
[10.157s] Invoked command in '/home/mr-morales/ros2_ws/build/urg_node_msgs' returned '0': CMAKE_PREFIX_PATH=/home/mr-morales/miniforge3/envs/ros2_jazzy CONDA_PROMPT_MODIFIER=(ros2_jazzy) /home/mr-morales/miniforge3/envs/ros2_jazzy/bin/cmake --build /home/mr-morales/ros2_ws/build/urg_node_msgs -- -j12 -l12
[10.159s] Invoking command in '/home/mr-morales/ros2_ws/build/urg_node_msgs': CMAKE_PREFIX_PATH=/home/mr-morales/miniforge3/envs/ros2_jazzy CONDA_PROMPT_MODIFIER=(ros2_jazzy) /home/mr-morales/miniforge3/envs/ros2_jazzy/bin/cmake --install /home/mr-morales/ros2_ws/build/urg_node_msgs
[10.170s] -- Install configuration: ""
[10.171s] -- Execute custom install script
[10.171s] -- Symlinking: /home/mr-morales/ros2_ws/install/urg_node_msgs/share/ament_index/resource_index/rosidl_interfaces/urg_node_msgs
[10.180s] -- Symlinking: /home/mr-morales/ros2_ws/install/urg_node_msgs/share/urg_node_msgs/msg/Status.json
[10.191s] -- Symlinking: /home/mr-morales/ros2_ws/install/urg_node_msgs/include/urg_node_msgs/urg_node_msgs/msg/detail/status__functions.h
[10.201s] -- Symlinking: /home/mr-morales/ros2_ws/install/urg_node_msgs/include/urg_node_msgs/urg_node_msgs/msg/detail/status__struct.h
[10.212s] -- Symlinking: /home/mr-morales/ros2_ws/install/urg_node_msgs/include/urg_node_msgs/urg_node_msgs/msg/detail/status__type_support.h
[10.223s] -- Symlinking: /home/mr-morales/ros2_ws/install/urg_node_msgs/include/urg_node_msgs/urg_node_msgs/msg/rosidl_generator_c__visibility_control.h
[10.234s] -- Symlinking: /home/mr-morales/ros2_ws/install/urg_node_msgs/include/urg_node_msgs/urg_node_msgs/msg/status.h
[10.245s] -- Symlinking: /home/mr-morales/ros2_ws/install/urg_node_msgs/include/urg_node_msgs/urg_node_msgs/msg/detail/status__rosidl_typesupport_fastrtps_c.h
[10.256s] -- Symlinking: /home/mr-morales/ros2_ws/install/urg_node_msgs/include/urg_node_msgs/urg_node_msgs/msg/rosidl_typesupport_fastrtps_c__visibility_control.h
[10.267s] -- Symlinking: /home/mr-morales/ros2_ws/install/urg_node_msgs/include/urg_node_msgs/urg_node_msgs/msg/detail/status__builder.hpp
[10.276s] -- Symlinking: /home/mr-morales/ros2_ws/install/urg_node_msgs/include/urg_node_msgs/urg_node_msgs/msg/detail/status__struct.hpp
[10.286s] -- Symlinking: /home/mr-morales/ros2_ws/install/urg_node_msgs/include/urg_node_msgs/urg_node_msgs/msg/detail/status__traits.hpp
[10.296s] -- Symlinking: /home/mr-morales/ros2_ws/install/urg_node_msgs/include/urg_node_msgs/urg_node_msgs/msg/detail/status__type_support.hpp
[10.307s] -- Symlinking: /home/mr-morales/ros2_ws/install/urg_node_msgs/include/urg_node_msgs/urg_node_msgs/msg/rosidl_generator_cpp__visibility_control.hpp
[10.320s] -- Symlinking: /home/mr-morales/ros2_ws/install/urg_node_msgs/include/urg_node_msgs/urg_node_msgs/msg/status.hpp
[10.333s] -- Symlinking: /home/mr-morales/ros2_ws/install/urg_node_msgs/include/urg_node_msgs/urg_node_msgs/msg/detail/status__rosidl_typesupport_fastrtps_cpp.hpp
[10.344s] -- Symlinking: /home/mr-morales/ros2_ws/install/urg_node_msgs/include/urg_node_msgs/urg_node_msgs/msg/rosidl_typesupport_fastrtps_cpp__visibility_control.h
[10.356s] -- Symlinking: /home/mr-morales/ros2_ws/install/urg_node_msgs/include/urg_node_msgs/urg_node_msgs/msg/detail/status__rosidl_typesupport_introspection_c.h
[10.370s] -- Symlinking: /home/mr-morales/ros2_ws/install/urg_node_msgs/include/urg_node_msgs/urg_node_msgs/msg/rosidl_typesupport_introspection_c__visibility_control.h
[10.381s] -- Symlinking: /home/mr-morales/ros2_ws/install/urg_node_msgs/include/urg_node_msgs/urg_node_msgs/msg/detail/status__rosidl_typesupport_introspection_cpp.hpp
[10.396s] -- Symlinking: /home/mr-morales/ros2_ws/install/urg_node_msgs/share/urg_node_msgs/environment/pythonpath.sh
[10.407s] -- Symlinking: /home/mr-morales/ros2_ws/install/urg_node_msgs/share/urg_node_msgs/environment/pythonpath.dsv
[10.419s] -- Symlinking: /home/mr-morales/ros2_ws/install/urg_node_msgs/lib/python3.12/site-packages/urg_node_msgs-1.1.0-py3.12.egg-info/PKG-INFO
[10.429s] -- Symlinking: /home/mr-morales/ros2_ws/install/urg_node_msgs/lib/python3.12/site-packages/urg_node_msgs-1.1.0-py3.12.egg-info/SOURCES.txt
[10.440s] -- Symlinking: /home/mr-morales/ros2_ws/install/urg_node_msgs/lib/python3.12/site-packages/urg_node_msgs-1.1.0-py3.12.egg-info/dependency_links.txt
[10.451s] -- Symlinking: /home/mr-morales/ros2_ws/install/urg_node_msgs/lib/python3.12/site-packages/urg_node_msgs-1.1.0-py3.12.egg-info/top_level.txt
[10.463s] -- Symlinking: /home/mr-morales/ros2_ws/install/urg_node_msgs/lib/python3.12/site-packages/urg_node_msgs/__init__.py
[10.475s] -- Symlinking: /home/mr-morales/ros2_ws/install/urg_node_msgs/lib/python3.12/site-packages/urg_node_msgs/_urg_node_msgs_s.ep.rosidl_typesupport_c.c
[10.487s] -- Symlinking: /home/mr-morales/ros2_ws/install/urg_node_msgs/lib/python3.12/site-packages/urg_node_msgs/_urg_node_msgs_s.ep.rosidl_typesupport_fastrtps_c.c
[10.499s] -- Symlinking: /home/mr-morales/ros2_ws/install/urg_node_msgs/lib/python3.12/site-packages/urg_node_msgs/_urg_node_msgs_s.ep.rosidl_typesupport_introspection_c.c
[10.512s] -- Symlinking: /home/mr-morales/ros2_ws/install/urg_node_msgs/lib/python3.12/site-packages/urg_node_msgs/msg/__init__.py
[10.525s] -- Symlinking: /home/mr-morales/ros2_ws/install/urg_node_msgs/lib/python3.12/site-packages/urg_node_msgs/msg/_status.py
[10.537s] -- Symlinking: /home/mr-morales/ros2_ws/install/urg_node_msgs/lib/python3.12/site-packages/urg_node_msgs/msg/_status_s.c
[10.550s] -- Symlinking: /home/mr-morales/ros2_ws/install/urg_node_msgs/lib/python3.12/site-packages/urg_node_msgs/urg_node_msgs_s__rosidl_typesupport_c.so
[10.561s] -- Symlinking: /home/mr-morales/ros2_ws/install/urg_node_msgs/lib/python3.12/site-packages/urg_node_msgs/urg_node_msgs_s__rosidl_typesupport_fastrtps_c.so
[10.572s] -- Symlinking: /home/mr-morales/ros2_ws/install/urg_node_msgs/lib/python3.12/site-packages/urg_node_msgs/urg_node_msgs_s__rosidl_typesupport_introspection_c.so
[10.584s] -- Up-to-date symlink: /home/mr-morales/ros2_ws/install/urg_node_msgs/lib/python3.12/site-packages/urg_node_msgs/urg_node_msgs_s__rosidl_typesupport_fastrtps_c.so
[10.584s] -- Up-to-date symlink: /home/mr-morales/ros2_ws/install/urg_node_msgs/lib/python3.12/site-packages/urg_node_msgs/urg_node_msgs_s__rosidl_typesupport_introspection_c.so
[10.584s] -- Up-to-date symlink: /home/mr-morales/ros2_ws/install/urg_node_msgs/lib/python3.12/site-packages/urg_node_msgs/urg_node_msgs_s__rosidl_typesupport_c.so
[10.585s] -- Symlinking: /home/mr-morales/ros2_ws/install/urg_node_msgs/share/urg_node_msgs/rust/Cargo.toml
[10.596s] -- Symlinking: /home/mr-morales/ros2_ws/install/urg_node_msgs/share/urg_node_msgs/rust/build.rs
[10.607s] -- Symlinking: /home/mr-morales/ros2_ws/install/urg_node_msgs/share/urg_node_msgs/rust/src/lib.rs
[10.619s] -- Symlinking: /home/mr-morales/ros2_ws/install/urg_node_msgs/share/urg_node_msgs/rust/src/msg.rs
[10.630s] -- Symlinking: /home/mr-morales/ros2_ws/install/urg_node_msgs/share/urg_node_msgs/rust/src/msg/rmw.rs
[10.641s] -- Symlinking: /home/mr-morales/ros2_ws/install/urg_node_msgs/share/urg_node_msgs/msg/Status.idl
[10.652s] -- Symlinking: /home/mr-morales/ros2_ws/install/urg_node_msgs/share/urg_node_msgs/msg/Status.msg
[10.660s] -- Symlinking: /home/mr-morales/ros2_ws/install/urg_node_msgs/share/urg_node_msgs/mapping_rules.yaml
[10.670s] -- Symlinking: /home/mr-morales/ros2_ws/install/urg_node_msgs/share/ament_index/resource_index/package_run_dependencies/urg_node_msgs
[10.681s] -- Symlinking: /home/mr-morales/ros2_ws/install/urg_node_msgs/share/ament_index/resource_index/parent_prefix_path/urg_node_msgs
[10.693s] -- Symlinking: /home/mr-morales/ros2_ws/install/urg_node_msgs/share/urg_node_msgs/environment/ament_prefix_path.sh
[10.705s] -- Symlinking: /home/mr-morales/ros2_ws/install/urg_node_msgs/share/urg_node_msgs/environment/ament_prefix_path.dsv
[10.716s] -- Symlinking: /home/mr-morales/ros2_ws/install/urg_node_msgs/share/urg_node_msgs/environment/path.sh
[10.730s] -- Symlinking: /home/mr-morales/ros2_ws/install/urg_node_msgs/share/urg_node_msgs/environment/path.dsv
[10.742s] -- Symlinking: /home/mr-morales/ros2_ws/install/urg_node_msgs/share/urg_node_msgs/local_setup.bash
[10.754s] -- Symlinking: /home/mr-morales/ros2_ws/install/urg_node_msgs/share/urg_node_msgs/local_setup.sh
[10.766s] -- Symlinking: /home/mr-morales/ros2_ws/install/urg_node_msgs/share/urg_node_msgs/local_setup.zsh
[10.777s] -- Symlinking: /home/mr-morales/ros2_ws/install/urg_node_msgs/share/urg_node_msgs/local_setup.dsv
[10.789s] -- Symlinking: /home/mr-morales/ros2_ws/install/urg_node_msgs/share/urg_node_msgs/package.dsv
[10.801s] -- Symlinking: /home/mr-morales/ros2_ws/install/urg_node_msgs/share/ament_index/resource_index/packages/urg_node_msgs
[10.813s] -- Symlinking: /home/mr-morales/ros2_ws/install/urg_node_msgs/share/urg_node_msgs/cmake/rosidl_cmake-extras.cmake
[10.828s] -- Symlinking: /home/mr-morales/ros2_ws/install/urg_node_msgs/share/urg_node_msgs/cmake/ament_cmake_export_dependencies-extras.cmake
[10.841s] -- Symlinking: /home/mr-morales/ros2_ws/install/urg_node_msgs/share/urg_node_msgs/cmake/ament_cmake_export_include_directories-extras.cmake
[10.853s] -- Symlinking: /home/mr-morales/ros2_ws/install/urg_node_msgs/share/urg_node_msgs/cmake/ament_cmake_export_libraries-extras.cmake
[10.865s] -- Symlinking: /home/mr-morales/ros2_ws/install/urg_node_msgs/share/urg_node_msgs/cmake/ament_cmake_export_targets-extras.cmake
[10.876s] -- Symlinking: /home/mr-morales/ros2_ws/install/urg_node_msgs/share/urg_node_msgs/cmake/rosidl_cmake_export_typesupport_targets-extras.cmake
[10.887s] -- Symlinking: /home/mr-morales/ros2_ws/install/urg_node_msgs/share/urg_node_msgs/cmake/rosidl_cmake_export_typesupport_libraries-extras.cmake
[10.899s] -- Symlinking: /home/mr-morales/ros2_ws/install/urg_node_msgs/share/urg_node_msgs/cmake/rosidl_cmake_aggregate_target-extras.cmake
[10.910s] -- Symlinking: /home/mr-morales/ros2_ws/install/urg_node_msgs/share/urg_node_msgs/cmake/urg_node_msgsConfig.cmake
[10.920s] -- Symlinking: /home/mr-morales/ros2_ws/install/urg_node_msgs/share/urg_node_msgs/cmake/urg_node_msgsConfig-version.cmake
[10.931s] -- Symlinking: /home/mr-morales/ros2_ws/install/urg_node_msgs/share/urg_node_msgs/package.xml
[10.940s] -- Installing: /home/mr-morales/ros2_ws/install/urg_node_msgs/lib/liburg_node_msgs__rosidl_generator_c.so
[10.940s] -- Installing: /home/mr-morales/ros2_ws/install/urg_node_msgs/lib/liburg_node_msgs__rosidl_typesupport_fastrtps_c.so
[10.940s] -- Set non-toolchain portion of runtime path of "/home/mr-morales/ros2_ws/install/urg_node_msgs/lib/liburg_node_msgs__rosidl_typesupport_fastrtps_c.so" to ""
[10.941s] -- Installing: /home/mr-morales/ros2_ws/install/urg_node_msgs/lib/liburg_node_msgs__rosidl_typesupport_fastrtps_cpp.so
[10.941s] -- Set non-toolchain portion of runtime path of "/home/mr-morales/ros2_ws/install/urg_node_msgs/lib/liburg_node_msgs__rosidl_typesupport_fastrtps_cpp.so" to ""
[10.941s] -- Installing: /home/mr-morales/ros2_ws/install/urg_node_msgs/lib/liburg_node_msgs__rosidl_typesupport_introspection_c.so
[10.941s] -- Set non-toolchain portion of runtime path of "/home/mr-morales/ros2_ws/install/urg_node_msgs/lib/liburg_node_msgs__rosidl_typesupport_introspection_c.so" to ""
[10.941s] -- Installing: /home/mr-morales/ros2_ws/install/urg_node_msgs/lib/liburg_node_msgs__rosidl_typesupport_c.so
[10.941s] -- Set non-toolchain portion of runtime path of "/home/mr-morales/ros2_ws/install/urg_node_msgs/lib/liburg_node_msgs__rosidl_typesupport_c.so" to ""
[10.941s] -- Installing: /home/mr-morales/ros2_ws/install/urg_node_msgs/lib/liburg_node_msgs__rosidl_typesupport_introspection_cpp.so
[10.942s] -- Set non-toolchain portion of runtime path of "/home/mr-morales/ros2_ws/install/urg_node_msgs/lib/liburg_node_msgs__rosidl_typesupport_introspection_cpp.so" to ""
[10.942s] -- Installing: /home/mr-morales/ros2_ws/install/urg_node_msgs/lib/liburg_node_msgs__rosidl_typesupport_cpp.so
[10.942s] -- Set non-toolchain portion of runtime path of "/home/mr-morales/ros2_ws/install/urg_node_msgs/lib/liburg_node_msgs__rosidl_typesupport_cpp.so" to ""
[10.992s] Listing '/home/mr-morales/ros2_ws/install/urg_node_msgs/lib/python3.12/site-packages/urg_node_msgs'...
[10.992s] Compiling '/home/mr-morales/ros2_ws/install/urg_node_msgs/lib/python3.12/site-packages/urg_node_msgs/__init__.py'...
[10.992s] Listing '/home/mr-morales/ros2_ws/install/urg_node_msgs/lib/python3.12/site-packages/urg_node_msgs/msg'...
[10.992s] Compiling '/home/mr-morales/ros2_ws/install/urg_node_msgs/lib/python3.12/site-packages/urg_node_msgs/msg/__init__.py'...
[10.992s] Compiling '/home/mr-morales/ros2_ws/install/urg_node_msgs/lib/python3.12/site-packages/urg_node_msgs/msg/_status.py'...
[10.999s] -- Installing: /home/mr-morales/ros2_ws/install/urg_node_msgs/lib/liburg_node_msgs__rosidl_generator_py.so
[11.000s] -- Set non-toolchain portion of runtime path of "/home/mr-morales/ros2_ws/install/urg_node_msgs/lib/liburg_node_msgs__rosidl_generator_py.so" to ""
[11.000s] -- Installing: /home/mr-morales/ros2_ws/install/urg_node_msgs/share/urg_node_msgs/cmake/export_urg_node_msgs__rosidl_generator_cExport.cmake
[11.001s] -- Installing: /home/mr-morales/ros2_ws/install/urg_node_msgs/share/urg_node_msgs/cmake/export_urg_node_msgs__rosidl_generator_cExport-noconfig.cmake
[11.001s] -- Installing: /home/mr-morales/ros2_ws/install/urg_node_msgs/share/urg_node_msgs/cmake/export_urg_node_msgs__rosidl_typesupport_fastrtps_cExport.cmake
[11.002s] -- Installing: /home/mr-morales/ros2_ws/install/urg_node_msgs/share/urg_node_msgs/cmake/export_urg_node_msgs__rosidl_typesupport_fastrtps_cExport-noconfig.cmake
[11.002s] -- Installing: /home/mr-morales/ros2_ws/install/urg_node_msgs/share/urg_node_msgs/cmake/export_urg_node_msgs__rosidl_generator_cppExport.cmake
[11.002s] -- Installing: /home/mr-morales/ros2_ws/install/urg_node_msgs/share/urg_node_msgs/cmake/export_urg_node_msgs__rosidl_typesupport_fastrtps_cppExport.cmake
[11.002s] -- Installing: /home/mr-morales/ros2_ws/install/urg_node_msgs/share/urg_node_msgs/cmake/export_urg_node_msgs__rosidl_typesupport_fastrtps_cppExport-noconfig.cmake
[11.002s] -- Installing: /home/mr-morales/ros2_ws/install/urg_node_msgs/share/urg_node_msgs/cmake/urg_node_msgs__rosidl_typesupport_introspection_cExport.cmake
[11.003s] -- Installing: /home/mr-morales/ros2_ws/install/urg_node_msgs/share/urg_node_msgs/cmake/urg_node_msgs__rosidl_typesupport_introspection_cExport-noconfig.cmake
[11.003s] -- Installing: /home/mr-morales/ros2_ws/install/urg_node_msgs/share/urg_node_msgs/cmake/urg_node_msgs__rosidl_typesupport_cExport.cmake
[11.003s] -- Installing: /home/mr-morales/ros2_ws/install/urg_node_msgs/share/urg_node_msgs/cmake/urg_node_msgs__rosidl_typesupport_cExport-noconfig.cmake
[11.004s] -- Installing: /home/mr-morales/ros2_ws/install/urg_node_msgs/share/urg_node_msgs/cmake/urg_node_msgs__rosidl_typesupport_introspection_cppExport.cmake
[11.004s] -- Installing: /home/mr-morales/ros2_ws/install/urg_node_msgs/share/urg_node_msgs/cmake/urg_node_msgs__rosidl_typesupport_introspection_cppExport-noconfig.cmake
[11.004s] -- Installing: /home/mr-morales/ros2_ws/install/urg_node_msgs/share/urg_node_msgs/cmake/urg_node_msgs__rosidl_typesupport_cppExport.cmake
[11.004s] -- Installing: /home/mr-morales/ros2_ws/install/urg_node_msgs/share/urg_node_msgs/cmake/urg_node_msgs__rosidl_typesupport_cppExport-noconfig.cmake
[11.004s] -- Installing: /home/mr-morales/ros2_ws/install/urg_node_msgs/share/urg_node_msgs/cmake/export_urg_node_msgs__rosidl_generator_pyExport.cmake
[11.004s] -- Installing: /home/mr-morales/ros2_ws/install/urg_node_msgs/share/urg_node_msgs/cmake/export_urg_node_msgs__rosidl_generator_pyExport-noconfig.cmake
[11.008s] Invoked command in '/home/mr-morales/ros2_ws/build/urg_node_msgs' returned '0': CMAKE_PREFIX_PATH=/home/mr-morales/miniforge3/envs/ros2_jazzy CONDA_PROMPT_MODIFIER=(ros2_jazzy) /home/mr-morales/miniforge3/envs/ros2_jazzy/bin/cmake --install /home/mr-morales/ros2_ws/build/urg_node_msgs
