[0.170s] colcon DEBUG Command line arguments: ['/home/mr-morales/miniforge3/envs/ros2_jazzy/bin/colcon', 'build', '--symlink-install']
[0.170s] colcon DEBUG Parsed command line arguments: Namespace(log_base=None, log_level=None, verb_name='build', build_base='build', install_base='install', merge_install=False, symlink_install=True, test_result_base=None, continue_on_error=False, executor='parallel', parallel_workers=12, event_handlers=None, ignore_user_meta=False, metas=['./colcon.meta'], base_paths=['.'], packages_ignore=None, packages_ignore_regex=None, paths=None, packages_up_to=None, packages_up_to_regex=None, packages_above=None, packages_above_and_dependencies=None, packages_above_depth=None, packages_select_by_dep=None, packages_skip_by_dep=None, packages_skip_up_to=None, packages_select_build_failed=False, packages_skip_build_finished=False, packages_select_test_failures=False, packages_skip_test_passed=False, packages_select=None, packages_skip=None, packages_select_regex=None, packages_skip_regex=None, packages_start=None, packages_end=None, cmake_args=None, cmake_target=None, cmake_target_skip_unavailable=False, cmake_clean_cache=False, cmake_clean_first=False, cmake_force_configure=False, ament_cmake_args=None, catkin_cmake_args=None, catkin_skip_building_tests=False, verb_parser=<colcon_defaults.argument_parser.defaults.DefaultArgumentsDecorator object at 0x7f722a355190>, verb_extension=<colcon_core.verb.build.BuildVerb object at 0x7f722a354ec0>, main=<bound method BuildVerb.main of <colcon_core.verb.build.BuildVerb object at 0x7f722a354ec0>>)
[0.213s] colcon.colcon_core.package_discovery Level 1 discover_packages(colcon_meta) check parameters
[0.214s] colcon.colcon_core.package_discovery Level 1 discover_packages(recursive) check parameters
[0.214s] colcon.colcon_core.package_discovery Level 1 discover_packages(ignore) check parameters
[0.214s] colcon.colcon_core.package_discovery Level 1 discover_packages(path) check parameters
[0.214s] colcon.colcon_core.package_discovery Level 1 discover_packages(colcon_meta) discover
[0.214s] colcon.colcon_core.package_discovery Level 1 discover_packages(recursive) discover
[0.214s] colcon.colcon_core.package_discovery INFO Crawling recursively for packages in '/home/mr-morales/ros2_ws'
[0.214s] colcon.colcon_core.package_identification Level 1 _identify(.) by extensions ['ignore', 'ignore_ament_install']
[0.214s] colcon.colcon_core.package_identification Level 1 _identify(.) by extension 'ignore'
[0.214s] colcon.colcon_core.package_identification Level 1 _identify(.) by extension 'ignore_ament_install'
[0.214s] colcon.colcon_core.package_identification Level 1 _identify(.) by extensions ['colcon_pkg']
[0.214s] colcon.colcon_core.package_identification Level 1 _identify(.) by extension 'colcon_pkg'
[0.214s] colcon.colcon_core.package_identification Level 1 _identify(.) by extensions ['colcon_meta']
[0.214s] colcon.colcon_core.package_identification Level 1 _identify(.) by extension 'colcon_meta'
[0.214s] colcon.colcon_core.package_identification Level 1 _identify(.) by extensions ['ros']
[0.214s] colcon.colcon_core.package_identification Level 1 _identify(.) by extension 'ros'
[0.251s] colcon.colcon_core.package_identification Level 1 _identify(.) by extensions ['cmake', 'python']
[0.251s] colcon.colcon_core.package_identification Level 1 _identify(.) by extension 'cmake'
[0.251s] colcon.colcon_core.package_identification Level 1 _identify(.) by extension 'python'
[0.251s] colcon.colcon_core.package_identification Level 1 _identify(.) by extensions ['python_setup_py']
[0.251s] colcon.colcon_core.package_identification Level 1 _identify(.) by extension 'python_setup_py'
[0.251s] colcon.colcon_core.package_identification Level 1 _identify(build) by extensions ['ignore', 'ignore_ament_install']
[0.252s] colcon.colcon_core.package_identification Level 1 _identify(build) by extension 'ignore'
[0.252s] colcon.colcon_core.package_identification Level 1 _identify(build) ignored
[0.252s] colcon.colcon_core.package_identification Level 1 _identify(install) by extensions ['ignore', 'ignore_ament_install']
[0.252s] colcon.colcon_core.package_identification Level 1 _identify(install) by extension 'ignore'
[0.252s] colcon.colcon_core.package_identification Level 1 _identify(install) ignored
[0.252s] colcon.colcon_core.package_identification Level 1 _identify(log) by extensions ['ignore', 'ignore_ament_install']
[0.252s] colcon.colcon_core.package_identification Level 1 _identify(log) by extension 'ignore'
[0.252s] colcon.colcon_core.package_identification Level 1 _identify(log) ignored
[0.252s] colcon.colcon_core.package_identification Level 1 _identify(src) by extensions ['ignore', 'ignore_ament_install']
[0.252s] colcon.colcon_core.package_identification Level 1 _identify(src) by extension 'ignore'
[0.252s] colcon.colcon_core.package_identification Level 1 _identify(src) by extension 'ignore_ament_install'
[0.252s] colcon.colcon_core.package_identification Level 1 _identify(src) by extensions ['colcon_pkg']
[0.252s] colcon.colcon_core.package_identification Level 1 _identify(src) by extension 'colcon_pkg'
[0.252s] colcon.colcon_core.package_identification Level 1 _identify(src) by extensions ['colcon_meta']
[0.252s] colcon.colcon_core.package_identification Level 1 _identify(src) by extension 'colcon_meta'
[0.253s] colcon.colcon_core.package_identification Level 1 _identify(src) by extensions ['ros']
[0.253s] colcon.colcon_core.package_identification Level 1 _identify(src) by extension 'ros'
[0.253s] colcon.colcon_core.package_identification Level 1 _identify(src) by extensions ['cmake', 'python']
[0.253s] colcon.colcon_core.package_identification Level 1 _identify(src) by extension 'cmake'
[0.253s] colcon.colcon_core.package_identification Level 1 _identify(src) by extension 'python'
[0.253s] colcon.colcon_core.package_identification Level 1 _identify(src) by extensions ['python_setup_py']
[0.253s] colcon.colcon_core.package_identification Level 1 _identify(src) by extension 'python_setup_py'
[0.253s] colcon.colcon_core.package_identification Level 1 _identify(src/ros2_rover) by extensions ['ignore', 'ignore_ament_install']
[0.253s] colcon.colcon_core.package_identification Level 1 _identify(src/ros2_rover) by extension 'ignore'
[0.253s] colcon.colcon_core.package_identification Level 1 _identify(src/ros2_rover) by extension 'ignore_ament_install'
[0.253s] colcon.colcon_core.package_identification Level 1 _identify(src/ros2_rover) by extensions ['colcon_pkg']
[0.253s] colcon.colcon_core.package_identification Level 1 _identify(src/ros2_rover) by extension 'colcon_pkg'
[0.253s] colcon.colcon_core.package_identification Level 1 _identify(src/ros2_rover) by extensions ['colcon_meta']
[0.253s] colcon.colcon_core.package_identification Level 1 _identify(src/ros2_rover) by extension 'colcon_meta'
[0.253s] colcon.colcon_core.package_identification Level 1 _identify(src/ros2_rover) by extensions ['ros']
[0.253s] colcon.colcon_core.package_identification Level 1 _identify(src/ros2_rover) by extension 'ros'
[0.253s] colcon.colcon_core.package_identification Level 1 _identify(src/ros2_rover) by extensions ['cmake', 'python']
[0.253s] colcon.colcon_core.package_identification Level 1 _identify(src/ros2_rover) by extension 'cmake'
[0.253s] colcon.colcon_core.package_identification Level 1 _identify(src/ros2_rover) by extension 'python'
[0.253s] colcon.colcon_core.package_identification Level 1 _identify(src/ros2_rover) by extensions ['python_setup_py']
[0.253s] colcon.colcon_core.package_identification Level 1 _identify(src/ros2_rover) by extension 'python_setup_py'
[0.253s] colcon.colcon_core.package_identification Level 1 _identify(src/ros2_rover/docs) by extensions ['ignore', 'ignore_ament_install']
[0.254s] colcon.colcon_core.package_identification Level 1 _identify(src/ros2_rover/docs) by extension 'ignore'
[0.254s] colcon.colcon_core.package_identification Level 1 _identify(src/ros2_rover/docs) by extension 'ignore_ament_install'
[0.254s] colcon.colcon_core.package_identification Level 1 _identify(src/ros2_rover/docs) by extensions ['colcon_pkg']
[0.254s] colcon.colcon_core.package_identification Level 1 _identify(src/ros2_rover/docs) by extension 'colcon_pkg'
[0.254s] colcon.colcon_core.package_identification Level 1 _identify(src/ros2_rover/docs) by extensions ['colcon_meta']
[0.254s] colcon.colcon_core.package_identification Level 1 _identify(src/ros2_rover/docs) by extension 'colcon_meta'
[0.254s] colcon.colcon_core.package_identification Level 1 _identify(src/ros2_rover/docs) by extensions ['ros']
[0.254s] colcon.colcon_core.package_identification Level 1 _identify(src/ros2_rover/docs) by extension 'ros'
[0.254s] colcon.colcon_core.package_identification Level 1 _identify(src/ros2_rover/docs) by extensions ['cmake', 'python']
[0.254s] colcon.colcon_core.package_identification Level 1 _identify(src/ros2_rover/docs) by extension 'cmake'
[0.254s] colcon.colcon_core.package_identification Level 1 _identify(src/ros2_rover/docs) by extension 'python'
[0.254s] colcon.colcon_core.package_identification Level 1 _identify(src/ros2_rover/docs) by extensions ['python_setup_py']
[0.254s] colcon.colcon_core.package_identification Level 1 _identify(src/ros2_rover/docs) by extension 'python_setup_py'
[0.254s] colcon.colcon_core.package_identification Level 1 _identify(src/ros2_rover/rover_bringup) by extensions ['ignore', 'ignore_ament_install']
[0.254s] colcon.colcon_core.package_identification Level 1 _identify(src/ros2_rover/rover_bringup) by extension 'ignore'
[0.254s] colcon.colcon_core.package_identification Level 1 _identify(src/ros2_rover/rover_bringup) by extension 'ignore_ament_install'
[0.254s] colcon.colcon_core.package_identification Level 1 _identify(src/ros2_rover/rover_bringup) by extensions ['colcon_pkg']
[0.254s] colcon.colcon_core.package_identification Level 1 _identify(src/ros2_rover/rover_bringup) by extension 'colcon_pkg'
[0.254s] colcon.colcon_core.package_identification Level 1 _identify(src/ros2_rover/rover_bringup) by extensions ['colcon_meta']
[0.254s] colcon.colcon_core.package_identification Level 1 _identify(src/ros2_rover/rover_bringup) by extension 'colcon_meta'
[0.255s] colcon.colcon_core.package_identification Level 1 _identify(src/ros2_rover/rover_bringup) by extensions ['ros']
[0.255s] colcon.colcon_core.package_identification Level 1 _identify(src/ros2_rover/rover_bringup) by extension 'ros'
[0.258s] colcon.colcon_core.package_identification DEBUG Package 'src/ros2_rover/rover_bringup' with type 'ros.ament_cmake' and name 'rover_bringup'
[0.258s] colcon.colcon_core.package_identification Level 1 _identify(src/ros2_rover/rover_description) by extensions ['ignore', 'ignore_ament_install']
[0.259s] colcon.colcon_core.package_identification Level 1 _identify(src/ros2_rover/rover_description) by extension 'ignore'
[0.259s] colcon.colcon_core.package_identification Level 1 _identify(src/ros2_rover/rover_description) by extension 'ignore_ament_install'
[0.259s] colcon.colcon_core.package_identification Level 1 _identify(src/ros2_rover/rover_description) by extensions ['colcon_pkg']
[0.259s] colcon.colcon_core.package_identification Level 1 _identify(src/ros2_rover/rover_description) by extension 'colcon_pkg'
[0.259s] colcon.colcon_core.package_identification Level 1 _identify(src/ros2_rover/rover_description) by extensions ['colcon_meta']
[0.259s] colcon.colcon_core.package_identification Level 1 _identify(src/ros2_rover/rover_description) by extension 'colcon_meta'
[0.259s] colcon.colcon_core.package_identification Level 1 _identify(src/ros2_rover/rover_description) by extensions ['ros']
[0.259s] colcon.colcon_core.package_identification Level 1 _identify(src/ros2_rover/rover_description) by extension 'ros'
[0.260s] colcon.colcon_core.package_identification DEBUG Package 'src/ros2_rover/rover_description' with type 'ros.ament_cmake' and name 'rover_description'
[0.260s] colcon.colcon_core.package_identification Level 1 _identify(src/ros2_rover/rover_gazebo) by extensions ['ignore', 'ignore_ament_install']
[0.260s] colcon.colcon_core.package_identification Level 1 _identify(src/ros2_rover/rover_gazebo) by extension 'ignore'
[0.260s] colcon.colcon_core.package_identification Level 1 _identify(src/ros2_rover/rover_gazebo) by extension 'ignore_ament_install'
[0.260s] colcon.colcon_core.package_identification Level 1 _identify(src/ros2_rover/rover_gazebo) by extensions ['colcon_pkg']
[0.260s] colcon.colcon_core.package_identification Level 1 _identify(src/ros2_rover/rover_gazebo) by extension 'colcon_pkg'
[0.260s] colcon.colcon_core.package_identification Level 1 _identify(src/ros2_rover/rover_gazebo) by extensions ['colcon_meta']
[0.260s] colcon.colcon_core.package_identification Level 1 _identify(src/ros2_rover/rover_gazebo) by extension 'colcon_meta'
[0.261s] colcon.colcon_core.package_identification Level 1 _identify(src/ros2_rover/rover_gazebo) by extensions ['ros']
[0.261s] colcon.colcon_core.package_identification Level 1 _identify(src/ros2_rover/rover_gazebo) by extension 'ros'
[0.262s] colcon.colcon_core.package_identification DEBUG Package 'src/ros2_rover/rover_gazebo' with type 'ros.ament_cmake' and name 'rover_gazebo'
[0.262s] colcon.colcon_core.package_identification Level 1 _identify(src/ros2_rover/rover_localization) by extensions ['ignore', 'ignore_ament_install']
[0.262s] colcon.colcon_core.package_identification Level 1 _identify(src/ros2_rover/rover_localization) by extension 'ignore'
[0.262s] colcon.colcon_core.package_identification Level 1 _identify(src/ros2_rover/rover_localization) by extension 'ignore_ament_install'
[0.262s] colcon.colcon_core.package_identification Level 1 _identify(src/ros2_rover/rover_localization) by extensions ['colcon_pkg']
[0.262s] colcon.colcon_core.package_identification Level 1 _identify(src/ros2_rover/rover_localization) by extension 'colcon_pkg'
[0.262s] colcon.colcon_core.package_identification Level 1 _identify(src/ros2_rover/rover_localization) by extensions ['colcon_meta']
[0.262s] colcon.colcon_core.package_identification Level 1 _identify(src/ros2_rover/rover_localization) by extension 'colcon_meta'
[0.262s] colcon.colcon_core.package_identification Level 1 _identify(src/ros2_rover/rover_localization) by extensions ['ros']
[0.262s] colcon.colcon_core.package_identification Level 1 _identify(src/ros2_rover/rover_localization) by extension 'ros'
[0.263s] colcon.colcon_core.package_identification DEBUG Package 'src/ros2_rover/rover_localization' with type 'ros.ament_cmake' and name 'rover_localization'
[0.263s] colcon.colcon_core.package_identification Level 1 _identify(src/ros2_rover/rover_motor_controller) by extensions ['ignore', 'ignore_ament_install']
[0.263s] colcon.colcon_core.package_identification Level 1 _identify(src/ros2_rover/rover_motor_controller) by extension 'ignore'
[0.263s] colcon.colcon_core.package_identification Level 1 _identify(src/ros2_rover/rover_motor_controller) by extension 'ignore_ament_install'
[0.263s] colcon.colcon_core.package_identification Level 1 _identify(src/ros2_rover/rover_motor_controller) by extensions ['colcon_pkg']
[0.263s] colcon.colcon_core.package_identification Level 1 _identify(src/ros2_rover/rover_motor_controller) by extension 'colcon_pkg'
[0.263s] colcon.colcon_core.package_identification Level 1 _identify(src/ros2_rover/rover_motor_controller) by extensions ['colcon_meta']
[0.263s] colcon.colcon_core.package_identification Level 1 _identify(src/ros2_rover/rover_motor_controller) by extension 'colcon_meta'
[0.263s] colcon.colcon_core.package_identification Level 1 _identify(src/ros2_rover/rover_motor_controller) by extensions ['ros']
[0.263s] colcon.colcon_core.package_identification Level 1 _identify(src/ros2_rover/rover_motor_controller) by extension 'ros'
[0.264s] colcon.colcon_core.package_identification DEBUG Package 'src/ros2_rover/rover_motor_controller' with type 'ros.ament_python' and name 'rover_motor_controller'
[0.264s] colcon.colcon_core.package_identification Level 1 _identify(src/ros2_rover/rover_motor_controller_cpp) by extensions ['ignore', 'ignore_ament_install']
[0.264s] colcon.colcon_core.package_identification Level 1 _identify(src/ros2_rover/rover_motor_controller_cpp) by extension 'ignore'
[0.264s] colcon.colcon_core.package_identification Level 1 _identify(src/ros2_rover/rover_motor_controller_cpp) by extension 'ignore_ament_install'
[0.264s] colcon.colcon_core.package_identification Level 1 _identify(src/ros2_rover/rover_motor_controller_cpp) by extensions ['colcon_pkg']
[0.264s] colcon.colcon_core.package_identification Level 1 _identify(src/ros2_rover/rover_motor_controller_cpp) by extension 'colcon_pkg'
[0.264s] colcon.colcon_core.package_identification Level 1 _identify(src/ros2_rover/rover_motor_controller_cpp) by extensions ['colcon_meta']
[0.264s] colcon.colcon_core.package_identification Level 1 _identify(src/ros2_rover/rover_motor_controller_cpp) by extension 'colcon_meta'
[0.264s] colcon.colcon_core.package_identification Level 1 _identify(src/ros2_rover/rover_motor_controller_cpp) by extensions ['ros']
[0.264s] colcon.colcon_core.package_identification Level 1 _identify(src/ros2_rover/rover_motor_controller_cpp) by extension 'ros'
[0.265s] colcon.colcon_core.package_identification DEBUG Package 'src/ros2_rover/rover_motor_controller_cpp' with type 'ros.ament_cmake' and name 'rover_motor_controller_cpp'
[0.265s] colcon.colcon_core.package_identification Level 1 _identify(src/ros2_rover/rover_msgs) by extensions ['ignore', 'ignore_ament_install']
[0.265s] colcon.colcon_core.package_identification Level 1 _identify(src/ros2_rover/rover_msgs) by extension 'ignore'
[0.265s] colcon.colcon_core.package_identification Level 1 _identify(src/ros2_rover/rover_msgs) by extension 'ignore_ament_install'
[0.265s] colcon.colcon_core.package_identification Level 1 _identify(src/ros2_rover/rover_msgs) by extensions ['colcon_pkg']
[0.265s] colcon.colcon_core.package_identification Level 1 _identify(src/ros2_rover/rover_msgs) by extension 'colcon_pkg'
[0.265s] colcon.colcon_core.package_identification Level 1 _identify(src/ros2_rover/rover_msgs) by extensions ['colcon_meta']
[0.265s] colcon.colcon_core.package_identification Level 1 _identify(src/ros2_rover/rover_msgs) by extension 'colcon_meta'
[0.265s] colcon.colcon_core.package_identification Level 1 _identify(src/ros2_rover/rover_msgs) by extensions ['ros']
[0.265s] colcon.colcon_core.package_identification Level 1 _identify(src/ros2_rover/rover_msgs) by extension 'ros'
[0.266s] colcon.colcon_core.package_identification DEBUG Package 'src/ros2_rover/rover_msgs' with type 'ros.ament_cmake' and name 'rover_msgs'
[0.266s] colcon.colcon_core.package_identification Level 1 _identify(src/ros2_rover/rover_navigation) by extensions ['ignore', 'ignore_ament_install']
[0.266s] colcon.colcon_core.package_identification Level 1 _identify(src/ros2_rover/rover_navigation) by extension 'ignore'
[0.266s] colcon.colcon_core.package_identification Level 1 _identify(src/ros2_rover/rover_navigation) by extension 'ignore_ament_install'
[0.266s] colcon.colcon_core.package_identification Level 1 _identify(src/ros2_rover/rover_navigation) by extensions ['colcon_pkg']
[0.266s] colcon.colcon_core.package_identification Level 1 _identify(src/ros2_rover/rover_navigation) by extension 'colcon_pkg'
[0.266s] colcon.colcon_core.package_identification Level 1 _identify(src/ros2_rover/rover_navigation) by extensions ['colcon_meta']
[0.266s] colcon.colcon_core.package_identification Level 1 _identify(src/ros2_rover/rover_navigation) by extension 'colcon_meta'
[0.266s] colcon.colcon_core.package_identification Level 1 _identify(src/ros2_rover/rover_navigation) by extensions ['ros']
[0.266s] colcon.colcon_core.package_identification Level 1 _identify(src/ros2_rover/rover_navigation) by extension 'ros'
[0.267s] colcon.colcon_core.package_identification DEBUG Package 'src/ros2_rover/rover_navigation' with type 'ros.ament_cmake' and name 'rover_navigation'
[0.268s] colcon.colcon_core.package_identification Level 1 _identify(src/ros2_rover/rover_service) by extensions ['ignore', 'ignore_ament_install']
[0.268s] colcon.colcon_core.package_identification Level 1 _identify(src/ros2_rover/rover_service) by extension 'ignore'
[0.268s] colcon.colcon_core.package_identification Level 1 _identify(src/ros2_rover/rover_service) by extension 'ignore_ament_install'
[0.268s] colcon.colcon_core.package_identification Level 1 _identify(src/ros2_rover/rover_service) by extensions ['colcon_pkg']
[0.268s] colcon.colcon_core.package_identification Level 1 _identify(src/ros2_rover/rover_service) by extension 'colcon_pkg'
[0.268s] colcon.colcon_core.package_identification Level 1 _identify(src/ros2_rover/rover_service) by extensions ['colcon_meta']
[0.268s] colcon.colcon_core.package_identification Level 1 _identify(src/ros2_rover/rover_service) by extension 'colcon_meta'
[0.268s] colcon.colcon_core.package_identification Level 1 _identify(src/ros2_rover/rover_service) by extensions ['ros']
[0.268s] colcon.colcon_core.package_identification Level 1 _identify(src/ros2_rover/rover_service) by extension 'ros'
[0.268s] colcon.colcon_core.package_identification Level 1 _identify(src/ros2_rover/rover_service) by extensions ['cmake', 'python']
[0.268s] colcon.colcon_core.package_identification Level 1 _identify(src/ros2_rover/rover_service) by extension 'cmake'
[0.268s] colcon.colcon_core.package_identification Level 1 _identify(src/ros2_rover/rover_service) by extension 'python'
[0.268s] colcon.colcon_core.package_identification Level 1 _identify(src/ros2_rover/rover_service) by extensions ['python_setup_py']
[0.268s] colcon.colcon_core.package_identification Level 1 _identify(src/ros2_rover/rover_service) by extension 'python_setup_py'
[0.268s] colcon.colcon_core.package_identification Level 1 _identify(src/ros2_rover/rover_teleop) by extensions ['ignore', 'ignore_ament_install']
[0.268s] colcon.colcon_core.package_identification Level 1 _identify(src/ros2_rover/rover_teleop) by extension 'ignore'
[0.268s] colcon.colcon_core.package_identification Level 1 _identify(src/ros2_rover/rover_teleop) by extension 'ignore_ament_install'
[0.268s] colcon.colcon_core.package_identification Level 1 _identify(src/ros2_rover/rover_teleop) by extensions ['colcon_pkg']
[0.269s] colcon.colcon_core.package_identification Level 1 _identify(src/ros2_rover/rover_teleop) by extension 'colcon_pkg'
[0.269s] colcon.colcon_core.package_identification Level 1 _identify(src/ros2_rover/rover_teleop) by extensions ['colcon_meta']
[0.269s] colcon.colcon_core.package_identification Level 1 _identify(src/ros2_rover/rover_teleop) by extension 'colcon_meta'
[0.269s] colcon.colcon_core.package_identification Level 1 _identify(src/ros2_rover/rover_teleop) by extensions ['ros']
[0.269s] colcon.colcon_core.package_identification Level 1 _identify(src/ros2_rover/rover_teleop) by extension 'ros'
[0.269s] colcon.colcon_core.package_identification DEBUG Package 'src/ros2_rover/rover_teleop' with type 'ros.ament_python' and name 'rover_teleop'
[0.269s] colcon.colcon_core.package_discovery Level 1 discover_packages(recursive) using defaults
[0.269s] colcon.colcon_core.package_discovery Level 1 discover_packages(ignore) discover
[0.269s] colcon.colcon_core.package_discovery Level 1 discover_packages(ignore) using defaults
[0.269s] colcon.colcon_core.package_discovery Level 1 discover_packages(path) discover
[0.269s] colcon.colcon_core.package_discovery Level 1 discover_packages(path) using defaults
[0.288s] colcon.colcon_core.verb Level 5 set package 'rover_description' build argument 'cmake_args' from command line to 'None'
[0.288s] colcon.colcon_core.verb Level 5 set package 'rover_description' build argument 'cmake_target' from command line to 'None'
[0.288s] colcon.colcon_core.verb Level 5 set package 'rover_description' build argument 'cmake_target_skip_unavailable' from command line to 'False'
[0.288s] colcon.colcon_core.verb Level 5 set package 'rover_description' build argument 'cmake_clean_cache' from command line to 'False'
[0.288s] colcon.colcon_core.verb Level 5 set package 'rover_description' build argument 'cmake_clean_first' from command line to 'False'
[0.288s] colcon.colcon_core.verb Level 5 set package 'rover_description' build argument 'cmake_force_configure' from command line to 'False'
[0.288s] colcon.colcon_core.verb Level 5 set package 'rover_description' build argument 'ament_cmake_args' from command line to 'None'
[0.288s] colcon.colcon_core.verb Level 5 set package 'rover_description' build argument 'catkin_cmake_args' from command line to 'None'
[0.288s] colcon.colcon_core.verb Level 5 set package 'rover_description' build argument 'catkin_skip_building_tests' from command line to 'False'
[0.288s] colcon.colcon_core.verb DEBUG Building package 'rover_description' with the following arguments: {'ament_cmake_args': None, 'build_base': '/home/mr-morales/ros2_ws/build/rover_description', 'catkin_cmake_args': None, 'catkin_skip_building_tests': False, 'cmake_args': None, 'cmake_clean_cache': False, 'cmake_clean_first': False, 'cmake_force_configure': False, 'cmake_target': None, 'cmake_target_skip_unavailable': False, 'install_base': '/home/mr-morales/ros2_ws/install/rover_description', 'merge_install': False, 'path': '/home/mr-morales/ros2_ws/src/ros2_rover/rover_description', 'symlink_install': True, 'test_result_base': None}
[0.288s] colcon.colcon_core.verb Level 5 set package 'rover_localization' build argument 'cmake_args' from command line to 'None'
[0.288s] colcon.colcon_core.verb Level 5 set package 'rover_localization' build argument 'cmake_target' from command line to 'None'
[0.288s] colcon.colcon_core.verb Level 5 set package 'rover_localization' build argument 'cmake_target_skip_unavailable' from command line to 'False'
[0.288s] colcon.colcon_core.verb Level 5 set package 'rover_localization' build argument 'cmake_clean_cache' from command line to 'False'
[0.288s] colcon.colcon_core.verb Level 5 set package 'rover_localization' build argument 'cmake_clean_first' from command line to 'False'
[0.288s] colcon.colcon_core.verb Level 5 set package 'rover_localization' build argument 'cmake_force_configure' from command line to 'False'
[0.288s] colcon.colcon_core.verb Level 5 set package 'rover_localization' build argument 'ament_cmake_args' from command line to 'None'
[0.288s] colcon.colcon_core.verb Level 5 set package 'rover_localization' build argument 'catkin_cmake_args' from command line to 'None'
[0.288s] colcon.colcon_core.verb Level 5 set package 'rover_localization' build argument 'catkin_skip_building_tests' from command line to 'False'
[0.288s] colcon.colcon_core.verb DEBUG Building package 'rover_localization' with the following arguments: {'ament_cmake_args': None, 'build_base': '/home/mr-morales/ros2_ws/build/rover_localization', 'catkin_cmake_args': None, 'catkin_skip_building_tests': False, 'cmake_args': None, 'cmake_clean_cache': False, 'cmake_clean_first': False, 'cmake_force_configure': False, 'cmake_target': None, 'cmake_target_skip_unavailable': False, 'install_base': '/home/mr-morales/ros2_ws/install/rover_localization', 'merge_install': False, 'path': '/home/mr-morales/ros2_ws/src/ros2_rover/rover_localization', 'symlink_install': True, 'test_result_base': None}
[0.289s] colcon.colcon_core.verb Level 5 set package 'rover_msgs' build argument 'cmake_args' from command line to 'None'
[0.289s] colcon.colcon_core.verb Level 5 set package 'rover_msgs' build argument 'cmake_target' from command line to 'None'
[0.289s] colcon.colcon_core.verb Level 5 set package 'rover_msgs' build argument 'cmake_target_skip_unavailable' from command line to 'False'
[0.289s] colcon.colcon_core.verb Level 5 set package 'rover_msgs' build argument 'cmake_clean_cache' from command line to 'False'
[0.289s] colcon.colcon_core.verb Level 5 set package 'rover_msgs' build argument 'cmake_clean_first' from command line to 'False'
[0.289s] colcon.colcon_core.verb Level 5 set package 'rover_msgs' build argument 'cmake_force_configure' from command line to 'False'
[0.289s] colcon.colcon_core.verb Level 5 set package 'rover_msgs' build argument 'ament_cmake_args' from command line to 'None'
[0.289s] colcon.colcon_core.verb Level 5 set package 'rover_msgs' build argument 'catkin_cmake_args' from command line to 'None'
[0.289s] colcon.colcon_core.verb Level 5 set package 'rover_msgs' build argument 'catkin_skip_building_tests' from command line to 'False'
[0.289s] colcon.colcon_core.verb DEBUG Building package 'rover_msgs' with the following arguments: {'ament_cmake_args': None, 'build_base': '/home/mr-morales/ros2_ws/build/rover_msgs', 'catkin_cmake_args': None, 'catkin_skip_building_tests': False, 'cmake_args': None, 'cmake_clean_cache': False, 'cmake_clean_first': False, 'cmake_force_configure': False, 'cmake_target': None, 'cmake_target_skip_unavailable': False, 'install_base': '/home/mr-morales/ros2_ws/install/rover_msgs', 'merge_install': False, 'path': '/home/mr-morales/ros2_ws/src/ros2_rover/rover_msgs', 'symlink_install': True, 'test_result_base': None}
[0.289s] colcon.colcon_core.verb Level 5 set package 'rover_navigation' build argument 'cmake_args' from command line to 'None'
[0.289s] colcon.colcon_core.verb Level 5 set package 'rover_navigation' build argument 'cmake_target' from command line to 'None'
[0.289s] colcon.colcon_core.verb Level 5 set package 'rover_navigation' build argument 'cmake_target_skip_unavailable' from command line to 'False'
[0.289s] colcon.colcon_core.verb Level 5 set package 'rover_navigation' build argument 'cmake_clean_cache' from command line to 'False'
[0.289s] colcon.colcon_core.verb Level 5 set package 'rover_navigation' build argument 'cmake_clean_first' from command line to 'False'
[0.289s] colcon.colcon_core.verb Level 5 set package 'rover_navigation' build argument 'cmake_force_configure' from command line to 'False'
[0.289s] colcon.colcon_core.verb Level 5 set package 'rover_navigation' build argument 'ament_cmake_args' from command line to 'None'
[0.289s] colcon.colcon_core.verb Level 5 set package 'rover_navigation' build argument 'catkin_cmake_args' from command line to 'None'
[0.289s] colcon.colcon_core.verb Level 5 set package 'rover_navigation' build argument 'catkin_skip_building_tests' from command line to 'False'
[0.289s] colcon.colcon_core.verb DEBUG Building package 'rover_navigation' with the following arguments: {'ament_cmake_args': None, 'build_base': '/home/mr-morales/ros2_ws/build/rover_navigation', 'catkin_cmake_args': None, 'catkin_skip_building_tests': False, 'cmake_args': None, 'cmake_clean_cache': False, 'cmake_clean_first': False, 'cmake_force_configure': False, 'cmake_target': None, 'cmake_target_skip_unavailable': False, 'install_base': '/home/mr-morales/ros2_ws/install/rover_navigation', 'merge_install': False, 'path': '/home/mr-morales/ros2_ws/src/ros2_rover/rover_navigation', 'symlink_install': True, 'test_result_base': None}
[0.289s] colcon.colcon_core.verb Level 5 set package 'rover_teleop' build argument 'cmake_args' from command line to 'None'
[0.289s] colcon.colcon_core.verb Level 5 set package 'rover_teleop' build argument 'cmake_target' from command line to 'None'
[0.289s] colcon.colcon_core.verb Level 5 set package 'rover_teleop' build argument 'cmake_target_skip_unavailable' from command line to 'False'
[0.289s] colcon.colcon_core.verb Level 5 set package 'rover_teleop' build argument 'cmake_clean_cache' from command line to 'False'
[0.290s] colcon.colcon_core.verb Level 5 set package 'rover_teleop' build argument 'cmake_clean_first' from command line to 'False'
[0.290s] colcon.colcon_core.verb Level 5 set package 'rover_teleop' build argument 'cmake_force_configure' from command line to 'False'
[0.290s] colcon.colcon_core.verb Level 5 set package 'rover_teleop' build argument 'ament_cmake_args' from command line to 'None'
[0.290s] colcon.colcon_core.verb Level 5 set package 'rover_teleop' build argument 'catkin_cmake_args' from command line to 'None'
[0.290s] colcon.colcon_core.verb Level 5 set package 'rover_teleop' build argument 'catkin_skip_building_tests' from command line to 'False'
[0.290s] colcon.colcon_core.verb DEBUG Building package 'rover_teleop' with the following arguments: {'ament_cmake_args': None, 'build_base': '/home/mr-morales/ros2_ws/build/rover_teleop', 'catkin_cmake_args': None, 'catkin_skip_building_tests': False, 'cmake_args': None, 'cmake_clean_cache': False, 'cmake_clean_first': False, 'cmake_force_configure': False, 'cmake_target': None, 'cmake_target_skip_unavailable': False, 'install_base': '/home/mr-morales/ros2_ws/install/rover_teleop', 'merge_install': False, 'path': '/home/mr-morales/ros2_ws/src/ros2_rover/rover_teleop', 'symlink_install': True, 'test_result_base': None}
[0.290s] colcon.colcon_core.verb Level 5 set package 'rover_motor_controller' build argument 'cmake_args' from command line to 'None'
[0.290s] colcon.colcon_core.verb Level 5 set package 'rover_motor_controller' build argument 'cmake_target' from command line to 'None'
[0.290s] colcon.colcon_core.verb Level 5 set package 'rover_motor_controller' build argument 'cmake_target_skip_unavailable' from command line to 'False'
[0.290s] colcon.colcon_core.verb Level 5 set package 'rover_motor_controller' build argument 'cmake_clean_cache' from command line to 'False'
[0.290s] colcon.colcon_core.verb Level 5 set package 'rover_motor_controller' build argument 'cmake_clean_first' from command line to 'False'
[0.290s] colcon.colcon_core.verb Level 5 set package 'rover_motor_controller' build argument 'cmake_force_configure' from command line to 'False'
[0.290s] colcon.colcon_core.verb Level 5 set package 'rover_motor_controller' build argument 'ament_cmake_args' from command line to 'None'
[0.290s] colcon.colcon_core.verb Level 5 set package 'rover_motor_controller' build argument 'catkin_cmake_args' from command line to 'None'
[0.290s] colcon.colcon_core.verb Level 5 set package 'rover_motor_controller' build argument 'catkin_skip_building_tests' from command line to 'False'
[0.290s] colcon.colcon_core.verb DEBUG Building package 'rover_motor_controller' with the following arguments: {'ament_cmake_args': None, 'build_base': '/home/mr-morales/ros2_ws/build/rover_motor_controller', 'catkin_cmake_args': None, 'catkin_skip_building_tests': False, 'cmake_args': None, 'cmake_clean_cache': False, 'cmake_clean_first': False, 'cmake_force_configure': False, 'cmake_target': None, 'cmake_target_skip_unavailable': False, 'install_base': '/home/mr-morales/ros2_ws/install/rover_motor_controller', 'merge_install': False, 'path': '/home/mr-morales/ros2_ws/src/ros2_rover/rover_motor_controller', 'symlink_install': True, 'test_result_base': None}
[0.290s] colcon.colcon_core.verb Level 5 set package 'rover_motor_controller_cpp' build argument 'cmake_args' from command line to 'None'
[0.290s] colcon.colcon_core.verb Level 5 set package 'rover_motor_controller_cpp' build argument 'cmake_target' from command line to 'None'
[0.290s] colcon.colcon_core.verb Level 5 set package 'rover_motor_controller_cpp' build argument 'cmake_target_skip_unavailable' from command line to 'False'
[0.290s] colcon.colcon_core.verb Level 5 set package 'rover_motor_controller_cpp' build argument 'cmake_clean_cache' from command line to 'False'
[0.290s] colcon.colcon_core.verb Level 5 set package 'rover_motor_controller_cpp' build argument 'cmake_clean_first' from command line to 'False'
[0.290s] colcon.colcon_core.verb Level 5 set package 'rover_motor_controller_cpp' build argument 'cmake_force_configure' from command line to 'False'
[0.290s] colcon.colcon_core.verb Level 5 set package 'rover_motor_controller_cpp' build argument 'ament_cmake_args' from command line to 'None'
[0.290s] colcon.colcon_core.verb Level 5 set package 'rover_motor_controller_cpp' build argument 'catkin_cmake_args' from command line to 'None'
[0.290s] colcon.colcon_core.verb Level 5 set package 'rover_motor_controller_cpp' build argument 'catkin_skip_building_tests' from command line to 'False'
[0.290s] colcon.colcon_core.verb DEBUG Building package 'rover_motor_controller_cpp' with the following arguments: {'ament_cmake_args': None, 'build_base': '/home/mr-morales/ros2_ws/build/rover_motor_controller_cpp', 'catkin_cmake_args': None, 'catkin_skip_building_tests': False, 'cmake_args': None, 'cmake_clean_cache': False, 'cmake_clean_first': False, 'cmake_force_configure': False, 'cmake_target': None, 'cmake_target_skip_unavailable': False, 'install_base': '/home/mr-morales/ros2_ws/install/rover_motor_controller_cpp', 'merge_install': False, 'path': '/home/mr-morales/ros2_ws/src/ros2_rover/rover_motor_controller_cpp', 'symlink_install': True, 'test_result_base': None}
[0.290s] colcon.colcon_core.verb Level 5 set package 'rover_bringup' build argument 'cmake_args' from command line to 'None'
[0.290s] colcon.colcon_core.verb Level 5 set package 'rover_bringup' build argument 'cmake_target' from command line to 'None'
[0.291s] colcon.colcon_core.verb Level 5 set package 'rover_bringup' build argument 'cmake_target_skip_unavailable' from command line to 'False'
[0.291s] colcon.colcon_core.verb Level 5 set package 'rover_bringup' build argument 'cmake_clean_cache' from command line to 'False'
[0.291s] colcon.colcon_core.verb Level 5 set package 'rover_bringup' build argument 'cmake_clean_first' from command line to 'False'
[0.291s] colcon.colcon_core.verb Level 5 set package 'rover_bringup' build argument 'cmake_force_configure' from command line to 'False'
[0.291s] colcon.colcon_core.verb Level 5 set package 'rover_bringup' build argument 'ament_cmake_args' from command line to 'None'
[0.291s] colcon.colcon_core.verb Level 5 set package 'rover_bringup' build argument 'catkin_cmake_args' from command line to 'None'
[0.291s] colcon.colcon_core.verb Level 5 set package 'rover_bringup' build argument 'catkin_skip_building_tests' from command line to 'False'
[0.291s] colcon.colcon_core.verb DEBUG Building package 'rover_bringup' with the following arguments: {'ament_cmake_args': None, 'build_base': '/home/mr-morales/ros2_ws/build/rover_bringup', 'catkin_cmake_args': None, 'catkin_skip_building_tests': False, 'cmake_args': None, 'cmake_clean_cache': False, 'cmake_clean_first': False, 'cmake_force_configure': False, 'cmake_target': None, 'cmake_target_skip_unavailable': False, 'install_base': '/home/mr-morales/ros2_ws/install/rover_bringup', 'merge_install': False, 'path': '/home/mr-morales/ros2_ws/src/ros2_rover/rover_bringup', 'symlink_install': True, 'test_result_base': None}
[0.291s] colcon.colcon_core.verb Level 5 set package 'rover_gazebo' build argument 'cmake_args' from command line to 'None'
[0.291s] colcon.colcon_core.verb Level 5 set package 'rover_gazebo' build argument 'cmake_target' from command line to 'None'
[0.291s] colcon.colcon_core.verb Level 5 set package 'rover_gazebo' build argument 'cmake_target_skip_unavailable' from command line to 'False'
[0.291s] colcon.colcon_core.verb Level 5 set package 'rover_gazebo' build argument 'cmake_clean_cache' from command line to 'False'
[0.291s] colcon.colcon_core.verb Level 5 set package 'rover_gazebo' build argument 'cmake_clean_first' from command line to 'False'
[0.291s] colcon.colcon_core.verb Level 5 set package 'rover_gazebo' build argument 'cmake_force_configure' from command line to 'False'
[0.291s] colcon.colcon_core.verb Level 5 set package 'rover_gazebo' build argument 'ament_cmake_args' from command line to 'None'
[0.291s] colcon.colcon_core.verb Level 5 set package 'rover_gazebo' build argument 'catkin_cmake_args' from command line to 'None'
[0.291s] colcon.colcon_core.verb Level 5 set package 'rover_gazebo' build argument 'catkin_skip_building_tests' from command line to 'False'
[0.291s] colcon.colcon_core.verb DEBUG Building package 'rover_gazebo' with the following arguments: {'ament_cmake_args': None, 'build_base': '/home/mr-morales/ros2_ws/build/rover_gazebo', 'catkin_cmake_args': None, 'catkin_skip_building_tests': False, 'cmake_args': None, 'cmake_clean_cache': False, 'cmake_clean_first': False, 'cmake_force_configure': False, 'cmake_target': None, 'cmake_target_skip_unavailable': False, 'install_base': '/home/mr-morales/ros2_ws/install/rover_gazebo', 'merge_install': False, 'path': '/home/mr-morales/ros2_ws/src/ros2_rover/rover_gazebo', 'symlink_install': True, 'test_result_base': None}
[0.291s] colcon.colcon_core.executor INFO Executing jobs using 'parallel' executor
[0.292s] colcon.colcon_parallel_executor.executor.parallel DEBUG run_until_complete
[0.293s] colcon.colcon_ros.task.ament_cmake.build INFO Building ROS package in '/home/mr-morales/ros2_ws/src/ros2_rover/rover_msgs' with build type 'ament_cmake'
[0.293s] colcon.colcon_cmake.task.cmake.build INFO Building CMake package in '/home/mr-morales/ros2_ws/src/ros2_rover/rover_msgs'
[0.297s] colcon.colcon_core.plugin_system INFO Skipping extension 'colcon_core.shell.bat': Not used on non-Windows systems
[0.297s] colcon.colcon_core.shell INFO Skip shell extension 'powershell' for command environment: Not usable outside of PowerShell
[0.297s] colcon.colcon_core.shell DEBUG Skip shell extension 'dsv' for command environment
[0.308s] colcon.colcon_ros.task.ament_cmake.build INFO Building ROS package in '/home/mr-morales/ros2_ws/src/ros2_rover/rover_description' with build type 'ament_cmake'
[0.308s] colcon.colcon_cmake.task.cmake.build INFO Building CMake package in '/home/mr-morales/ros2_ws/src/ros2_rover/rover_description'
[0.309s] colcon.colcon_core.shell INFO Skip shell extension 'powershell' for command environment: Not usable outside of PowerShell
[0.309s] colcon.colcon_core.shell DEBUG Skip shell extension 'dsv' for command environment
[0.314s] colcon.colcon_ros.task.ament_cmake.build INFO Building ROS package in '/home/mr-morales/ros2_ws/src/ros2_rover/rover_localization' with build type 'ament_cmake'
[0.314s] colcon.colcon_cmake.task.cmake.build INFO Building CMake package in '/home/mr-morales/ros2_ws/src/ros2_rover/rover_localization'
[0.314s] colcon.colcon_core.shell INFO Skip shell extension 'powershell' for command environment: Not usable outside of PowerShell
[0.314s] colcon.colcon_core.shell DEBUG Skip shell extension 'dsv' for command environment
[0.318s] colcon.colcon_ros.task.ament_cmake.build INFO Building ROS package in '/home/mr-morales/ros2_ws/src/ros2_rover/rover_navigation' with build type 'ament_cmake'
[0.319s] colcon.colcon_cmake.task.cmake.build INFO Building CMake package in '/home/mr-morales/ros2_ws/src/ros2_rover/rover_navigation'
[0.319s] colcon.colcon_core.shell INFO Skip shell extension 'powershell' for command environment: Not usable outside of PowerShell
[0.319s] colcon.colcon_core.shell DEBUG Skip shell extension 'dsv' for command environment
[0.323s] colcon.colcon_ros.task.ament_python.build INFO Building ROS package in '/home/mr-morales/ros2_ws/src/ros2_rover/rover_teleop' with build type 'ament_python'
[0.323s] colcon.colcon_core.shell Level 1 create_environment_hook('rover_teleop', 'ament_prefix_path')
[0.323s] colcon.colcon_core.shell INFO Creating environment hook '/home/mr-morales/ros2_ws/install/rover_teleop/share/rover_teleop/hook/ament_prefix_path.ps1'
[0.324s] colcon.colcon_core.shell INFO Creating environment descriptor '/home/mr-morales/ros2_ws/install/rover_teleop/share/rover_teleop/hook/ament_prefix_path.dsv'
[0.325s] colcon.colcon_core.shell INFO Creating environment hook '/home/mr-morales/ros2_ws/install/rover_teleop/share/rover_teleop/hook/ament_prefix_path.sh'
[0.326s] colcon.colcon_core.shell INFO Skip shell extension 'powershell' for command environment: Not usable outside of PowerShell
[0.326s] colcon.colcon_core.shell DEBUG Skip shell extension 'dsv' for command environment
[0.334s] colcon.colcon_core.event_handler.log_command DEBUG Invoking command in '/home/mr-morales/ros2_ws/build/rover_msgs': CMAKE_PREFIX_PATH=/home/mr-morales/miniforge3/envs/ros2_jazzy CONDA_PROMPT_MODIFIER=(ros2_jazzy) /home/mr-morales/miniforge3/envs/ros2_jazzy/bin/cmake /home/mr-morales/ros2_ws/src/ros2_rover/rover_msgs -DAMENT_CMAKE_SYMLINK_INSTALL=1 -DCMAKE_INSTALL_PREFIX=/home/mr-morales/ros2_ws/install/rover_msgs
[0.336s] colcon.colcon_core.event_handler.log_command DEBUG Invoking command in '/home/mr-morales/ros2_ws/build/rover_description': CMAKE_PREFIX_PATH=/home/mr-morales/miniforge3/envs/ros2_jazzy CONDA_PROMPT_MODIFIER=(ros2_jazzy) /home/mr-morales/miniforge3/envs/ros2_jazzy/bin/cmake /home/mr-morales/ros2_ws/src/ros2_rover/rover_description -DAMENT_CMAKE_SYMLINK_INSTALL=1 -DCMAKE_INSTALL_PREFIX=/home/mr-morales/ros2_ws/install/rover_description
[0.337s] colcon.colcon_core.event_handler.log_command DEBUG Invoking command in '/home/mr-morales/ros2_ws/build/rover_localization': CMAKE_PREFIX_PATH=/home/mr-morales/miniforge3/envs/ros2_jazzy CONDA_PROMPT_MODIFIER=(ros2_jazzy) /home/mr-morales/miniforge3/envs/ros2_jazzy/bin/cmake /home/mr-morales/ros2_ws/src/ros2_rover/rover_localization -DAMENT_CMAKE_SYMLINK_INSTALL=1 -DCMAKE_INSTALL_PREFIX=/home/mr-morales/ros2_ws/install/rover_localization
[0.339s] colcon.colcon_core.event_handler.log_command DEBUG Invoking command in '/home/mr-morales/ros2_ws/build/rover_navigation': CMAKE_PREFIX_PATH=/home/mr-morales/miniforge3/envs/ros2_jazzy CONDA_PROMPT_MODIFIER=(ros2_jazzy) /home/mr-morales/miniforge3/envs/ros2_jazzy/bin/cmake /home/mr-morales/ros2_ws/src/ros2_rover/rover_navigation -DAMENT_CMAKE_SYMLINK_INSTALL=1 -DCMAKE_INSTALL_PREFIX=/home/mr-morales/ros2_ws/install/rover_navigation
[1.046s] colcon.colcon_core.task.python.build INFO Building Python package in '/home/mr-morales/ros2_ws/src/ros2_rover/rover_teleop'
[1.047s] colcon.colcon_core.shell INFO Skip shell extension 'powershell' for command environment: Not usable outside of PowerShell
[1.047s] colcon.colcon_core.shell DEBUG Skip shell extension 'dsv' for command environment
[2.147s] colcon.colcon_core.event_handler.log_command DEBUG Invoked command in '/home/mr-morales/ros2_ws/build/rover_navigation' returned '0': CMAKE_PREFIX_PATH=/home/mr-morales/miniforge3/envs/ros2_jazzy CONDA_PROMPT_MODIFIER=(ros2_jazzy) /home/mr-morales/miniforge3/envs/ros2_jazzy/bin/cmake /home/mr-morales/ros2_ws/src/ros2_rover/rover_navigation -DAMENT_CMAKE_SYMLINK_INSTALL=1 -DCMAKE_INSTALL_PREFIX=/home/mr-morales/ros2_ws/install/rover_navigation
[2.149s] colcon.colcon_core.event_handler.log_command DEBUG Invoking command in '/home/mr-morales/ros2_ws/build/rover_navigation': CMAKE_PREFIX_PATH=/home/mr-morales/miniforge3/envs/ros2_jazzy CONDA_PROMPT_MODIFIER=(ros2_jazzy) /home/mr-morales/miniforge3/envs/ros2_jazzy/bin/cmake --build /home/mr-morales/ros2_ws/build/rover_navigation -- -j12 -l12
[2.225s] colcon.colcon_core.event_handler.log_command DEBUG Invoked command in '/home/mr-morales/ros2_ws/build/rover_navigation' returned '0': CMAKE_PREFIX_PATH=/home/mr-morales/miniforge3/envs/ros2_jazzy CONDA_PROMPT_MODIFIER=(ros2_jazzy) /home/mr-morales/miniforge3/envs/ros2_jazzy/bin/cmake --build /home/mr-morales/ros2_ws/build/rover_navigation -- -j12 -l12
[2.242s] colcon.colcon_core.event_handler.log_command DEBUG Invoking command in '/home/mr-morales/ros2_ws/build/rover_navigation': CMAKE_PREFIX_PATH=/home/mr-morales/miniforge3/envs/ros2_jazzy CONDA_PROMPT_MODIFIER=(ros2_jazzy) /home/mr-morales/miniforge3/envs/ros2_jazzy/bin/cmake --install /home/mr-morales/ros2_ws/build/rover_navigation
[2.247s] colcon.colcon_core.event_handler.log_command DEBUG Invoking command in '/home/mr-morales/ros2_ws/build/rover_teleop': CONDA_PROMPT_MODIFIER=(ros2_jazzy) PYTHONPATH=/home/mr-morales/ros2_ws/build/rover_teleop/prefix_override:/home/mr-morales/miniforge3/envs/ros2_jazzy/lib/python3.12/site-packages/colcon_core/task/python/colcon_distutils_commands:/home/mr-morales/ros2_ws/install/rover_teleop/lib/python3.12/site-packages:${PYTHONPATH} /home/mr-morales/miniforge3/envs/ros2_jazzy/bin/python3.12 -W ignore:setup.py install is deprecated -W ignore:easy_install command is deprecated setup.py develop --editable --build-directory /home/mr-morales/ros2_ws/build/rover_teleop/build --no-deps symlink_data
[2.385s] colcon.colcon_core.event_handler.log_command DEBUG Invoked command in '/home/mr-morales/ros2_ws/build/rover_description' returned '0': CMAKE_PREFIX_PATH=/home/mr-morales/miniforge3/envs/ros2_jazzy CONDA_PROMPT_MODIFIER=(ros2_jazzy) /home/mr-morales/miniforge3/envs/ros2_jazzy/bin/cmake /home/mr-morales/ros2_ws/src/ros2_rover/rover_description -DAMENT_CMAKE_SYMLINK_INSTALL=1 -DCMAKE_INSTALL_PREFIX=/home/mr-morales/ros2_ws/install/rover_description
[2.387s] colcon.colcon_core.event_handler.log_command DEBUG Invoking command in '/home/mr-morales/ros2_ws/build/rover_description': CMAKE_PREFIX_PATH=/home/mr-morales/miniforge3/envs/ros2_jazzy CONDA_PROMPT_MODIFIER=(ros2_jazzy) /home/mr-morales/miniforge3/envs/ros2_jazzy/bin/cmake --build /home/mr-morales/ros2_ws/build/rover_description -- -j12 -l12
[2.415s] colcon.colcon_core.event_handler.log_command DEBUG Invoked command in '/home/mr-morales/ros2_ws/build/rover_localization' returned '0': CMAKE_PREFIX_PATH=/home/mr-morales/miniforge3/envs/ros2_jazzy CONDA_PROMPT_MODIFIER=(ros2_jazzy) /home/mr-morales/miniforge3/envs/ros2_jazzy/bin/cmake /home/mr-morales/ros2_ws/src/ros2_rover/rover_localization -DAMENT_CMAKE_SYMLINK_INSTALL=1 -DCMAKE_INSTALL_PREFIX=/home/mr-morales/ros2_ws/install/rover_localization
[2.417s] colcon.colcon_core.event_handler.log_command DEBUG Invoking command in '/home/mr-morales/ros2_ws/build/rover_localization': CMAKE_PREFIX_PATH=/home/mr-morales/miniforge3/envs/ros2_jazzy CONDA_PROMPT_MODIFIER=(ros2_jazzy) /home/mr-morales/miniforge3/envs/ros2_jazzy/bin/cmake --build /home/mr-morales/ros2_ws/build/rover_localization -- -j12 -l12
[2.439s] colcon.colcon_core.event_handler.log_command DEBUG Invoked command in '/home/mr-morales/ros2_ws/build/rover_description' returned '0': CMAKE_PREFIX_PATH=/home/mr-morales/miniforge3/envs/ros2_jazzy CONDA_PROMPT_MODIFIER=(ros2_jazzy) /home/mr-morales/miniforge3/envs/ros2_jazzy/bin/cmake --build /home/mr-morales/ros2_ws/build/rover_description -- -j12 -l12
[2.441s] colcon.colcon_core.event_handler.log_command DEBUG Invoking command in '/home/mr-morales/ros2_ws/build/rover_description': CMAKE_PREFIX_PATH=/home/mr-morales/miniforge3/envs/ros2_jazzy CONDA_PROMPT_MODIFIER=(ros2_jazzy) /home/mr-morales/miniforge3/envs/ros2_jazzy/bin/cmake --install /home/mr-morales/ros2_ws/build/rover_description
[2.475s] colcon.colcon_core.event_handler.log_command DEBUG Invoked command in '/home/mr-morales/ros2_ws/build/rover_localization' returned '0': CMAKE_PREFIX_PATH=/home/mr-morales/miniforge3/envs/ros2_jazzy CONDA_PROMPT_MODIFIER=(ros2_jazzy) /home/mr-morales/miniforge3/envs/ros2_jazzy/bin/cmake --build /home/mr-morales/ros2_ws/build/rover_localization -- -j12 -l12
[2.477s] colcon.colcon_core.event_handler.log_command DEBUG Invoking command in '/home/mr-morales/ros2_ws/build/rover_localization': CMAKE_PREFIX_PATH=/home/mr-morales/miniforge3/envs/ros2_jazzy CONDA_PROMPT_MODIFIER=(ros2_jazzy) /home/mr-morales/miniforge3/envs/ros2_jazzy/bin/cmake --install /home/mr-morales/ros2_ws/build/rover_localization
[2.529s] colcon.colcon_core.environment Level 1 create_environment_scripts_only(rover_navigation)
[2.530s] colcon.colcon_core.event_handler.log_command DEBUG Invoked command in '/home/mr-morales/ros2_ws/build/rover_navigation' returned '0': CMAKE_PREFIX_PATH=/home/mr-morales/miniforge3/envs/ros2_jazzy CONDA_PROMPT_MODIFIER=(ros2_jazzy) /home/mr-morales/miniforge3/envs/ros2_jazzy/bin/cmake --install /home/mr-morales/ros2_ws/build/rover_navigation
[2.534s] colcon.colcon_core.environment Level 1 checking '/home/mr-morales/ros2_ws/install/rover_navigation' for CMake module files
[2.536s] colcon.colcon_core.environment Level 1 checking '/home/mr-morales/ros2_ws/install/rover_navigation' for CMake config files
[2.537s] colcon.colcon_core.shell Level 1 create_environment_hook('rover_navigation', 'cmake_prefix_path')
[2.538s] colcon.colcon_core.shell INFO Creating environment hook '/home/mr-morales/ros2_ws/install/rover_navigation/share/rover_navigation/hook/cmake_prefix_path.ps1'
[2.539s] colcon.colcon_core.shell INFO Creating environment descriptor '/home/mr-morales/ros2_ws/install/rover_navigation/share/rover_navigation/hook/cmake_prefix_path.dsv'
[2.541s] colcon.colcon_core.shell INFO Creating environment hook '/home/mr-morales/ros2_ws/install/rover_navigation/share/rover_navigation/hook/cmake_prefix_path.sh'
[2.543s] colcon.colcon_core.environment Level 1 checking '/home/mr-morales/ros2_ws/install/rover_navigation/bin'
[2.543s] colcon.colcon_core.environment Level 1 checking '/home/mr-morales/ros2_ws/install/rover_navigation/lib/pkgconfig/rover_navigation.pc'
[2.544s] colcon.colcon_core.environment Level 1 checking '/home/mr-morales/ros2_ws/install/rover_navigation/lib/python3.12/site-packages'
[2.545s] colcon.colcon_core.environment Level 1 checking '/home/mr-morales/ros2_ws/install/rover_navigation/bin'
[2.545s] colcon.colcon_core.shell INFO Creating package script '/home/mr-morales/ros2_ws/install/rover_navigation/share/rover_navigation/package.ps1'
[2.549s] colcon.colcon_core.shell INFO Creating package descriptor '/home/mr-morales/ros2_ws/install/rover_navigation/share/rover_navigation/package.dsv'
[2.550s] colcon.colcon_core.shell INFO Creating package script '/home/mr-morales/ros2_ws/install/rover_navigation/share/rover_navigation/package.sh'
[2.552s] colcon.colcon_core.shell INFO Creating package script '/home/mr-morales/ros2_ws/install/rover_navigation/share/rover_navigation/package.bash'
[2.555s] colcon.colcon_core.shell INFO Creating package script '/home/mr-morales/ros2_ws/install/rover_navigation/share/rover_navigation/package.zsh'
[2.558s] colcon.colcon_core.environment Level 1 create_file_with_runtime_dependencies(/home/mr-morales/ros2_ws/install/rover_navigation/share/colcon-core/packages/rover_navigation)
[2.559s] colcon.colcon_core.environment Level 1 create_environment_scripts_only(rover_navigation)
[2.559s] colcon.colcon_core.environment Level 1 checking '/home/mr-morales/ros2_ws/install/rover_navigation' for CMake module files
[2.561s] colcon.colcon_core.environment Level 1 checking '/home/mr-morales/ros2_ws/install/rover_navigation' for CMake config files
[2.561s] colcon.colcon_core.shell Level 1 create_environment_hook('rover_navigation', 'cmake_prefix_path')
[2.561s] colcon.colcon_core.shell INFO Creating environment hook '/home/mr-morales/ros2_ws/install/rover_navigation/share/rover_navigation/hook/cmake_prefix_path.ps1'
[2.563s] colcon.colcon_core.shell INFO Creating environment descriptor '/home/mr-morales/ros2_ws/install/rover_navigation/share/rover_navigation/hook/cmake_prefix_path.dsv'
[2.564s] colcon.colcon_core.shell INFO Creating environment hook '/home/mr-morales/ros2_ws/install/rover_navigation/share/rover_navigation/hook/cmake_prefix_path.sh'
[2.566s] colcon.colcon_core.environment Level 1 checking '/home/mr-morales/ros2_ws/install/rover_navigation/bin'
[2.566s] colcon.colcon_core.environment Level 1 checking '/home/mr-morales/ros2_ws/install/rover_navigation/lib/pkgconfig/rover_navigation.pc'
[2.567s] colcon.colcon_core.environment Level 1 checking '/home/mr-morales/ros2_ws/install/rover_navigation/lib/python3.12/site-packages'
[2.567s] colcon.colcon_core.environment Level 1 checking '/home/mr-morales/ros2_ws/install/rover_navigation/bin'
[2.568s] colcon.colcon_core.shell INFO Creating package script '/home/mr-morales/ros2_ws/install/rover_navigation/share/rover_navigation/package.ps1'
[2.570s] colcon.colcon_core.shell INFO Creating package descriptor '/home/mr-morales/ros2_ws/install/rover_navigation/share/rover_navigation/package.dsv'
[2.571s] colcon.colcon_core.shell INFO Creating package script '/home/mr-morales/ros2_ws/install/rover_navigation/share/rover_navigation/package.sh'
[2.573s] colcon.colcon_core.shell INFO Creating package script '/home/mr-morales/ros2_ws/install/rover_navigation/share/rover_navigation/package.bash'
[2.575s] colcon.colcon_core.shell INFO Creating package script '/home/mr-morales/ros2_ws/install/rover_navigation/share/rover_navigation/package.zsh'
[2.576s] colcon.colcon_core.environment Level 1 create_file_with_runtime_dependencies(/home/mr-morales/ros2_ws/install/rover_navigation/share/colcon-core/packages/rover_navigation)
[2.744s] colcon.colcon_core.environment Level 1 create_environment_scripts_only(rover_localization)
[2.744s] colcon.colcon_core.environment Level 1 checking '/home/mr-morales/ros2_ws/install/rover_localization' for CMake module files
[2.745s] colcon.colcon_core.event_handler.log_command DEBUG Invoked command in '/home/mr-morales/ros2_ws/build/rover_localization' returned '0': CMAKE_PREFIX_PATH=/home/mr-morales/miniforge3/envs/ros2_jazzy CONDA_PROMPT_MODIFIER=(ros2_jazzy) /home/mr-morales/miniforge3/envs/ros2_jazzy/bin/cmake --install /home/mr-morales/ros2_ws/build/rover_localization
[2.747s] colcon.colcon_core.environment Level 1 checking '/home/mr-morales/ros2_ws/install/rover_localization' for CMake config files
[2.747s] colcon.colcon_core.shell Level 1 create_environment_hook('rover_localization', 'cmake_prefix_path')
[2.747s] colcon.colcon_core.shell INFO Creating environment hook '/home/mr-morales/ros2_ws/install/rover_localization/share/rover_localization/hook/cmake_prefix_path.ps1'
[2.749s] colcon.colcon_core.shell INFO Creating environment descriptor '/home/mr-morales/ros2_ws/install/rover_localization/share/rover_localization/hook/cmake_prefix_path.dsv'
[2.750s] colcon.colcon_core.shell INFO Creating environment hook '/home/mr-morales/ros2_ws/install/rover_localization/share/rover_localization/hook/cmake_prefix_path.sh'
[2.751s] colcon.colcon_core.environment Level 1 checking '/home/mr-morales/ros2_ws/install/rover_localization/bin'
[2.752s] colcon.colcon_core.environment Level 1 checking '/home/mr-morales/ros2_ws/install/rover_localization/lib/pkgconfig/rover_localization.pc'
[2.752s] colcon.colcon_core.environment Level 1 checking '/home/mr-morales/ros2_ws/install/rover_localization/lib/python3.12/site-packages'
[2.753s] colcon.colcon_core.environment Level 1 checking '/home/mr-morales/ros2_ws/install/rover_localization/bin'
[2.753s] colcon.colcon_core.shell INFO Creating package script '/home/mr-morales/ros2_ws/install/rover_localization/share/rover_localization/package.ps1'
[2.755s] colcon.colcon_core.shell INFO Creating package descriptor '/home/mr-morales/ros2_ws/install/rover_localization/share/rover_localization/package.dsv'
[2.757s] colcon.colcon_core.shell INFO Creating package script '/home/mr-morales/ros2_ws/install/rover_localization/share/rover_localization/package.sh'
[2.758s] colcon.colcon_core.shell INFO Creating package script '/home/mr-morales/ros2_ws/install/rover_localization/share/rover_localization/package.bash'
[2.759s] colcon.colcon_core.shell INFO Creating package script '/home/mr-morales/ros2_ws/install/rover_localization/share/rover_localization/package.zsh'
[2.761s] colcon.colcon_core.environment Level 1 create_file_with_runtime_dependencies(/home/mr-morales/ros2_ws/install/rover_localization/share/colcon-core/packages/rover_localization)
[2.762s] colcon.colcon_core.environment Level 1 create_environment_scripts_only(rover_localization)
[2.762s] colcon.colcon_core.environment Level 1 checking '/home/mr-morales/ros2_ws/install/rover_localization' for CMake module files
[2.763s] colcon.colcon_core.environment Level 1 checking '/home/mr-morales/ros2_ws/install/rover_localization' for CMake config files
[2.764s] colcon.colcon_core.shell Level 1 create_environment_hook('rover_localization', 'cmake_prefix_path')
[2.764s] colcon.colcon_core.shell INFO Creating environment hook '/home/mr-morales/ros2_ws/install/rover_localization/share/rover_localization/hook/cmake_prefix_path.ps1'
[2.765s] colcon.colcon_core.shell INFO Creating environment descriptor '/home/mr-morales/ros2_ws/install/rover_localization/share/rover_localization/hook/cmake_prefix_path.dsv'
[2.766s] colcon.colcon_core.shell INFO Creating environment hook '/home/mr-morales/ros2_ws/install/rover_localization/share/rover_localization/hook/cmake_prefix_path.sh'
[2.768s] colcon.colcon_core.environment Level 1 checking '/home/mr-morales/ros2_ws/install/rover_localization/bin'
[2.768s] colcon.colcon_core.environment Level 1 checking '/home/mr-morales/ros2_ws/install/rover_localization/lib/pkgconfig/rover_localization.pc'
[2.768s] colcon.colcon_core.environment Level 1 checking '/home/mr-morales/ros2_ws/install/rover_localization/lib/python3.12/site-packages'
[2.769s] colcon.colcon_core.environment Level 1 checking '/home/mr-morales/ros2_ws/install/rover_localization/bin'
[2.770s] colcon.colcon_core.shell INFO Creating package script '/home/mr-morales/ros2_ws/install/rover_localization/share/rover_localization/package.ps1'
[2.772s] colcon.colcon_core.shell INFO Creating package descriptor '/home/mr-morales/ros2_ws/install/rover_localization/share/rover_localization/package.dsv'
[2.773s] colcon.colcon_core.shell INFO Creating package script '/home/mr-morales/ros2_ws/install/rover_localization/share/rover_localization/package.sh'
[2.774s] colcon.colcon_core.shell INFO Creating package script '/home/mr-morales/ros2_ws/install/rover_localization/share/rover_localization/package.bash'
[2.776s] colcon.colcon_core.shell INFO Creating package script '/home/mr-morales/ros2_ws/install/rover_localization/share/rover_localization/package.zsh'
[2.777s] colcon.colcon_core.environment Level 1 create_file_with_runtime_dependencies(/home/mr-morales/ros2_ws/install/rover_localization/share/colcon-core/packages/rover_localization)
[3.249s] colcon.colcon_core.environment Level 1 create_environment_scripts_only(rover_description)
[3.249s] colcon.colcon_core.event_handler.log_command DEBUG Invoked command in '/home/mr-morales/ros2_ws/build/rover_description' returned '0': CMAKE_PREFIX_PATH=/home/mr-morales/miniforge3/envs/ros2_jazzy CONDA_PROMPT_MODIFIER=(ros2_jazzy) /home/mr-morales/miniforge3/envs/ros2_jazzy/bin/cmake --install /home/mr-morales/ros2_ws/build/rover_description
[3.250s] colcon.colcon_core.environment Level 1 checking '/home/mr-morales/ros2_ws/install/rover_description' for CMake module files
[3.251s] colcon.colcon_core.environment Level 1 checking '/home/mr-morales/ros2_ws/install/rover_description' for CMake config files
[3.252s] colcon.colcon_core.shell Level 1 create_environment_hook('rover_description', 'cmake_prefix_path')
[3.252s] colcon.colcon_core.shell INFO Creating environment hook '/home/mr-morales/ros2_ws/install/rover_description/share/rover_description/hook/cmake_prefix_path.ps1'
[3.254s] colcon.colcon_core.shell INFO Creating environment descriptor '/home/mr-morales/ros2_ws/install/rover_description/share/rover_description/hook/cmake_prefix_path.dsv'
[3.255s] colcon.colcon_core.shell INFO Creating environment hook '/home/mr-morales/ros2_ws/install/rover_description/share/rover_description/hook/cmake_prefix_path.sh'
[3.257s] colcon.colcon_core.environment Level 1 checking '/home/mr-morales/ros2_ws/install/rover_description/bin'
[3.257s] colcon.colcon_core.environment Level 1 checking '/home/mr-morales/ros2_ws/install/rover_description/lib/pkgconfig/rover_description.pc'
[3.258s] colcon.colcon_core.environment Level 1 checking '/home/mr-morales/ros2_ws/install/rover_description/lib/python3.12/site-packages'
[3.258s] colcon.colcon_core.environment Level 1 checking '/home/mr-morales/ros2_ws/install/rover_description/bin'
[3.259s] colcon.colcon_core.shell INFO Creating package script '/home/mr-morales/ros2_ws/install/rover_description/share/rover_description/package.ps1'
[3.260s] colcon.colcon_core.shell INFO Creating package descriptor '/home/mr-morales/ros2_ws/install/rover_description/share/rover_description/package.dsv'
[3.262s] colcon.colcon_core.shell INFO Creating package script '/home/mr-morales/ros2_ws/install/rover_description/share/rover_description/package.sh'
[3.263s] colcon.colcon_core.shell INFO Creating package script '/home/mr-morales/ros2_ws/install/rover_description/share/rover_description/package.bash'
[3.265s] colcon.colcon_core.shell INFO Creating package script '/home/mr-morales/ros2_ws/install/rover_description/share/rover_description/package.zsh'
[3.266s] colcon.colcon_core.environment Level 1 create_file_with_runtime_dependencies(/home/mr-morales/ros2_ws/install/rover_description/share/colcon-core/packages/rover_description)
[3.267s] colcon.colcon_core.environment Level 1 create_environment_scripts_only(rover_description)
[3.267s] colcon.colcon_core.environment Level 1 checking '/home/mr-morales/ros2_ws/install/rover_description' for CMake module files
[3.269s] colcon.colcon_core.environment Level 1 checking '/home/mr-morales/ros2_ws/install/rover_description' for CMake config files
[3.270s] colcon.colcon_core.shell Level 1 create_environment_hook('rover_description', 'cmake_prefix_path')
[3.271s] colcon.colcon_core.shell INFO Creating environment hook '/home/mr-morales/ros2_ws/install/rover_description/share/rover_description/hook/cmake_prefix_path.ps1'
[3.272s] colcon.colcon_core.shell INFO Creating environment descriptor '/home/mr-morales/ros2_ws/install/rover_description/share/rover_description/hook/cmake_prefix_path.dsv'
[3.273s] colcon.colcon_core.shell INFO Creating environment hook '/home/mr-morales/ros2_ws/install/rover_description/share/rover_description/hook/cmake_prefix_path.sh'
[3.275s] colcon.colcon_core.environment Level 1 checking '/home/mr-morales/ros2_ws/install/rover_description/bin'
[3.276s] colcon.colcon_core.environment Level 1 checking '/home/mr-morales/ros2_ws/install/rover_description/lib/pkgconfig/rover_description.pc'
[3.276s] colcon.colcon_core.environment Level 1 checking '/home/mr-morales/ros2_ws/install/rover_description/lib/python3.12/site-packages'
[3.277s] colcon.colcon_core.environment Level 1 checking '/home/mr-morales/ros2_ws/install/rover_description/bin'
[3.277s] colcon.colcon_core.shell INFO Creating package script '/home/mr-morales/ros2_ws/install/rover_description/share/rover_description/package.ps1'
[3.279s] colcon.colcon_core.shell INFO Creating package descriptor '/home/mr-morales/ros2_ws/install/rover_description/share/rover_description/package.dsv'
[3.281s] colcon.colcon_core.shell INFO Creating package script '/home/mr-morales/ros2_ws/install/rover_description/share/rover_description/package.sh'
[3.282s] colcon.colcon_core.shell INFO Creating package script '/home/mr-morales/ros2_ws/install/rover_description/share/rover_description/package.bash'
[3.283s] colcon.colcon_core.shell INFO Creating package script '/home/mr-morales/ros2_ws/install/rover_description/share/rover_description/package.zsh'
[3.285s] colcon.colcon_core.environment Level 1 create_file_with_runtime_dependencies(/home/mr-morales/ros2_ws/install/rover_description/share/colcon-core/packages/rover_description)
[3.452s] colcon.colcon_core.shell Level 1 create_environment_hook('rover_teleop', 'pythonpath_develop')
[3.452s] colcon.colcon_core.event_handler.log_command DEBUG Invoked command in '/home/mr-morales/ros2_ws/build/rover_teleop' returned '0': CONDA_PROMPT_MODIFIER=(ros2_jazzy) PYTHONPATH=/home/mr-morales/ros2_ws/build/rover_teleop/prefix_override:/home/mr-morales/miniforge3/envs/ros2_jazzy/lib/python3.12/site-packages/colcon_core/task/python/colcon_distutils_commands:/home/mr-morales/ros2_ws/install/rover_teleop/lib/python3.12/site-packages:${PYTHONPATH} /home/mr-morales/miniforge3/envs/ros2_jazzy/bin/python3.12 -W ignore:setup.py install is deprecated -W ignore:easy_install command is deprecated setup.py develop --editable --build-directory /home/mr-morales/ros2_ws/build/rover_teleop/build --no-deps symlink_data
[3.452s] colcon.colcon_core.shell INFO Creating environment hook '/home/mr-morales/ros2_ws/build/rover_teleop/share/rover_teleop/hook/pythonpath_develop.ps1'
[3.454s] colcon.colcon_core.shell INFO Creating environment descriptor '/home/mr-morales/ros2_ws/build/rover_teleop/share/rover_teleop/hook/pythonpath_develop.dsv'
[3.456s] colcon.colcon_core.shell INFO Creating environment hook '/home/mr-morales/ros2_ws/build/rover_teleop/share/rover_teleop/hook/pythonpath_develop.sh'
[3.457s] colcon.colcon_core.environment Level 1 checking '/home/mr-morales/ros2_ws/install/rover_teleop' for CMake module files
[3.457s] colcon.colcon_core.environment Level 1 checking '/home/mr-morales/ros2_ws/install/rover_teleop' for CMake config files
[3.458s] colcon.colcon_core.environment Level 1 checking '/home/mr-morales/ros2_ws/install/rover_teleop/lib'
[3.458s] colcon.colcon_core.environment Level 1 checking '/home/mr-morales/ros2_ws/install/rover_teleop/bin'
[3.458s] colcon.colcon_core.environment Level 1 checking '/home/mr-morales/ros2_ws/install/rover_teleop/lib/pkgconfig/rover_teleop.pc'
[3.458s] colcon.colcon_core.environment Level 1 checking '/home/mr-morales/ros2_ws/install/rover_teleop/lib/python3.12/site-packages'
[3.459s] colcon.colcon_core.shell Level 1 create_environment_hook('rover_teleop', 'pythonpath')
[3.459s] colcon.colcon_core.shell INFO Creating environment hook '/home/mr-morales/ros2_ws/install/rover_teleop/share/rover_teleop/hook/pythonpath.ps1'
[3.459s] colcon.colcon_core.shell INFO Creating environment descriptor '/home/mr-morales/ros2_ws/install/rover_teleop/share/rover_teleop/hook/pythonpath.dsv'
[3.460s] colcon.colcon_core.shell INFO Creating environment hook '/home/mr-morales/ros2_ws/install/rover_teleop/share/rover_teleop/hook/pythonpath.sh'
[3.461s] colcon.colcon_core.environment Level 1 checking '/home/mr-morales/ros2_ws/install/rover_teleop/bin'
[3.461s] colcon.colcon_core.environment Level 1 create_environment_scripts_only(rover_teleop)
[3.461s] colcon.colcon_core.shell INFO Creating package script '/home/mr-morales/ros2_ws/install/rover_teleop/share/rover_teleop/package.ps1'
[3.462s] colcon.colcon_core.shell INFO Creating package descriptor '/home/mr-morales/ros2_ws/install/rover_teleop/share/rover_teleop/package.dsv'
[3.462s] colcon.colcon_core.shell INFO Creating package script '/home/mr-morales/ros2_ws/install/rover_teleop/share/rover_teleop/package.sh'
[3.463s] colcon.colcon_core.shell INFO Creating package script '/home/mr-morales/ros2_ws/install/rover_teleop/share/rover_teleop/package.bash'
[3.463s] colcon.colcon_core.shell INFO Creating package script '/home/mr-morales/ros2_ws/install/rover_teleop/share/rover_teleop/package.zsh'
[3.464s] colcon.colcon_core.environment Level 1 create_file_with_runtime_dependencies(/home/mr-morales/ros2_ws/install/rover_teleop/share/colcon-core/packages/rover_teleop)
[6.480s] colcon.colcon_core.event_handler.log_command DEBUG Invoked command in '/home/mr-morales/ros2_ws/build/rover_msgs' returned '0': CMAKE_PREFIX_PATH=/home/mr-morales/miniforge3/envs/ros2_jazzy CONDA_PROMPT_MODIFIER=(ros2_jazzy) /home/mr-morales/miniforge3/envs/ros2_jazzy/bin/cmake /home/mr-morales/ros2_ws/src/ros2_rover/rover_msgs -DAMENT_CMAKE_SYMLINK_INSTALL=1 -DCMAKE_INSTALL_PREFIX=/home/mr-morales/ros2_ws/install/rover_msgs
[6.482s] colcon.colcon_core.event_handler.log_command DEBUG Invoking command in '/home/mr-morales/ros2_ws/build/rover_msgs': CMAKE_PREFIX_PATH=/home/mr-morales/miniforge3/envs/ros2_jazzy CONDA_PROMPT_MODIFIER=(ros2_jazzy) /home/mr-morales/miniforge3/envs/ros2_jazzy/bin/cmake --build /home/mr-morales/ros2_ws/build/rover_msgs -- -j12 -l12
[10.328s] colcon.colcon_core.event_handler.log_command DEBUG Invoked command in '/home/mr-morales/ros2_ws/build/rover_msgs' returned '0': CMAKE_PREFIX_PATH=/home/mr-morales/miniforge3/envs/ros2_jazzy CONDA_PROMPT_MODIFIER=(ros2_jazzy) /home/mr-morales/miniforge3/envs/ros2_jazzy/bin/cmake --build /home/mr-morales/ros2_ws/build/rover_msgs -- -j12 -l12
[10.330s] colcon.colcon_core.event_handler.log_command DEBUG Invoking command in '/home/mr-morales/ros2_ws/build/rover_msgs': CMAKE_PREFIX_PATH=/home/mr-morales/miniforge3/envs/ros2_jazzy CONDA_PROMPT_MODIFIER=(ros2_jazzy) /home/mr-morales/miniforge3/envs/ros2_jazzy/bin/cmake --install /home/mr-morales/ros2_ws/build/rover_msgs
[11.536s] colcon.colcon_core.environment Level 1 create_environment_scripts_only(rover_msgs)
[11.536s] colcon.colcon_core.environment Level 1 checking '/home/mr-morales/ros2_ws/install/rover_msgs' for CMake module files
[11.537s] colcon.colcon_core.event_handler.log_command DEBUG Invoked command in '/home/mr-morales/ros2_ws/build/rover_msgs' returned '0': CMAKE_PREFIX_PATH=/home/mr-morales/miniforge3/envs/ros2_jazzy CONDA_PROMPT_MODIFIER=(ros2_jazzy) /home/mr-morales/miniforge3/envs/ros2_jazzy/bin/cmake --install /home/mr-morales/ros2_ws/build/rover_msgs
[11.538s] colcon.colcon_core.environment Level 1 checking '/home/mr-morales/ros2_ws/install/rover_msgs' for CMake config files
[11.539s] colcon.colcon_core.shell Level 1 create_environment_hook('rover_msgs', 'cmake_prefix_path')
[11.540s] colcon.colcon_core.shell INFO Creating environment hook '/home/mr-morales/ros2_ws/install/rover_msgs/share/rover_msgs/hook/cmake_prefix_path.ps1'
[11.541s] colcon.colcon_core.shell INFO Creating environment descriptor '/home/mr-morales/ros2_ws/install/rover_msgs/share/rover_msgs/hook/cmake_prefix_path.dsv'
[11.542s] colcon.colcon_core.shell INFO Creating environment hook '/home/mr-morales/ros2_ws/install/rover_msgs/share/rover_msgs/hook/cmake_prefix_path.sh'
[11.544s] colcon.colcon_core.environment Level 1 checking '/home/mr-morales/ros2_ws/install/rover_msgs/lib'
[11.544s] colcon.colcon_core.shell Level 1 create_environment_hook('rover_msgs', 'ld_library_path_lib')
[11.544s] colcon.colcon_core.shell INFO Creating environment hook '/home/mr-morales/ros2_ws/install/rover_msgs/share/rover_msgs/hook/ld_library_path_lib.ps1'
[11.545s] colcon.colcon_core.shell INFO Creating environment descriptor '/home/mr-morales/ros2_ws/install/rover_msgs/share/rover_msgs/hook/ld_library_path_lib.dsv'
[11.546s] colcon.colcon_core.shell INFO Creating environment hook '/home/mr-morales/ros2_ws/install/rover_msgs/share/rover_msgs/hook/ld_library_path_lib.sh'
[11.547s] colcon.colcon_core.environment Level 1 checking '/home/mr-morales/ros2_ws/install/rover_msgs/bin'
[11.547s] colcon.colcon_core.environment Level 1 checking '/home/mr-morales/ros2_ws/install/rover_msgs/lib/pkgconfig/rover_msgs.pc'
[11.548s] colcon.colcon_core.environment Level 1 checking '/home/mr-morales/ros2_ws/install/rover_msgs/lib/python3.12/site-packages'
[11.548s] colcon.colcon_core.shell Level 1 create_environment_hook('rover_msgs', 'pythonpath')
[11.549s] colcon.colcon_core.shell INFO Creating environment hook '/home/mr-morales/ros2_ws/install/rover_msgs/share/rover_msgs/hook/pythonpath.ps1'
[11.550s] colcon.colcon_core.shell INFO Creating environment descriptor '/home/mr-morales/ros2_ws/install/rover_msgs/share/rover_msgs/hook/pythonpath.dsv'
[11.551s] colcon.colcon_core.shell INFO Creating environment hook '/home/mr-morales/ros2_ws/install/rover_msgs/share/rover_msgs/hook/pythonpath.sh'
[11.552s] colcon.colcon_core.environment Level 1 checking '/home/mr-morales/ros2_ws/install/rover_msgs/bin'
[11.552s] colcon.colcon_core.shell INFO Creating package script '/home/mr-morales/ros2_ws/install/rover_msgs/share/rover_msgs/package.ps1'
[11.554s] colcon.colcon_core.shell INFO Creating package descriptor '/home/mr-morales/ros2_ws/install/rover_msgs/share/rover_msgs/package.dsv'
[11.555s] colcon.colcon_core.shell INFO Creating package script '/home/mr-morales/ros2_ws/install/rover_msgs/share/rover_msgs/package.sh'
[11.556s] colcon.colcon_core.shell INFO Creating package script '/home/mr-morales/ros2_ws/install/rover_msgs/share/rover_msgs/package.bash'
[11.557s] colcon.colcon_core.shell INFO Creating package script '/home/mr-morales/ros2_ws/install/rover_msgs/share/rover_msgs/package.zsh'
[11.558s] colcon.colcon_core.environment Level 1 create_file_with_runtime_dependencies(/home/mr-morales/ros2_ws/install/rover_msgs/share/colcon-core/packages/rover_msgs)
[11.559s] colcon.colcon_core.environment Level 1 create_environment_scripts_only(rover_msgs)
[11.560s] colcon.colcon_core.environment Level 1 checking '/home/mr-morales/ros2_ws/install/rover_msgs' for CMake module files
[11.561s] colcon.colcon_core.environment Level 1 checking '/home/mr-morales/ros2_ws/install/rover_msgs' for CMake config files
[11.562s] colcon.colcon_core.shell Level 1 create_environment_hook('rover_msgs', 'cmake_prefix_path')
[11.562s] colcon.colcon_core.shell INFO Creating environment hook '/home/mr-morales/ros2_ws/install/rover_msgs/share/rover_msgs/hook/cmake_prefix_path.ps1'
[11.564s] colcon.colcon_core.shell INFO Creating environment descriptor '/home/mr-morales/ros2_ws/install/rover_msgs/share/rover_msgs/hook/cmake_prefix_path.dsv'
[11.565s] colcon.colcon_core.shell INFO Creating environment hook '/home/mr-morales/ros2_ws/install/rover_msgs/share/rover_msgs/hook/cmake_prefix_path.sh'
[11.566s] colcon.colcon_core.environment Level 1 checking '/home/mr-morales/ros2_ws/install/rover_msgs/lib'
[11.566s] colcon.colcon_core.shell Level 1 create_environment_hook('rover_msgs', 'ld_library_path_lib')
[11.567s] colcon.colcon_core.shell INFO Creating environment hook '/home/mr-morales/ros2_ws/install/rover_msgs/share/rover_msgs/hook/ld_library_path_lib.ps1'
[11.568s] colcon.colcon_core.shell INFO Creating environment descriptor '/home/mr-morales/ros2_ws/install/rover_msgs/share/rover_msgs/hook/ld_library_path_lib.dsv'
[11.569s] colcon.colcon_core.shell INFO Creating environment hook '/home/mr-morales/ros2_ws/install/rover_msgs/share/rover_msgs/hook/ld_library_path_lib.sh'
[11.569s] colcon.colcon_core.environment Level 1 checking '/home/mr-morales/ros2_ws/install/rover_msgs/bin'
[11.570s] colcon.colcon_core.environment Level 1 checking '/home/mr-morales/ros2_ws/install/rover_msgs/lib/pkgconfig/rover_msgs.pc'
[11.570s] colcon.colcon_core.environment Level 1 checking '/home/mr-morales/ros2_ws/install/rover_msgs/lib/python3.12/site-packages'
[11.570s] colcon.colcon_core.shell Level 1 create_environment_hook('rover_msgs', 'pythonpath')
[11.570s] colcon.colcon_core.shell INFO Creating environment hook '/home/mr-morales/ros2_ws/install/rover_msgs/share/rover_msgs/hook/pythonpath.ps1'
[11.571s] colcon.colcon_core.shell INFO Creating environment descriptor '/home/mr-morales/ros2_ws/install/rover_msgs/share/rover_msgs/hook/pythonpath.dsv'
[11.572s] colcon.colcon_core.shell INFO Creating environment hook '/home/mr-morales/ros2_ws/install/rover_msgs/share/rover_msgs/hook/pythonpath.sh'
[11.573s] colcon.colcon_core.environment Level 1 checking '/home/mr-morales/ros2_ws/install/rover_msgs/bin'
[11.573s] colcon.colcon_core.shell INFO Creating package script '/home/mr-morales/ros2_ws/install/rover_msgs/share/rover_msgs/package.ps1'
[11.574s] colcon.colcon_core.shell INFO Creating package descriptor '/home/mr-morales/ros2_ws/install/rover_msgs/share/rover_msgs/package.dsv'
[11.576s] colcon.colcon_core.shell INFO Creating package script '/home/mr-morales/ros2_ws/install/rover_msgs/share/rover_msgs/package.sh'
[11.576s] colcon.colcon_core.shell INFO Creating package script '/home/mr-morales/ros2_ws/install/rover_msgs/share/rover_msgs/package.bash'
[11.577s] colcon.colcon_core.shell INFO Creating package script '/home/mr-morales/ros2_ws/install/rover_msgs/share/rover_msgs/package.zsh'
[11.578s] colcon.colcon_core.environment Level 1 create_file_with_runtime_dependencies(/home/mr-morales/ros2_ws/install/rover_msgs/share/colcon-core/packages/rover_msgs)
[11.579s] colcon.colcon_ros.task.ament_cmake.build INFO Building ROS package in '/home/mr-morales/ros2_ws/src/ros2_rover/rover_motor_controller_cpp' with build type 'ament_cmake'
[11.579s] colcon.colcon_cmake.task.cmake.build INFO Building CMake package in '/home/mr-morales/ros2_ws/src/ros2_rover/rover_motor_controller_cpp'
[11.579s] colcon.colcon_core.shell INFO Skip shell extension 'powershell' for command environment: Not usable outside of PowerShell
[11.579s] colcon.colcon_core.shell DEBUG Skip shell extension 'dsv' for command environment
[11.585s] colcon.colcon_ros.task.ament_python.build INFO Building ROS package in '/home/mr-morales/ros2_ws/src/ros2_rover/rover_motor_controller' with build type 'ament_python'
[11.586s] colcon.colcon_core.shell Level 1 create_environment_hook('rover_motor_controller', 'ament_prefix_path')
[11.586s] colcon.colcon_core.shell INFO Creating environment hook '/home/mr-morales/ros2_ws/install/rover_motor_controller/share/rover_motor_controller/hook/ament_prefix_path.ps1'
[11.587s] colcon.colcon_core.shell INFO Creating environment descriptor '/home/mr-morales/ros2_ws/install/rover_motor_controller/share/rover_motor_controller/hook/ament_prefix_path.dsv'
[11.587s] colcon.colcon_core.shell INFO Creating environment hook '/home/mr-morales/ros2_ws/install/rover_motor_controller/share/rover_motor_controller/hook/ament_prefix_path.sh'
[11.589s] colcon.colcon_core.shell INFO Skip shell extension 'powershell' for command environment: Not usable outside of PowerShell
[11.589s] colcon.colcon_core.shell DEBUG Skip shell extension 'dsv' for command environment
[11.599s] colcon.colcon_core.event_handler.log_command DEBUG Invoking command in '/home/mr-morales/ros2_ws/build/rover_motor_controller_cpp': AMENT_PREFIX_PATH=/home/mr-morales/ros2_ws/install/rover_msgs:${AMENT_PREFIX_PATH} CMAKE_PREFIX_PATH=/home/mr-morales/ros2_ws/install/rover_msgs:/home/mr-morales/miniforge3/envs/ros2_jazzy CONDA_PROMPT_MODIFIER=(ros2_jazzy) LD_LIBRARY_PATH=/home/mr-morales/ros2_ws/install/rover_msgs/lib:${LD_LIBRARY_PATH} PYTHONPATH=/home/mr-morales/ros2_ws/install/rover_msgs/lib/python3.12/site-packages:${PYTHONPATH} /home/mr-morales/miniforge3/envs/ros2_jazzy/bin/cmake /home/mr-morales/ros2_ws/src/ros2_rover/rover_motor_controller_cpp -DAMENT_CMAKE_SYMLINK_INSTALL=1 -DCMAKE_INSTALL_PREFIX=/home/mr-morales/ros2_ws/install/rover_motor_controller_cpp
[11.902s] colcon.colcon_core.task.python.build INFO Building Python package in '/home/mr-morales/ros2_ws/src/ros2_rover/rover_motor_controller'
[11.902s] colcon.colcon_core.shell INFO Skip shell extension 'powershell' for command environment: Not usable outside of PowerShell
[11.902s] colcon.colcon_core.shell DEBUG Skip shell extension 'dsv' for command environment
[12.836s] colcon.colcon_core.event_handler.log_command DEBUG Invoking command in '/home/mr-morales/ros2_ws/build/rover_motor_controller': AMENT_PREFIX_PATH=/home/mr-morales/ros2_ws/install/rover_msgs:${AMENT_PREFIX_PATH} CMAKE_PREFIX_PATH=/home/mr-morales/ros2_ws/install/rover_msgs CONDA_PROMPT_MODIFIER=(ros2_jazzy) LD_LIBRARY_PATH=/home/mr-morales/ros2_ws/install/rover_msgs/lib:${LD_LIBRARY_PATH} PYTHONPATH=/home/mr-morales/ros2_ws/build/rover_motor_controller/prefix_override:/home/mr-morales/miniforge3/envs/ros2_jazzy/lib/python3.12/site-packages/colcon_core/task/python/colcon_distutils_commands:/home/mr-morales/ros2_ws/install/rover_motor_controller/lib/python3.12/site-packages:/home/mr-morales/ros2_ws/install/rover_msgs/lib/python3.12/site-packages:${PYTHONPATH} /home/mr-morales/miniforge3/envs/ros2_jazzy/bin/python3.12 -W ignore:setup.py install is deprecated -W ignore:easy_install command is deprecated setup.py develop --editable --build-directory /home/mr-morales/ros2_ws/build/rover_motor_controller/build --no-deps symlink_data
[13.484s] colcon.colcon_core.shell Level 1 create_environment_hook('rover_motor_controller', 'pythonpath_develop')
[13.484s] colcon.colcon_core.shell INFO Creating environment hook '/home/mr-morales/ros2_ws/build/rover_motor_controller/share/rover_motor_controller/hook/pythonpath_develop.ps1'
[13.485s] colcon.colcon_core.shell INFO Creating environment descriptor '/home/mr-morales/ros2_ws/build/rover_motor_controller/share/rover_motor_controller/hook/pythonpath_develop.dsv'
[13.486s] colcon.colcon_core.shell INFO Creating environment hook '/home/mr-morales/ros2_ws/build/rover_motor_controller/share/rover_motor_controller/hook/pythonpath_develop.sh'
[13.487s] colcon.colcon_core.environment Level 1 checking '/home/mr-morales/ros2_ws/install/rover_motor_controller' for CMake module files
[13.487s] colcon.colcon_core.environment Level 1 checking '/home/mr-morales/ros2_ws/install/rover_motor_controller' for CMake config files
[13.487s] colcon.colcon_core.environment Level 1 checking '/home/mr-morales/ros2_ws/install/rover_motor_controller/lib'
[13.488s] colcon.colcon_core.environment Level 1 checking '/home/mr-morales/ros2_ws/install/rover_motor_controller/bin'
[13.488s] colcon.colcon_core.environment Level 1 checking '/home/mr-morales/ros2_ws/install/rover_motor_controller/lib/pkgconfig/rover_motor_controller.pc'
[13.488s] colcon.colcon_core.event_handler.log_command DEBUG Invoked command in '/home/mr-morales/ros2_ws/build/rover_motor_controller' returned '0': AMENT_PREFIX_PATH=/home/mr-morales/ros2_ws/install/rover_msgs:${AMENT_PREFIX_PATH} CMAKE_PREFIX_PATH=/home/mr-morales/ros2_ws/install/rover_msgs CONDA_PROMPT_MODIFIER=(ros2_jazzy) LD_LIBRARY_PATH=/home/mr-morales/ros2_ws/install/rover_msgs/lib:${LD_LIBRARY_PATH} PYTHONPATH=/home/mr-morales/ros2_ws/build/rover_motor_controller/prefix_override:/home/mr-morales/miniforge3/envs/ros2_jazzy/lib/python3.12/site-packages/colcon_core/task/python/colcon_distutils_commands:/home/mr-morales/ros2_ws/install/rover_motor_controller/lib/python3.12/site-packages:/home/mr-morales/ros2_ws/install/rover_msgs/lib/python3.12/site-packages:${PYTHONPATH} /home/mr-morales/miniforge3/envs/ros2_jazzy/bin/python3.12 -W ignore:setup.py install is deprecated -W ignore:easy_install command is deprecated setup.py develop --editable --build-directory /home/mr-morales/ros2_ws/build/rover_motor_controller/build --no-deps symlink_data
[13.488s] colcon.colcon_core.environment Level 1 checking '/home/mr-morales/ros2_ws/install/rover_motor_controller/lib/python3.12/site-packages'
[13.488s] colcon.colcon_core.shell Level 1 create_environment_hook('rover_motor_controller', 'pythonpath')
[13.489s] colcon.colcon_core.shell INFO Creating environment hook '/home/mr-morales/ros2_ws/install/rover_motor_controller/share/rover_motor_controller/hook/pythonpath.ps1'
[13.489s] colcon.colcon_core.shell INFO Creating environment descriptor '/home/mr-morales/ros2_ws/install/rover_motor_controller/share/rover_motor_controller/hook/pythonpath.dsv'
[13.490s] colcon.colcon_core.shell INFO Creating environment hook '/home/mr-morales/ros2_ws/install/rover_motor_controller/share/rover_motor_controller/hook/pythonpath.sh'
[13.491s] colcon.colcon_core.environment Level 1 checking '/home/mr-morales/ros2_ws/install/rover_motor_controller/bin'
[13.491s] colcon.colcon_core.environment Level 1 create_environment_scripts_only(rover_motor_controller)
[13.491s] colcon.colcon_core.shell INFO Creating package script '/home/mr-morales/ros2_ws/install/rover_motor_controller/share/rover_motor_controller/package.ps1'
[13.492s] colcon.colcon_core.shell INFO Creating package descriptor '/home/mr-morales/ros2_ws/install/rover_motor_controller/share/rover_motor_controller/package.dsv'
[13.493s] colcon.colcon_core.shell INFO Creating package script '/home/mr-morales/ros2_ws/install/rover_motor_controller/share/rover_motor_controller/package.sh'
[13.494s] colcon.colcon_core.shell INFO Creating package script '/home/mr-morales/ros2_ws/install/rover_motor_controller/share/rover_motor_controller/package.bash'
[13.495s] colcon.colcon_core.shell INFO Creating package script '/home/mr-morales/ros2_ws/install/rover_motor_controller/share/rover_motor_controller/package.zsh'
[13.495s] colcon.colcon_core.environment Level 1 create_file_with_runtime_dependencies(/home/mr-morales/ros2_ws/install/rover_motor_controller/share/colcon-core/packages/rover_motor_controller)
[14.647s] colcon.colcon_core.event_handler.log_command DEBUG Invoked command in '/home/mr-morales/ros2_ws/build/rover_motor_controller_cpp' returned '0': AMENT_PREFIX_PATH=/home/mr-morales/ros2_ws/install/rover_msgs:${AMENT_PREFIX_PATH} CMAKE_PREFIX_PATH=/home/mr-morales/ros2_ws/install/rover_msgs:/home/mr-morales/miniforge3/envs/ros2_jazzy CONDA_PROMPT_MODIFIER=(ros2_jazzy) LD_LIBRARY_PATH=/home/mr-morales/ros2_ws/install/rover_msgs/lib:${LD_LIBRARY_PATH} PYTHONPATH=/home/mr-morales/ros2_ws/install/rover_msgs/lib/python3.12/site-packages:${PYTHONPATH} /home/mr-morales/miniforge3/envs/ros2_jazzy/bin/cmake /home/mr-morales/ros2_ws/src/ros2_rover/rover_motor_controller_cpp -DAMENT_CMAKE_SYMLINK_INSTALL=1 -DCMAKE_INSTALL_PREFIX=/home/mr-morales/ros2_ws/install/rover_motor_controller_cpp
[14.649s] colcon.colcon_core.event_handler.log_command DEBUG Invoking command in '/home/mr-morales/ros2_ws/build/rover_motor_controller_cpp': AMENT_PREFIX_PATH=/home/mr-morales/ros2_ws/install/rover_msgs:${AMENT_PREFIX_PATH} CMAKE_PREFIX_PATH=/home/mr-morales/ros2_ws/install/rover_msgs:/home/mr-morales/miniforge3/envs/ros2_jazzy CONDA_PROMPT_MODIFIER=(ros2_jazzy) LD_LIBRARY_PATH=/home/mr-morales/ros2_ws/install/rover_msgs/lib:${LD_LIBRARY_PATH} PYTHONPATH=/home/mr-morales/ros2_ws/install/rover_msgs/lib/python3.12/site-packages:${PYTHONPATH} /home/mr-morales/miniforge3/envs/ros2_jazzy/bin/cmake --build /home/mr-morales/ros2_ws/build/rover_motor_controller_cpp -- -j12 -l12
[28.839s] colcon.colcon_core.event_handler.log_command DEBUG Invoked command in '/home/mr-morales/ros2_ws/build/rover_motor_controller_cpp' returned '2': AMENT_PREFIX_PATH=/home/mr-morales/ros2_ws/install/rover_msgs:${AMENT_PREFIX_PATH} CMAKE_PREFIX_PATH=/home/mr-morales/ros2_ws/install/rover_msgs:/home/mr-morales/miniforge3/envs/ros2_jazzy CONDA_PROMPT_MODIFIER=(ros2_jazzy) LD_LIBRARY_PATH=/home/mr-morales/ros2_ws/install/rover_msgs/lib:${LD_LIBRARY_PATH} PYTHONPATH=/home/mr-morales/ros2_ws/install/rover_msgs/lib/python3.12/site-packages:${PYTHONPATH} /home/mr-morales/miniforge3/envs/ros2_jazzy/bin/cmake --build /home/mr-morales/ros2_ws/build/rover_motor_controller_cpp -- -j12 -l12
[28.841s] colcon.colcon_core.environment Level 1 create_environment_scripts_only(rover_motor_controller_cpp)
[28.841s] colcon.colcon_core.environment Level 1 checking '/home/mr-morales/ros2_ws/install/rover_motor_controller_cpp' for CMake module files
[28.842s] colcon.colcon_core.environment Level 1 checking '/home/mr-morales/ros2_ws/install/rover_motor_controller_cpp' for CMake config files
[28.842s] colcon.colcon_core.environment Level 1 checking '/home/mr-morales/ros2_ws/install/rover_motor_controller_cpp/bin'
[28.842s] colcon.colcon_core.environment Level 1 checking '/home/mr-morales/ros2_ws/install/rover_motor_controller_cpp/lib/pkgconfig/rover_motor_controller_cpp.pc'
[28.843s] colcon.colcon_core.environment Level 1 checking '/home/mr-morales/ros2_ws/install/rover_motor_controller_cpp/lib/python3.12/site-packages'
[28.843s] colcon.colcon_core.environment Level 1 checking '/home/mr-morales/ros2_ws/install/rover_motor_controller_cpp/bin'
[28.844s] colcon.colcon_core.shell INFO Creating package script '/home/mr-morales/ros2_ws/install/rover_motor_controller_cpp/share/rover_motor_controller_cpp/package.ps1'
[28.846s] colcon.colcon_core.shell INFO Creating package descriptor '/home/mr-morales/ros2_ws/install/rover_motor_controller_cpp/share/rover_motor_controller_cpp/package.dsv'
[28.847s] colcon.colcon_core.shell INFO Creating package script '/home/mr-morales/ros2_ws/install/rover_motor_controller_cpp/share/rover_motor_controller_cpp/package.sh'
[28.849s] colcon.colcon_core.shell INFO Creating package script '/home/mr-morales/ros2_ws/install/rover_motor_controller_cpp/share/rover_motor_controller_cpp/package.bash'
[28.850s] colcon.colcon_core.shell INFO Creating package script '/home/mr-morales/ros2_ws/install/rover_motor_controller_cpp/share/rover_motor_controller_cpp/package.zsh'
[28.851s] colcon.colcon_core.environment Level 1 create_file_with_runtime_dependencies(/home/mr-morales/ros2_ws/install/rover_motor_controller_cpp/share/colcon-core/packages/rover_motor_controller_cpp)
[28.862s] colcon.colcon_parallel_executor.executor.parallel DEBUG closing loop
[28.862s] colcon.colcon_parallel_executor.executor.parallel DEBUG loop closed
[28.862s] colcon.colcon_parallel_executor.executor.parallel DEBUG run_until_complete finished with '2'
[28.863s] colcon.colcon_core.event_reactor DEBUG joining thread
[28.864s] colcon.colcon_core.event_reactor DEBUG joined thread
[28.864s] colcon.colcon_core.shell INFO Creating prefix script '/home/mr-morales/ros2_ws/install/local_setup.ps1'
[28.879s] colcon.colcon_core.shell INFO Creating prefix util module '/home/mr-morales/ros2_ws/install/_local_setup_util_ps1.py'
[28.882s] colcon.colcon_core.shell INFO Creating prefix chain script '/home/mr-morales/ros2_ws/install/setup.ps1'
[28.885s] colcon.colcon_core.shell INFO Creating prefix script '/home/mr-morales/ros2_ws/install/local_setup.sh'
[28.887s] colcon.colcon_core.shell INFO Creating prefix util module '/home/mr-morales/ros2_ws/install/_local_setup_util_sh.py'
[28.888s] colcon.colcon_core.shell INFO Creating prefix chain script '/home/mr-morales/ros2_ws/install/setup.sh'
[28.890s] colcon.colcon_core.shell INFO Creating prefix script '/home/mr-morales/ros2_ws/install/local_setup.bash'
[28.892s] colcon.colcon_core.shell INFO Creating prefix chain script '/home/mr-morales/ros2_ws/install/setup.bash'
[28.893s] colcon.colcon_core.shell INFO Creating prefix script '/home/mr-morales/ros2_ws/install/local_setup.zsh'
[28.895s] colcon.colcon_core.shell INFO Creating prefix chain script '/home/mr-morales/ros2_ws/install/setup.zsh'
