[0.306s] Invoking command in '/home/mr-morales/ros2_ws/build/rover_gazebo': AMENT_PREFIX_PATH=/home/mr-morales/ros2_ws/install/rover_msgs:/home/mr-morales/ros2_ws/install/rover_description:${AMENT_PREFIX_PATH} CMAKE_PREFIX_PATH=/home/mr-morales/ros2_ws/install/rover_msgs:/home/mr-morales/ros2_ws/install/rover_description:/home/mr-morales/miniforge3/envs/ros2_jazzy CONDA_PROMPT_MODIFIER=(ros2_jazzy) LD_LIBRARY_PATH=/home/mr-morales/ros2_ws/install/rover_msgs/lib:${LD_LIBRARY_PATH} PYTHONPATH=/home/mr-morales/ros2_ws/install/rover_msgs/lib/python3.12/site-packages:${PYTHONPATH} /home/mr-morales/miniforge3/envs/ros2_jazzy/bin/cmake /home/mr-morales/ros2_ws/src/ros2_rover/rover_gazebo -DAMENT_CMAKE_SYMLINK_INSTALL=1 -DCMAKE_INSTALL_PREFIX=/home/mr-morales/ros2_ws/install/rover_gazebo
[0.321s] CMake Warning (deprecated) at CMakeLists.txt:2 (cmake_minimum_required):
[0.321s]   Compatibility with CMake < 3.10 will be removed from a future version of
[0.321s]   CMake.
[0.321s] 
[0.321s]   Update the VERSION argument <min> value.  Or, use the <min>...<max> syntax
[0.321s]   to tell CMake that the project requires at least <min> but has been updated
[0.321s]   to work with policies introduced by <max> or earlier.
[0.321s] This warning is for project developers.  Use -Wno-author or -Wno-deprecated
[0.321s] to suppress it.
[0.321s] 
[0.426s] -- The C compiler identification is GNU 15.3.0
[0.620s] -- The CXX compiler identification is GNU 15.3.0
[0.639s] -- Detecting C compiler ABI info
[0.775s] -- Detecting C compiler ABI info - done
[0.819s] -- Check for working C compiler: /home/mr-morales/miniforge3/envs/ros2_jazzy/bin/cc - skipped
[0.820s] -- Detecting C compile features
[0.821s] -- Detecting C compile features - done
[0.845s] -- Detecting CXX compiler ABI info
[1.069s] -- Detecting CXX compiler ABI info - done
[1.120s] -- Check for working CXX compiler: /home/mr-morales/miniforge3/envs/ros2_jazzy/bin/c++ - skipped
[1.121s] -- Detecting CXX compile features
[1.122s] -- Detecting CXX compile features - done
[1.149s] -- Found ament_cmake: 2.5.6 (/home/mr-morales/miniforge3/envs/ros2_jazzy/share/ament_cmake/cmake)
[1.445s] -- Found Python3: /home/mr-morales/miniforge3/envs/ros2_jazzy/bin/python3 (found version "3.12.14") found components: Interpreter
[1.562s] -- Override CMake install command with custom implementation using symlinks instead of copying resources
[1.682s] -- Found rclcpp: 28.1.21 (/home/mr-morales/miniforge3/envs/ros2_jazzy/share/rclcpp/cmake)
[1.777s] -- Found rosidl_generator_c: 4.6.9 (/home/mr-morales/miniforge3/envs/ros2_jazzy/share/rosidl_generator_c/cmake)
[1.809s] -- Found rosidl_generator_cpp: 4.6.9 (/home/mr-morales/miniforge3/envs/ros2_jazzy/share/rosidl_generator_cpp/cmake)
[1.846s] -- Using all available rosidl_typesupport_c: rosidl_typesupport_fastrtps_c;rosidl_typesupport_introspection_c
[1.899s] -- Using all available rosidl_typesupport_cpp: rosidl_typesupport_fastrtps_cpp;rosidl_typesupport_introspection_cpp
[2.144s] -- Found rmw_implementation_cmake: 7.3.3 (/home/mr-morales/miniforge3/envs/ros2_jazzy/share/rmw_implementation_cmake/cmake)
[2.153s] -- Found rmw_fastrtps_cpp: 8.4.4 (/home/mr-morales/miniforge3/envs/ros2_jazzy/share/rmw_fastrtps_cpp/cmake)
[2.769s] -- Found OpenSSL: /home/mr-morales/miniforge3/envs/ros2_jazzy/lib/libcrypto.so (found version "3.6.4")
[2.818s] -- Found FastRTPS: /home/mr-morales/miniforge3/envs/ros2_jazzy/include (Required is at least version "2.13")
[2.918s] -- Using RMW implementation 'rmw_fastrtps_cpp' as default
[3.095s] -- Found nav_msgs: 5.3.8 (/home/mr-morales/miniforge3/envs/ros2_jazzy/share/nav_msgs/cmake)
[3.208s] -- Found sensor_msgs: 5.3.8 (/home/mr-morales/miniforge3/envs/ros2_jazzy/share/sensor_msgs/cmake)
[3.255s] -- Found tf2_ros: 0.36.22 (/home/mr-morales/miniforge3/envs/ros2_jazzy/share/tf2_ros/cmake)
[3.496s] -- Found rover_msgs: 2.0.0 (/home/mr-morales/ros2_ws/install/rover_msgs/share/rover_msgs/cmake)
[3.515s] -- Found trajectory_msgs: 5.3.8 (/home/mr-morales/miniforge3/envs/ros2_jazzy/share/trajectory_msgs/cmake)
[3.690s] -- Configuring done (3.4s)
[3.721s] -- Generating done (0.0s)
[3.768s] -- Build files have been written to: /home/mr-morales/ros2_ws/build/rover_gazebo
[3.780s] Invoked command in '/home/mr-morales/ros2_ws/build/rover_gazebo' returned '0': AMENT_PREFIX_PATH=/home/mr-morales/ros2_ws/install/rover_msgs:/home/mr-morales/ros2_ws/install/rover_description:${AMENT_PREFIX_PATH} CMAKE_PREFIX_PATH=/home/mr-morales/ros2_ws/install/rover_msgs:/home/mr-morales/ros2_ws/install/rover_description:/home/mr-morales/miniforge3/envs/ros2_jazzy CONDA_PROMPT_MODIFIER=(ros2_jazzy) LD_LIBRARY_PATH=/home/mr-morales/ros2_ws/install/rover_msgs/lib:${LD_LIBRARY_PATH} PYTHONPATH=/home/mr-morales/ros2_ws/install/rover_msgs/lib/python3.12/site-packages:${PYTHONPATH} /home/mr-morales/miniforge3/envs/ros2_jazzy/bin/cmake /home/mr-morales/ros2_ws/src/ros2_rover/rover_gazebo -DAMENT_CMAKE_SYMLINK_INSTALL=1 -DCMAKE_INSTALL_PREFIX=/home/mr-morales/ros2_ws/install/rover_gazebo
[3.782s] Invoking command in '/home/mr-morales/ros2_ws/build/rover_gazebo': AMENT_PREFIX_PATH=/home/mr-morales/ros2_ws/install/rover_msgs:/home/mr-morales/ros2_ws/install/rover_description:${AMENT_PREFIX_PATH} CMAKE_PREFIX_PATH=/home/mr-morales/ros2_ws/install/rover_msgs:/home/mr-morales/ros2_ws/install/rover_description:/home/mr-morales/miniforge3/envs/ros2_jazzy CONDA_PROMPT_MODIFIER=(ros2_jazzy) LD_LIBRARY_PATH=/home/mr-morales/ros2_ws/install/rover_msgs/lib:${LD_LIBRARY_PATH} PYTHONPATH=/home/mr-morales/ros2_ws/install/rover_msgs/lib/python3.12/site-packages:${PYTHONPATH} /home/mr-morales/miniforge3/envs/ros2_jazzy/bin/cmake --build /home/mr-morales/ros2_ws/build/rover_gazebo -- -j12 -l12
[3.861s] [ 16%] Building CXX object CMakeFiles/motors_command_parser_node.dir/src/motors_command_parser_node.cpp.o
[3.863s] [ 33%] Building CXX object CMakeFiles/ground_truth_remapper_node.dir/src/ground_truth_remapper_node.cpp.o
[3.864s] [ 50%] Building CXX object CMakeFiles/odometry_node.dir/src/odometry_node.cpp.o
[14.626s] [ 66%] Linking CXX executable ground_truth_remapper_node
[15.077s] [ 66%] Built target ground_truth_remapper_node
[16.152s] [ 83%] Linking CXX executable motors_command_parser_node
[16.583s] [ 83%] Built target motors_command_parser_node
[19.953s] [100%] Linking CXX executable odometry_node
[20.407s] [100%] Built target odometry_node
[20.419s] Invoked command in '/home/mr-morales/ros2_ws/build/rover_gazebo' returned '0': AMENT_PREFIX_PATH=/home/mr-morales/ros2_ws/install/rover_msgs:/home/mr-morales/ros2_ws/install/rover_description:${AMENT_PREFIX_PATH} CMAKE_PREFIX_PATH=/home/mr-morales/ros2_ws/install/rover_msgs:/home/mr-morales/ros2_ws/install/rover_description:/home/mr-morales/miniforge3/envs/ros2_jazzy CONDA_PROMPT_MODIFIER=(ros2_jazzy) LD_LIBRARY_PATH=/home/mr-morales/ros2_ws/install/rover_msgs/lib:${LD_LIBRARY_PATH} PYTHONPATH=/home/mr-morales/ros2_ws/install/rover_msgs/lib/python3.12/site-packages:${PYTHONPATH} /home/mr-morales/miniforge3/envs/ros2_jazzy/bin/cmake --build /home/mr-morales/ros2_ws/build/rover_gazebo -- -j12 -l12
[20.422s] Invoking command in '/home/mr-morales/ros2_ws/build/rover_gazebo': AMENT_PREFIX_PATH=/home/mr-morales/ros2_ws/install/rover_msgs:/home/mr-morales/ros2_ws/install/rover_description:${AMENT_PREFIX_PATH} CMAKE_PREFIX_PATH=/home/mr-morales/ros2_ws/install/rover_msgs:/home/mr-morales/ros2_ws/install/rover_description:/home/mr-morales/miniforge3/envs/ros2_jazzy CONDA_PROMPT_MODIFIER=(ros2_jazzy) LD_LIBRARY_PATH=/home/mr-morales/ros2_ws/install/rover_msgs/lib:${LD_LIBRARY_PATH} PYTHONPATH=/home/mr-morales/ros2_ws/install/rover_msgs/lib/python3.12/site-packages:${PYTHONPATH} /home/mr-morales/miniforge3/envs/ros2_jazzy/bin/cmake --install /home/mr-morales/ros2_ws/build/rover_gazebo
[20.437s] -- Install configuration: ""
[20.438s] -- Execute custom install script
[20.439s] -- Symlinking: /home/mr-morales/ros2_ws/install/rover_gazebo/lib/rover_gazebo/motors_command_parser_node
[20.453s] -- Symlinking: /home/mr-morales/ros2_ws/install/rover_gazebo/lib/rover_gazebo/odometry_node
[20.470s] -- Symlinking: /home/mr-morales/ros2_ws/install/rover_gazebo/lib/rover_gazebo/ground_truth_remapper_node
[20.486s] -- Symlinking: /home/mr-morales/ros2_ws/install/rover_gazebo/share/rover_gazebo/launch/curiosity.launch.py
[20.501s] -- Symlinking: /home/mr-morales/ros2_ws/install/rover_gazebo/share/rover_gazebo/launch/forest.launch.py
[20.518s] -- Symlinking: /home/mr-morales/ros2_ws/install/rover_gazebo/share/rover_gazebo/launch/gazebo.launch.py
[20.531s] -- Symlinking: /home/mr-morales/ros2_ws/install/rover_gazebo/share/rover_gazebo/launch/include/cmd_vel.launch.py
[20.543s] -- Symlinking: /home/mr-morales/ros2_ws/install/rover_gazebo/share/rover_gazebo/launch/include/spawn.launch.py
[20.555s] -- Symlinking: /home/mr-morales/ros2_ws/install/rover_gazebo/share/rover_gazebo/launch/low_moon.launch.py
[20.565s] -- Symlinking: /home/mr-morales/ros2_ws/install/rover_gazebo/share/rover_gazebo/launch/mars.launch.py
[20.577s] -- Symlinking: /home/mr-morales/ros2_ws/install/rover_gazebo/share/rover_gazebo/launch/moon.launch.py
[20.591s] -- Symlinking: /home/mr-morales/ros2_ws/install/rover_gazebo/share/rover_gazebo/worlds/curiosity.world
[20.606s] -- Symlinking: /home/mr-morales/ros2_ws/install/rover_gazebo/share/rover_gazebo/worlds/empty.world
[20.621s] -- Symlinking: /home/mr-morales/ros2_ws/install/rover_gazebo/share/rover_gazebo/worlds/forest.world
[20.634s] -- Symlinking: /home/mr-morales/ros2_ws/install/rover_gazebo/share/rover_gazebo/worlds/low_moon.world
[20.647s] -- Symlinking: /home/mr-morales/ros2_ws/install/rover_gazebo/share/rover_gazebo/worlds/mars.world
[20.660s] -- Symlinking: /home/mr-morales/ros2_ws/install/rover_gazebo/share/rover_gazebo/worlds/moon.world
[20.677s] -- Symlinking: /home/mr-morales/ros2_ws/install/rover_gazebo/share/rover_gazebo/models/crater/meshes/crater4k.stl
[20.687s] -- Symlinking: /home/mr-morales/ros2_ws/install/rover_gazebo/share/rover_gazebo/models/crater/meshes/crater_martian_red.dae
[20.701s] -- Symlinking: /home/mr-morales/ros2_ws/install/rover_gazebo/share/rover_gazebo/models/crater/model.config
[20.714s] -- Symlinking: /home/mr-morales/ros2_ws/install/rover_gazebo/share/rover_gazebo/models/crater/model.sdf
[20.730s] -- Symlinking: /home/mr-morales/ros2_ws/install/rover_gazebo/share/rover_gazebo/models/curiosity_path/meshes/curiosity_path25k.dae
[20.745s] -- Symlinking: /home/mr-morales/ros2_ws/install/rover_gazebo/share/rover_gazebo/models/curiosity_path/meshes/curiosity_path25k.stl
[20.761s] -- Symlinking: /home/mr-morales/ros2_ws/install/rover_gazebo/share/rover_gazebo/models/curiosity_path/meshes/mars_texture_lq.jpg
[20.773s] -- Symlinking: /home/mr-morales/ros2_ws/install/rover_gazebo/share/rover_gazebo/models/curiosity_path/model.config
[20.784s] -- Symlinking: /home/mr-morales/ros2_ws/install/rover_gazebo/share/rover_gazebo/models/curiosity_path/model.sdf
[20.796s] -- Symlinking: /home/mr-morales/ros2_ws/install/rover_gazebo/share/rover_gazebo/models/jaggedrock/meshes/basecolor.jpg
[20.811s] -- Symlinking: /home/mr-morales/ros2_ws/install/rover_gazebo/share/rover_gazebo/models/jaggedrock/meshes/bumpy.jpg
[20.828s] -- Symlinking: /home/mr-morales/ros2_ws/install/rover_gazebo/share/rover_gazebo/models/jaggedrock/meshes/jaggedrock_texture.dae
[20.843s] -- Symlinking: /home/mr-morales/ros2_ws/install/rover_gazebo/share/rover_gazebo/models/jaggedrock/model.config
[20.857s] -- Symlinking: /home/mr-morales/ros2_ws/install/rover_gazebo/share/rover_gazebo/models/jaggedrock/model.sdf
[20.868s] -- Symlinking: /home/mr-morales/ros2_ws/install/rover_gazebo/share/rover_gazebo/models/low_moon/model.config
[20.880s] -- Symlinking: /home/mr-morales/ros2_ws/install/rover_gazebo/share/rover_gazebo/models/low_moon/model.sdf
[20.892s] -- Symlinking: /home/mr-morales/ros2_ws/install/rover_gazebo/share/rover_gazebo/models/mars_terrain/meshes/mars_texture.jpg
[20.907s] -- Symlinking: /home/mr-morales/ros2_ws/install/rover_gazebo/share/rover_gazebo/models/mars_terrain/meshes/mars_texture_lq.jpg
[20.922s] -- Symlinking: /home/mr-morales/ros2_ws/install/rover_gazebo/share/rover_gazebo/models/mars_terrain/meshes/reddish-sand.jpg
[20.933s] -- Symlinking: /home/mr-morales/ros2_ws/install/rover_gazebo/share/rover_gazebo/models/mars_terrain/meshes/terrain.dae
[20.945s] -- Symlinking: /home/mr-morales/ros2_ws/install/rover_gazebo/share/rover_gazebo/models/mars_terrain/meshes/terrain.stl
[20.960s] -- Symlinking: /home/mr-morales/ros2_ws/install/rover_gazebo/share/rover_gazebo/models/mars_terrain/meshes/terrain_textured.dae
[20.974s] -- Symlinking: /home/mr-morales/ros2_ws/install/rover_gazebo/share/rover_gazebo/models/mars_terrain/model.config
[20.991s] -- Symlinking: /home/mr-morales/ros2_ws/install/rover_gazebo/share/rover_gazebo/models/mars_terrain/model.sdf
[21.006s] -- Symlinking: /home/mr-morales/ros2_ws/install/rover_gazebo/share/rover_gazebo/models/moon/materials/heightmap/moon.png
[21.026s] -- Symlinking: /home/mr-morales/ros2_ws/install/rover_gazebo/share/rover_gazebo/models/moon/materials/heightmap/moon.xcf
[21.047s] -- Symlinking: /home/mr-morales/ros2_ws/install/rover_gazebo/share/rover_gazebo/models/moon/materials/textures/ground.jpg
[21.066s] -- Symlinking: /home/mr-morales/ros2_ws/install/rover_gazebo/share/rover_gazebo/models/moon/materials/textures/ground_1.jpg
[21.085s] -- Symlinking: /home/mr-morales/ros2_ws/install/rover_gazebo/share/rover_gazebo/models/moon/materials/textures/ground_normal.jpg
[21.101s] -- Symlinking: /home/mr-morales/ros2_ws/install/rover_gazebo/share/rover_gazebo/models/moon/model.config
[21.117s] -- Symlinking: /home/mr-morales/ros2_ws/install/rover_gazebo/share/rover_gazebo/models/moon/model.sdf
[21.131s] -- Symlinking: /home/mr-morales/ros2_ws/install/rover_gazebo/share/rover_gazebo/models/rock9/meshes/rock9.dae
[21.145s] -- Symlinking: /home/mr-morales/ros2_ws/install/rover_gazebo/share/rover_gazebo/models/rock9/meshes/rock9.stl
[21.160s] -- Symlinking: /home/mr-morales/ros2_ws/install/rover_gazebo/share/rover_gazebo/models/rock9/meshes/texture.jpg
[21.175s] -- Symlinking: /home/mr-morales/ros2_ws/install/rover_gazebo/share/rover_gazebo/models/rock9/model.config
[21.188s] -- Symlinking: /home/mr-morales/ros2_ws/install/rover_gazebo/share/rover_gazebo/models/rock9/model.sdf
[21.206s] -- Symlinking: /home/mr-morales/ros2_ws/install/rover_gazebo/share/rover_gazebo/models/rockformation/meshes/SMALL_RED_BaseColor.png
[21.228s] -- Symlinking: /home/mr-morales/ros2_ws/install/rover_gazebo/share/rover_gazebo/models/rockformation/meshes/rockformation.dae
[21.247s] -- Symlinking: /home/mr-morales/ros2_ws/install/rover_gazebo/share/rover_gazebo/models/rockformation/model.config
[21.267s] -- Symlinking: /home/mr-morales/ros2_ws/install/rover_gazebo/share/rover_gazebo/models/rockformation/model.sdf
[21.286s] -- Symlinking: /home/mr-morales/ros2_ws/install/rover_gazebo/share/rover_gazebo/models/terrain/materials/textures/terrain.png
[21.303s] -- Symlinking: /home/mr-morales/ros2_ws/install/rover_gazebo/share/rover_gazebo/models/terrain/materials/textures/terrain.xcf
[21.321s] -- Symlinking: /home/mr-morales/ros2_ws/install/rover_gazebo/share/rover_gazebo/models/terrain/model.config
[21.340s] -- Symlinking: /home/mr-morales/ros2_ws/install/rover_gazebo/share/rover_gazebo/models/terrain/model.sdf
[21.360s] -- Symlinking: /home/mr-morales/ros2_ws/install/rover_gazebo/share/rover_gazebo/rviz/default.rviz
[21.376s] -- Symlinking: /home/mr-morales/ros2_ws/install/rover_gazebo/share/rover_gazebo/config/gz_bridge.yaml
[21.395s] -- Symlinking: /home/mr-morales/ros2_ws/install/rover_gazebo/share/rover_gazebo/config/odometry.yaml
[21.413s] -- Symlinking: /home/mr-morales/ros2_ws/install/rover_gazebo/share/rover_gazebo/environment/gz_sim_resource_path.sh
[21.433s] -- Symlinking: /home/mr-morales/ros2_ws/install/rover_gazebo/share/rover_gazebo/environment/gz_sim_resource_path.dsv
[21.448s] -- Symlinking: /home/mr-morales/ros2_ws/install/rover_gazebo/share/ament_index/resource_index/package_run_dependencies/rover_gazebo
[21.463s] -- Symlinking: /home/mr-morales/ros2_ws/install/rover_gazebo/share/ament_index/resource_index/parent_prefix_path/rover_gazebo
[21.476s] -- Symlinking: /home/mr-morales/ros2_ws/install/rover_gazebo/share/rover_gazebo/environment/ament_prefix_path.sh
[21.489s] -- Symlinking: /home/mr-morales/ros2_ws/install/rover_gazebo/share/rover_gazebo/environment/ament_prefix_path.dsv
[21.502s] -- Symlinking: /home/mr-morales/ros2_ws/install/rover_gazebo/share/rover_gazebo/environment/path.sh
[21.515s] -- Symlinking: /home/mr-morales/ros2_ws/install/rover_gazebo/share/rover_gazebo/environment/path.dsv
[21.530s] -- Symlinking: /home/mr-morales/ros2_ws/install/rover_gazebo/share/rover_gazebo/local_setup.bash
[21.545s] -- Symlinking: /home/mr-morales/ros2_ws/install/rover_gazebo/share/rover_gazebo/local_setup.sh
[21.558s] -- Symlinking: /home/mr-morales/ros2_ws/install/rover_gazebo/share/rover_gazebo/local_setup.zsh
[21.571s] -- Symlinking: /home/mr-morales/ros2_ws/install/rover_gazebo/share/rover_gazebo/local_setup.dsv
[21.585s] -- Symlinking: /home/mr-morales/ros2_ws/install/rover_gazebo/share/rover_gazebo/package.dsv
[21.598s] -- Symlinking: /home/mr-morales/ros2_ws/install/rover_gazebo/share/ament_index/resource_index/packages/rover_gazebo
[21.612s] -- Symlinking: /home/mr-morales/ros2_ws/install/rover_gazebo/share/rover_gazebo/cmake/rover_gazeboConfig.cmake
[21.627s] -- Symlinking: /home/mr-morales/ros2_ws/install/rover_gazebo/share/rover_gazebo/cmake/rover_gazeboConfig-version.cmake
[21.642s] -- Symlinking: /home/mr-morales/ros2_ws/install/rover_gazebo/share/rover_gazebo/package.xml
[21.659s] Invoked command in '/home/mr-morales/ros2_ws/build/rover_gazebo' returned '0': AMENT_PREFIX_PATH=/home/mr-morales/ros2_ws/install/rover_msgs:/home/mr-morales/ros2_ws/install/rover_description:${AMENT_PREFIX_PATH} CMAKE_PREFIX_PATH=/home/mr-morales/ros2_ws/install/rover_msgs:/home/mr-morales/ros2_ws/install/rover_description:/home/mr-morales/miniforge3/envs/ros2_jazzy CONDA_PROMPT_MODIFIER=(ros2_jazzy) LD_LIBRARY_PATH=/home/mr-morales/ros2_ws/install/rover_msgs/lib:${LD_LIBRARY_PATH} PYTHONPATH=/home/mr-morales/ros2_ws/install/rover_msgs/lib/python3.12/site-packages:${PYTHONPATH} /home/mr-morales/miniforge3/envs/ros2_jazzy/bin/cmake --install /home/mr-morales/ros2_ws/build/rover_gazebo
