[0.158s] colcon DEBUG Command line arguments: ['/home/mr-morales/miniforge3/envs/ros2_jazzy/bin/colcon', 'build', '--symlink-install', '--packages-select', 'rover_motor_controller_cpp']
[0.158s] colcon DEBUG Parsed command line arguments: Namespace(log_base=None, log_level=None, verb_name='build', build_base='build', install_base='install', merge_install=False, symlink_install=True, test_result_base=None, continue_on_error=False, executor='parallel', parallel_workers=12, event_handlers=None, ignore_user_meta=False, metas=['./colcon.meta'], base_paths=['.'], packages_ignore=None, packages_ignore_regex=None, paths=None, packages_up_to=None, packages_up_to_regex=None, packages_above=None, packages_above_and_dependencies=None, packages_above_depth=None, packages_select_by_dep=None, packages_skip_by_dep=None, packages_skip_up_to=None, packages_select_build_failed=False, packages_skip_build_finished=False, packages_select_test_failures=False, packages_skip_test_passed=False, packages_select=['rover_motor_controller_cpp'], packages_skip=None, packages_select_regex=None, packages_skip_regex=None, packages_start=None, packages_end=None, cmake_args=None, cmake_target=None, cmake_target_skip_unavailable=False, cmake_clean_cache=False, cmake_clean_first=False, cmake_force_configure=False, ament_cmake_args=None, catkin_cmake_args=None, catkin_skip_building_tests=False, verb_parser=<colcon_defaults.argument_parser.defaults.DefaultArgumentsDecorator object at 0x7fc093f75010>, verb_extension=<colcon_core.verb.build.BuildVerb object at 0x7fc093f74d70>, main=<bound method BuildVerb.main of <colcon_core.verb.build.BuildVerb object at 0x7fc093f74d70>>)
[0.199s] colcon.colcon_core.package_discovery Level 1 discover_packages(colcon_meta) check parameters
[0.199s] colcon.colcon_core.package_discovery Level 1 discover_packages(recursive) check parameters
[0.199s] colcon.colcon_core.package_discovery Level 1 discover_packages(ignore) check parameters
[0.199s] colcon.colcon_core.package_discovery Level 1 discover_packages(path) check parameters
[0.199s] colcon.colcon_core.package_discovery Level 1 discover_packages(colcon_meta) discover
[0.199s] colcon.colcon_core.package_discovery Level 1 discover_packages(recursive) discover
[0.199s] colcon.colcon_core.package_discovery INFO Crawling recursively for packages in '/home/mr-morales/ros2_ws'
[0.199s] colcon.colcon_core.package_identification Level 1 _identify(.) by extensions ['ignore', 'ignore_ament_install']
[0.199s] colcon.colcon_core.package_identification Level 1 _identify(.) by extension 'ignore'
[0.199s] colcon.colcon_core.package_identification Level 1 _identify(.) by extension 'ignore_ament_install'
[0.199s] colcon.colcon_core.package_identification Level 1 _identify(.) by extensions ['colcon_pkg']
[0.199s] colcon.colcon_core.package_identification Level 1 _identify(.) by extension 'colcon_pkg'
[0.199s] colcon.colcon_core.package_identification Level 1 _identify(.) by extensions ['colcon_meta']
[0.199s] colcon.colcon_core.package_identification Level 1 _identify(.) by extension 'colcon_meta'
[0.199s] colcon.colcon_core.package_identification Level 1 _identify(.) by extensions ['ros']
[0.199s] colcon.colcon_core.package_identification Level 1 _identify(.) by extension 'ros'
[0.234s] colcon.colcon_core.package_identification Level 1 _identify(.) by extensions ['cmake', 'python']
[0.234s] colcon.colcon_core.package_identification Level 1 _identify(.) by extension 'cmake'
[0.234s] colcon.colcon_core.package_identification Level 1 _identify(.) by extension 'python'
[0.234s] colcon.colcon_core.package_identification Level 1 _identify(.) by extensions ['python_setup_py']
[0.234s] colcon.colcon_core.package_identification Level 1 _identify(.) by extension 'python_setup_py'
[0.234s] colcon.colcon_core.package_identification Level 1 _identify(build) by extensions ['ignore', 'ignore_ament_install']
[0.234s] colcon.colcon_core.package_identification Level 1 _identify(build) by extension 'ignore'
[0.234s] colcon.colcon_core.package_identification Level 1 _identify(build) ignored
[0.234s] colcon.colcon_core.package_identification Level 1 _identify(install) by extensions ['ignore', 'ignore_ament_install']
[0.234s] colcon.colcon_core.package_identification Level 1 _identify(install) by extension 'ignore'
[0.235s] colcon.colcon_core.package_identification Level 1 _identify(install) ignored
[0.235s] colcon.colcon_core.package_identification Level 1 _identify(log) by extensions ['ignore', 'ignore_ament_install']
[0.235s] colcon.colcon_core.package_identification Level 1 _identify(log) by extension 'ignore'
[0.235s] colcon.colcon_core.package_identification Level 1 _identify(log) ignored
[0.235s] colcon.colcon_core.package_identification Level 1 _identify(src) by extensions ['ignore', 'ignore_ament_install']
[0.235s] colcon.colcon_core.package_identification Level 1 _identify(src) by extension 'ignore'
[0.235s] colcon.colcon_core.package_identification Level 1 _identify(src) by extension 'ignore_ament_install'
[0.235s] colcon.colcon_core.package_identification Level 1 _identify(src) by extensions ['colcon_pkg']
[0.235s] colcon.colcon_core.package_identification Level 1 _identify(src) by extension 'colcon_pkg'
[0.235s] colcon.colcon_core.package_identification Level 1 _identify(src) by extensions ['colcon_meta']
[0.235s] colcon.colcon_core.package_identification Level 1 _identify(src) by extension 'colcon_meta'
[0.235s] colcon.colcon_core.package_identification Level 1 _identify(src) by extensions ['ros']
[0.235s] colcon.colcon_core.package_identification Level 1 _identify(src) by extension 'ros'
[0.235s] colcon.colcon_core.package_identification Level 1 _identify(src) by extensions ['cmake', 'python']
[0.235s] colcon.colcon_core.package_identification Level 1 _identify(src) by extension 'cmake'
[0.235s] colcon.colcon_core.package_identification Level 1 _identify(src) by extension 'python'
[0.235s] colcon.colcon_core.package_identification Level 1 _identify(src) by extensions ['python_setup_py']
[0.235s] colcon.colcon_core.package_identification Level 1 _identify(src) by extension 'python_setup_py'
[0.235s] colcon.colcon_core.package_identification Level 1 _identify(src/ros2_rover) by extensions ['ignore', 'ignore_ament_install']
[0.235s] colcon.colcon_core.package_identification Level 1 _identify(src/ros2_rover) by extension 'ignore'
[0.236s] colcon.colcon_core.package_identification Level 1 _identify(src/ros2_rover) by extension 'ignore_ament_install'
[0.236s] colcon.colcon_core.package_identification Level 1 _identify(src/ros2_rover) by extensions ['colcon_pkg']
[0.236s] colcon.colcon_core.package_identification Level 1 _identify(src/ros2_rover) by extension 'colcon_pkg'
[0.236s] colcon.colcon_core.package_identification Level 1 _identify(src/ros2_rover) by extensions ['colcon_meta']
[0.236s] colcon.colcon_core.package_identification Level 1 _identify(src/ros2_rover) by extension 'colcon_meta'
[0.236s] colcon.colcon_core.package_identification Level 1 _identify(src/ros2_rover) by extensions ['ros']
[0.236s] colcon.colcon_core.package_identification Level 1 _identify(src/ros2_rover) by extension 'ros'
[0.236s] colcon.colcon_core.package_identification Level 1 _identify(src/ros2_rover) by extensions ['cmake', 'python']
[0.236s] colcon.colcon_core.package_identification Level 1 _identify(src/ros2_rover) by extension 'cmake'
[0.236s] colcon.colcon_core.package_identification Level 1 _identify(src/ros2_rover) by extension 'python'
[0.236s] colcon.colcon_core.package_identification Level 1 _identify(src/ros2_rover) by extensions ['python_setup_py']
[0.236s] colcon.colcon_core.package_identification Level 1 _identify(src/ros2_rover) by extension 'python_setup_py'
[0.236s] colcon.colcon_core.package_identification Level 1 _identify(src/ros2_rover/docs) by extensions ['ignore', 'ignore_ament_install']
[0.236s] colcon.colcon_core.package_identification Level 1 _identify(src/ros2_rover/docs) by extension 'ignore'
[0.236s] colcon.colcon_core.package_identification Level 1 _identify(src/ros2_rover/docs) by extension 'ignore_ament_install'
[0.236s] colcon.colcon_core.package_identification Level 1 _identify(src/ros2_rover/docs) by extensions ['colcon_pkg']
[0.236s] colcon.colcon_core.package_identification Level 1 _identify(src/ros2_rover/docs) by extension 'colcon_pkg'
[0.236s] colcon.colcon_core.package_identification Level 1 _identify(src/ros2_rover/docs) by extensions ['colcon_meta']
[0.236s] colcon.colcon_core.package_identification Level 1 _identify(src/ros2_rover/docs) by extension 'colcon_meta'
[0.236s] colcon.colcon_core.package_identification Level 1 _identify(src/ros2_rover/docs) by extensions ['ros']
[0.236s] colcon.colcon_core.package_identification Level 1 _identify(src/ros2_rover/docs) by extension 'ros'
[0.237s] colcon.colcon_core.package_identification Level 1 _identify(src/ros2_rover/docs) by extensions ['cmake', 'python']
[0.237s] colcon.colcon_core.package_identification Level 1 _identify(src/ros2_rover/docs) by extension 'cmake'
[0.237s] colcon.colcon_core.package_identification Level 1 _identify(src/ros2_rover/docs) by extension 'python'
[0.237s] colcon.colcon_core.package_identification Level 1 _identify(src/ros2_rover/docs) by extensions ['python_setup_py']
[0.237s] colcon.colcon_core.package_identification Level 1 _identify(src/ros2_rover/docs) by extension 'python_setup_py'
[0.237s] colcon.colcon_core.package_identification Level 1 _identify(src/ros2_rover/rover_bringup) by extensions ['ignore', 'ignore_ament_install']
[0.237s] colcon.colcon_core.package_identification Level 1 _identify(src/ros2_rover/rover_bringup) by extension 'ignore'
[0.237s] colcon.colcon_core.package_identification Level 1 _identify(src/ros2_rover/rover_bringup) by extension 'ignore_ament_install'
[0.237s] colcon.colcon_core.package_identification Level 1 _identify(src/ros2_rover/rover_bringup) by extensions ['colcon_pkg']
[0.237s] colcon.colcon_core.package_identification Level 1 _identify(src/ros2_rover/rover_bringup) by extension 'colcon_pkg'
[0.237s] colcon.colcon_core.package_identification Level 1 _identify(src/ros2_rover/rover_bringup) by extensions ['colcon_meta']
[0.237s] colcon.colcon_core.package_identification Level 1 _identify(src/ros2_rover/rover_bringup) by extension 'colcon_meta'
[0.237s] colcon.colcon_core.package_identification Level 1 _identify(src/ros2_rover/rover_bringup) by extensions ['ros']
[0.237s] colcon.colcon_core.package_identification Level 1 _identify(src/ros2_rover/rover_bringup) by extension 'ros'
[0.240s] colcon.colcon_core.package_identification DEBUG Package 'src/ros2_rover/rover_bringup' with type 'ros.ament_cmake' and name 'rover_bringup'
[0.240s] colcon.colcon_core.package_identification Level 1 _identify(src/ros2_rover/rover_description) by extensions ['ignore', 'ignore_ament_install']
[0.240s] colcon.colcon_core.package_identification Level 1 _identify(src/ros2_rover/rover_description) by extension 'ignore'
[0.240s] colcon.colcon_core.package_identification Level 1 _identify(src/ros2_rover/rover_description) by extension 'ignore_ament_install'
[0.240s] colcon.colcon_core.package_identification Level 1 _identify(src/ros2_rover/rover_description) by extensions ['colcon_pkg']
[0.240s] colcon.colcon_core.package_identification Level 1 _identify(src/ros2_rover/rover_description) by extension 'colcon_pkg'
[0.240s] colcon.colcon_core.package_identification Level 1 _identify(src/ros2_rover/rover_description) by extensions ['colcon_meta']
[0.240s] colcon.colcon_core.package_identification Level 1 _identify(src/ros2_rover/rover_description) by extension 'colcon_meta'
[0.240s] colcon.colcon_core.package_identification Level 1 _identify(src/ros2_rover/rover_description) by extensions ['ros']
[0.240s] colcon.colcon_core.package_identification Level 1 _identify(src/ros2_rover/rover_description) by extension 'ros'
[0.241s] colcon.colcon_core.package_identification DEBUG Package 'src/ros2_rover/rover_description' with type 'ros.ament_cmake' and name 'rover_description'
[0.241s] colcon.colcon_core.package_identification Level 1 _identify(src/ros2_rover/rover_gazebo) by extensions ['ignore', 'ignore_ament_install']
[0.241s] colcon.colcon_core.package_identification Level 1 _identify(src/ros2_rover/rover_gazebo) by extension 'ignore'
[0.242s] colcon.colcon_core.package_identification Level 1 _identify(src/ros2_rover/rover_gazebo) by extension 'ignore_ament_install'
[0.242s] colcon.colcon_core.package_identification Level 1 _identify(src/ros2_rover/rover_gazebo) by extensions ['colcon_pkg']
[0.242s] colcon.colcon_core.package_identification Level 1 _identify(src/ros2_rover/rover_gazebo) by extension 'colcon_pkg'
[0.242s] colcon.colcon_core.package_identification Level 1 _identify(src/ros2_rover/rover_gazebo) by extensions ['colcon_meta']
[0.242s] colcon.colcon_core.package_identification Level 1 _identify(src/ros2_rover/rover_gazebo) by extension 'colcon_meta'
[0.242s] colcon.colcon_core.package_identification Level 1 _identify(src/ros2_rover/rover_gazebo) by extensions ['ros']
[0.242s] colcon.colcon_core.package_identification Level 1 _identify(src/ros2_rover/rover_gazebo) by extension 'ros'
[0.243s] colcon.colcon_core.package_identification DEBUG Package 'src/ros2_rover/rover_gazebo' with type 'ros.ament_cmake' and name 'rover_gazebo'
[0.243s] colcon.colcon_core.package_identification Level 1 _identify(src/ros2_rover/rover_localization) by extensions ['ignore', 'ignore_ament_install']
[0.243s] colcon.colcon_core.package_identification Level 1 _identify(src/ros2_rover/rover_localization) by extension 'ignore'
[0.243s] colcon.colcon_core.package_identification Level 1 _identify(src/ros2_rover/rover_localization) by extension 'ignore_ament_install'
[0.243s] colcon.colcon_core.package_identification Level 1 _identify(src/ros2_rover/rover_localization) by extensions ['colcon_pkg']
[0.243s] colcon.colcon_core.package_identification Level 1 _identify(src/ros2_rover/rover_localization) by extension 'colcon_pkg'
[0.243s] colcon.colcon_core.package_identification Level 1 _identify(src/ros2_rover/rover_localization) by extensions ['colcon_meta']
[0.243s] colcon.colcon_core.package_identification Level 1 _identify(src/ros2_rover/rover_localization) by extension 'colcon_meta'
[0.243s] colcon.colcon_core.package_identification Level 1 _identify(src/ros2_rover/rover_localization) by extensions ['ros']
[0.243s] colcon.colcon_core.package_identification Level 1 _identify(src/ros2_rover/rover_localization) by extension 'ros'
[0.244s] colcon.colcon_core.package_identification DEBUG Package 'src/ros2_rover/rover_localization' with type 'ros.ament_cmake' and name 'rover_localization'
[0.244s] colcon.colcon_core.package_identification Level 1 _identify(src/ros2_rover/rover_motor_controller) by extensions ['ignore', 'ignore_ament_install']
[0.244s] colcon.colcon_core.package_identification Level 1 _identify(src/ros2_rover/rover_motor_controller) by extension 'ignore'
[0.244s] colcon.colcon_core.package_identification Level 1 _identify(src/ros2_rover/rover_motor_controller) by extension 'ignore_ament_install'
[0.244s] colcon.colcon_core.package_identification Level 1 _identify(src/ros2_rover/rover_motor_controller) by extensions ['colcon_pkg']
[0.244s] colcon.colcon_core.package_identification Level 1 _identify(src/ros2_rover/rover_motor_controller) by extension 'colcon_pkg'
[0.244s] colcon.colcon_core.package_identification Level 1 _identify(src/ros2_rover/rover_motor_controller) by extensions ['colcon_meta']
[0.244s] colcon.colcon_core.package_identification Level 1 _identify(src/ros2_rover/rover_motor_controller) by extension 'colcon_meta'
[0.244s] colcon.colcon_core.package_identification Level 1 _identify(src/ros2_rover/rover_motor_controller) by extensions ['ros']
[0.244s] colcon.colcon_core.package_identification Level 1 _identify(src/ros2_rover/rover_motor_controller) by extension 'ros'
[0.245s] colcon.colcon_core.package_identification DEBUG Package 'src/ros2_rover/rover_motor_controller' with type 'ros.ament_python' and name 'rover_motor_controller'
[0.245s] colcon.colcon_core.package_identification Level 1 _identify(src/ros2_rover/rover_motor_controller_cpp) by extensions ['ignore', 'ignore_ament_install']
[0.245s] colcon.colcon_core.package_identification Level 1 _identify(src/ros2_rover/rover_motor_controller_cpp) by extension 'ignore'
[0.245s] colcon.colcon_core.package_identification Level 1 _identify(src/ros2_rover/rover_motor_controller_cpp) by extension 'ignore_ament_install'
[0.245s] colcon.colcon_core.package_identification Level 1 _identify(src/ros2_rover/rover_motor_controller_cpp) by extensions ['colcon_pkg']
[0.245s] colcon.colcon_core.package_identification Level 1 _identify(src/ros2_rover/rover_motor_controller_cpp) by extension 'colcon_pkg'
[0.245s] colcon.colcon_core.package_identification Level 1 _identify(src/ros2_rover/rover_motor_controller_cpp) by extensions ['colcon_meta']
[0.245s] colcon.colcon_core.package_identification Level 1 _identify(src/ros2_rover/rover_motor_controller_cpp) by extension 'colcon_meta'
[0.245s] colcon.colcon_core.package_identification Level 1 _identify(src/ros2_rover/rover_motor_controller_cpp) by extensions ['ros']
[0.245s] colcon.colcon_core.package_identification Level 1 _identify(src/ros2_rover/rover_motor_controller_cpp) by extension 'ros'
[0.246s] colcon.colcon_core.package_identification DEBUG Package 'src/ros2_rover/rover_motor_controller_cpp' with type 'ros.ament_cmake' and name 'rover_motor_controller_cpp'
[0.246s] colcon.colcon_core.package_identification Level 1 _identify(src/ros2_rover/rover_msgs) by extensions ['ignore', 'ignore_ament_install']
[0.246s] colcon.colcon_core.package_identification Level 1 _identify(src/ros2_rover/rover_msgs) by extension 'ignore'
[0.246s] colcon.colcon_core.package_identification Level 1 _identify(src/ros2_rover/rover_msgs) by extension 'ignore_ament_install'
[0.246s] colcon.colcon_core.package_identification Level 1 _identify(src/ros2_rover/rover_msgs) by extensions ['colcon_pkg']
[0.246s] colcon.colcon_core.package_identification Level 1 _identify(src/ros2_rover/rover_msgs) by extension 'colcon_pkg'
[0.246s] colcon.colcon_core.package_identification Level 1 _identify(src/ros2_rover/rover_msgs) by extensions ['colcon_meta']
[0.246s] colcon.colcon_core.package_identification Level 1 _identify(src/ros2_rover/rover_msgs) by extension 'colcon_meta'
[0.246s] colcon.colcon_core.package_identification Level 1 _identify(src/ros2_rover/rover_msgs) by extensions ['ros']
[0.246s] colcon.colcon_core.package_identification Level 1 _identify(src/ros2_rover/rover_msgs) by extension 'ros'
[0.247s] colcon.colcon_core.package_identification DEBUG Package 'src/ros2_rover/rover_msgs' with type 'ros.ament_cmake' and name 'rover_msgs'
[0.247s] colcon.colcon_core.package_identification Level 1 _identify(src/ros2_rover/rover_navigation) by extensions ['ignore', 'ignore_ament_install']
[0.247s] colcon.colcon_core.package_identification Level 1 _identify(src/ros2_rover/rover_navigation) by extension 'ignore'
[0.247s] colcon.colcon_core.package_identification Level 1 _identify(src/ros2_rover/rover_navigation) by extension 'ignore_ament_install'
[0.247s] colcon.colcon_core.package_identification Level 1 _identify(src/ros2_rover/rover_navigation) by extensions ['colcon_pkg']
[0.247s] colcon.colcon_core.package_identification Level 1 _identify(src/ros2_rover/rover_navigation) by extension 'colcon_pkg'
[0.247s] colcon.colcon_core.package_identification Level 1 _identify(src/ros2_rover/rover_navigation) by extensions ['colcon_meta']
[0.247s] colcon.colcon_core.package_identification Level 1 _identify(src/ros2_rover/rover_navigation) by extension 'colcon_meta'
[0.247s] colcon.colcon_core.package_identification Level 1 _identify(src/ros2_rover/rover_navigation) by extensions ['ros']
[0.247s] colcon.colcon_core.package_identification Level 1 _identify(src/ros2_rover/rover_navigation) by extension 'ros'
[0.248s] colcon.colcon_core.package_identification DEBUG Package 'src/ros2_rover/rover_navigation' with type 'ros.ament_cmake' and name 'rover_navigation'
[0.249s] colcon.colcon_core.package_identification Level 1 _identify(src/ros2_rover/rover_service) by extensions ['ignore', 'ignore_ament_install']
[0.249s] colcon.colcon_core.package_identification Level 1 _identify(src/ros2_rover/rover_service) by extension 'ignore'
[0.249s] colcon.colcon_core.package_identification Level 1 _identify(src/ros2_rover/rover_service) by extension 'ignore_ament_install'
[0.249s] colcon.colcon_core.package_identification Level 1 _identify(src/ros2_rover/rover_service) by extensions ['colcon_pkg']
[0.249s] colcon.colcon_core.package_identification Level 1 _identify(src/ros2_rover/rover_service) by extension 'colcon_pkg'
[0.249s] colcon.colcon_core.package_identification Level 1 _identify(src/ros2_rover/rover_service) by extensions ['colcon_meta']
[0.249s] colcon.colcon_core.package_identification Level 1 _identify(src/ros2_rover/rover_service) by extension 'colcon_meta'
[0.249s] colcon.colcon_core.package_identification Level 1 _identify(src/ros2_rover/rover_service) by extensions ['ros']
[0.249s] colcon.colcon_core.package_identification Level 1 _identify(src/ros2_rover/rover_service) by extension 'ros'
[0.249s] colcon.colcon_core.package_identification Level 1 _identify(src/ros2_rover/rover_service) by extensions ['cmake', 'python']
[0.249s] colcon.colcon_core.package_identification Level 1 _identify(src/ros2_rover/rover_service) by extension 'cmake'
[0.249s] colcon.colcon_core.package_identification Level 1 _identify(src/ros2_rover/rover_service) by extension 'python'
[0.249s] colcon.colcon_core.package_identification Level 1 _identify(src/ros2_rover/rover_service) by extensions ['python_setup_py']
[0.249s] colcon.colcon_core.package_identification Level 1 _identify(src/ros2_rover/rover_service) by extension 'python_setup_py'
[0.249s] colcon.colcon_core.package_identification Level 1 _identify(src/ros2_rover/rover_teleop) by extensions ['ignore', 'ignore_ament_install']
[0.249s] colcon.colcon_core.package_identification Level 1 _identify(src/ros2_rover/rover_teleop) by extension 'ignore'
[0.249s] colcon.colcon_core.package_identification Level 1 _identify(src/ros2_rover/rover_teleop) by extension 'ignore_ament_install'
[0.249s] colcon.colcon_core.package_identification Level 1 _identify(src/ros2_rover/rover_teleop) by extensions ['colcon_pkg']
[0.249s] colcon.colcon_core.package_identification Level 1 _identify(src/ros2_rover/rover_teleop) by extension 'colcon_pkg'
[0.250s] colcon.colcon_core.package_identification Level 1 _identify(src/ros2_rover/rover_teleop) by extensions ['colcon_meta']
[0.250s] colcon.colcon_core.package_identification Level 1 _identify(src/ros2_rover/rover_teleop) by extension 'colcon_meta'
[0.250s] colcon.colcon_core.package_identification Level 1 _identify(src/ros2_rover/rover_teleop) by extensions ['ros']
[0.250s] colcon.colcon_core.package_identification Level 1 _identify(src/ros2_rover/rover_teleop) by extension 'ros'
[0.250s] colcon.colcon_core.package_identification DEBUG Package 'src/ros2_rover/rover_teleop' with type 'ros.ament_python' and name 'rover_teleop'
[0.250s] colcon.colcon_core.package_discovery Level 1 discover_packages(recursive) using defaults
[0.250s] colcon.colcon_core.package_discovery Level 1 discover_packages(ignore) discover
[0.250s] colcon.colcon_core.package_discovery Level 1 discover_packages(ignore) using defaults
[0.250s] colcon.colcon_core.package_discovery Level 1 discover_packages(path) discover
[0.250s] colcon.colcon_core.package_discovery Level 1 discover_packages(path) using defaults
[0.268s] colcon.colcon_core.package_selection INFO Skipping not selected package 'rover_description' in 'src/ros2_rover/rover_description'
[0.268s] colcon.colcon_core.package_selection INFO Skipping not selected package 'rover_localization' in 'src/ros2_rover/rover_localization'
[0.268s] colcon.colcon_core.package_selection INFO Skipping not selected package 'rover_msgs' in 'src/ros2_rover/rover_msgs'
[0.268s] colcon.colcon_core.package_selection INFO Skipping not selected package 'rover_navigation' in 'src/ros2_rover/rover_navigation'
[0.268s] colcon.colcon_core.package_selection INFO Skipping not selected package 'rover_teleop' in 'src/ros2_rover/rover_teleop'
[0.268s] colcon.colcon_core.package_selection INFO Skipping not selected package 'rover_motor_controller' in 'src/ros2_rover/rover_motor_controller'
[0.268s] colcon.colcon_core.package_selection INFO Skipping not selected package 'rover_bringup' in 'src/ros2_rover/rover_bringup'
[0.268s] colcon.colcon_core.package_selection INFO Skipping not selected package 'rover_gazebo' in 'src/ros2_rover/rover_gazebo'
[0.268s] colcon.colcon_core.verb Level 5 set package 'rover_motor_controller_cpp' build argument 'cmake_args' from command line to 'None'
[0.268s] colcon.colcon_core.verb Level 5 set package 'rover_motor_controller_cpp' build argument 'cmake_target' from command line to 'None'
[0.268s] colcon.colcon_core.verb Level 5 set package 'rover_motor_controller_cpp' build argument 'cmake_target_skip_unavailable' from command line to 'False'
[0.268s] colcon.colcon_core.verb Level 5 set package 'rover_motor_controller_cpp' build argument 'cmake_clean_cache' from command line to 'False'
[0.268s] colcon.colcon_core.verb Level 5 set package 'rover_motor_controller_cpp' build argument 'cmake_clean_first' from command line to 'False'
[0.268s] colcon.colcon_core.verb Level 5 set package 'rover_motor_controller_cpp' build argument 'cmake_force_configure' from command line to 'False'
[0.268s] colcon.colcon_core.verb Level 5 set package 'rover_motor_controller_cpp' build argument 'ament_cmake_args' from command line to 'None'
[0.268s] colcon.colcon_core.verb Level 5 set package 'rover_motor_controller_cpp' build argument 'catkin_cmake_args' from command line to 'None'
[0.268s] colcon.colcon_core.verb Level 5 set package 'rover_motor_controller_cpp' build argument 'catkin_skip_building_tests' from command line to 'False'
[0.268s] colcon.colcon_core.verb DEBUG Building package 'rover_motor_controller_cpp' with the following arguments: {'ament_cmake_args': None, 'build_base': '/home/mr-morales/ros2_ws/build/rover_motor_controller_cpp', 'catkin_cmake_args': None, 'catkin_skip_building_tests': False, 'cmake_args': None, 'cmake_clean_cache': False, 'cmake_clean_first': False, 'cmake_force_configure': False, 'cmake_target': None, 'cmake_target_skip_unavailable': False, 'install_base': '/home/mr-morales/ros2_ws/install/rover_motor_controller_cpp', 'merge_install': False, 'path': '/home/mr-morales/ros2_ws/src/ros2_rover/rover_motor_controller_cpp', 'symlink_install': True, 'test_result_base': None}
[0.268s] colcon.colcon_core.executor INFO Executing jobs using 'parallel' executor
[0.269s] colcon.colcon_parallel_executor.executor.parallel DEBUG run_until_complete
[0.270s] colcon.colcon_ros.task.ament_cmake.build INFO Building ROS package in '/home/mr-morales/ros2_ws/src/ros2_rover/rover_motor_controller_cpp' with build type 'ament_cmake'
[0.270s] colcon.colcon_cmake.task.cmake.build INFO Building CMake package in '/home/mr-morales/ros2_ws/src/ros2_rover/rover_motor_controller_cpp'
[0.272s] colcon.colcon_core.plugin_system INFO Skipping extension 'colcon_core.shell.bat': Not used on non-Windows systems
[0.272s] colcon.colcon_core.shell INFO Skip shell extension 'powershell' for command environment: Not usable outside of PowerShell
[0.272s] colcon.colcon_core.shell DEBUG Skip shell extension 'dsv' for command environment
[0.286s] colcon.colcon_core.event_handler.log_command DEBUG Invoking command in '/home/mr-morales/ros2_ws/build/rover_motor_controller_cpp': AMENT_PREFIX_PATH=/home/mr-morales/ros2_ws/install/rover_msgs:${AMENT_PREFIX_PATH} CMAKE_PREFIX_PATH=/home/mr-morales/ros2_ws/install/rover_msgs:/home/mr-morales/miniforge3/envs/ros2_jazzy CONDA_PROMPT_MODIFIER=(ros2_jazzy) LD_LIBRARY_PATH=/home/mr-morales/ros2_ws/install/rover_msgs/lib:${LD_LIBRARY_PATH} PYTHONPATH=/home/mr-morales/ros2_ws/install/rover_msgs/lib/python3.12/site-packages:${PYTHONPATH} /home/mr-morales/miniforge3/envs/ros2_jazzy/bin/cmake --build /home/mr-morales/ros2_ws/build/rover_motor_controller_cpp -- -j12 -l12
[10.294s] colcon.colcon_core.event_handler.log_command DEBUG Invoked command in '/home/mr-morales/ros2_ws/build/rover_motor_controller_cpp' returned '2': AMENT_PREFIX_PATH=/home/mr-morales/ros2_ws/install/rover_msgs:${AMENT_PREFIX_PATH} CMAKE_PREFIX_PATH=/home/mr-morales/ros2_ws/install/rover_msgs:/home/mr-morales/miniforge3/envs/ros2_jazzy CONDA_PROMPT_MODIFIER=(ros2_jazzy) LD_LIBRARY_PATH=/home/mr-morales/ros2_ws/install/rover_msgs/lib:${LD_LIBRARY_PATH} PYTHONPATH=/home/mr-morales/ros2_ws/install/rover_msgs/lib/python3.12/site-packages:${PYTHONPATH} /home/mr-morales/miniforge3/envs/ros2_jazzy/bin/cmake --build /home/mr-morales/ros2_ws/build/rover_motor_controller_cpp -- -j12 -l12
[10.295s] colcon.colcon_core.environment Level 1 create_environment_scripts_only(rover_motor_controller_cpp)
[10.300s] colcon.colcon_core.environment Level 1 checking '/home/mr-morales/ros2_ws/install/rover_motor_controller_cpp' for CMake module files
[10.301s] colcon.colcon_core.environment Level 1 checking '/home/mr-morales/ros2_ws/install/rover_motor_controller_cpp' for CMake config files
[10.302s] colcon.colcon_core.environment Level 1 checking '/home/mr-morales/ros2_ws/install/rover_motor_controller_cpp/bin'
[10.302s] colcon.colcon_core.environment Level 1 checking '/home/mr-morales/ros2_ws/install/rover_motor_controller_cpp/lib/pkgconfig/rover_motor_controller_cpp.pc'
[10.304s] colcon.colcon_core.environment Level 1 checking '/home/mr-morales/ros2_ws/install/rover_motor_controller_cpp/lib/python3.12/site-packages'
[10.304s] colcon.colcon_core.environment Level 1 checking '/home/mr-morales/ros2_ws/install/rover_motor_controller_cpp/bin'
[10.305s] colcon.colcon_core.shell INFO Creating package script '/home/mr-morales/ros2_ws/install/rover_motor_controller_cpp/share/rover_motor_controller_cpp/package.ps1'
[10.307s] colcon.colcon_core.shell INFO Creating package descriptor '/home/mr-morales/ros2_ws/install/rover_motor_controller_cpp/share/rover_motor_controller_cpp/package.dsv'
[10.307s] colcon.colcon_core.shell INFO Creating package script '/home/mr-morales/ros2_ws/install/rover_motor_controller_cpp/share/rover_motor_controller_cpp/package.sh'
[10.309s] colcon.colcon_core.shell INFO Creating package script '/home/mr-morales/ros2_ws/install/rover_motor_controller_cpp/share/rover_motor_controller_cpp/package.bash'
[10.310s] colcon.colcon_core.shell INFO Creating package script '/home/mr-morales/ros2_ws/install/rover_motor_controller_cpp/share/rover_motor_controller_cpp/package.zsh'
[10.311s] colcon.colcon_core.environment Level 1 create_file_with_runtime_dependencies(/home/mr-morales/ros2_ws/install/rover_motor_controller_cpp/share/colcon-core/packages/rover_motor_controller_cpp)
[10.321s] colcon.colcon_parallel_executor.executor.parallel DEBUG closing loop
[10.322s] colcon.colcon_parallel_executor.executor.parallel DEBUG loop closed
[10.322s] colcon.colcon_parallel_executor.executor.parallel DEBUG run_until_complete finished with '2'
[10.322s] colcon.colcon_core.event_reactor DEBUG joining thread
[10.323s] colcon.colcon_core.event_reactor DEBUG joined thread
[10.323s] colcon.colcon_core.shell INFO Creating prefix script '/home/mr-morales/ros2_ws/install/local_setup.ps1'
[10.325s] colcon.colcon_core.shell INFO Creating prefix util module '/home/mr-morales/ros2_ws/install/_local_setup_util_ps1.py'
[10.328s] colcon.colcon_core.shell INFO Creating prefix chain script '/home/mr-morales/ros2_ws/install/setup.ps1'
[10.330s] colcon.colcon_core.shell INFO Creating prefix script '/home/mr-morales/ros2_ws/install/local_setup.sh'
[10.331s] colcon.colcon_core.shell INFO Creating prefix util module '/home/mr-morales/ros2_ws/install/_local_setup_util_sh.py'
[10.332s] colcon.colcon_core.shell INFO Creating prefix chain script '/home/mr-morales/ros2_ws/install/setup.sh'
[10.334s] colcon.colcon_core.shell INFO Creating prefix script '/home/mr-morales/ros2_ws/install/local_setup.bash'
[10.335s] colcon.colcon_core.shell INFO Creating prefix chain script '/home/mr-morales/ros2_ws/install/setup.bash'
[10.336s] colcon.colcon_core.shell INFO Creating prefix script '/home/mr-morales/ros2_ws/install/local_setup.zsh'
[10.337s] colcon.colcon_core.shell INFO Creating prefix chain script '/home/mr-morales/ros2_ws/install/setup.zsh'
