CMake Warning (deprecated) at CMakeLists.txt:1 (cmake_minimum_required):
  Compatibility with CMake < 3.10 will be removed from a future version of
  CMake.

  Update the VERSION argument <min> value.  Or, use the <min>...<max> syntax
  to tell CMake that the project requires at least <min> but has been updated
  to work with policies introduced by <max> or earlier.
This warning is for project developers.  Use -Wno-author or -Wno-deprecated
to suppress it.

-- The C compiler identification is GNU 15.3.0
-- The CXX compiler identification is GNU 15.3.0
-- Detecting C compiler ABI info
-- Detecting C compiler ABI info - done
-- Check for working C compiler: /home/mr-morales/miniforge3/envs/ros2_jazzy/bin/cc - skipped
-- Detecting C compile features
-- Detecting C compile features - done
-- Detecting CXX compiler ABI info
-- Detecting CXX compiler ABI info - done
-- Check for working CXX compiler: /home/mr-morales/miniforge3/envs/ros2_jazzy/bin/c++ - skipped
-- Detecting CXX compile features
-- Detecting CXX compile features - done
-- Found ament_cmake: 2.5.6 (/home/mr-morales/miniforge3/envs/ros2_jazzy/share/ament_cmake/cmake)
-- Found Python3: /home/mr-morales/miniforge3/envs/ros2_jazzy/bin/python3 (found version "3.12.14") found components: Interpreter
-- Override CMake install command with custom implementation using symlinks instead of copying resources
-- Found rosidl_default_generators: 1.6.1 (/home/mr-morales/miniforge3/envs/ros2_jazzy/share/rosidl_default_generators/cmake)
-- Using all available rosidl_typesupport_c: rosidl_typesupport_fastrtps_c;rosidl_typesupport_introspection_c
-- Using all available rosidl_typesupport_cpp: rosidl_typesupport_fastrtps_cpp;rosidl_typesupport_introspection_cpp
-- Found rosidl_adapter: 4.6.9 (/home/mr-morales/miniforge3/envs/ros2_jazzy/share/rosidl_adapter/cmake)
-- Found ament_cmake_ros: 0.12.1 (/home/mr-morales/miniforge3/envs/ros2_jazzy/share/ament_cmake_ros/cmake)
-- Using all available rosidl_typesupport_c: rosidl_typesupport_fastrtps_c;rosidl_typesupport_introspection_c
-- Using all available rosidl_typesupport_cpp: rosidl_typesupport_fastrtps_cpp;rosidl_typesupport_introspection_cpp
-- Found python_cmake_module: 0.11.1 (/home/mr-morales/miniforge3/envs/ros2_jazzy/share/python_cmake_module/cmake)
-- Found PythonExtra: /home/mr-morales/miniforge3/envs/ros2_jazzy/bin/python3
-- Found Python3: /home/mr-morales/miniforge3/envs/ros2_jazzy/bin/python3 (found version "3.12.14") found components: Interpreter Development NumPy Development.Module Development.Embed
-- Found Python3: /home/mr-morales/miniforge3/envs/ros2_jazzy/bin/python3 (found version "3.12.14") found components: Interpreter
-- Configuring done (6.0s)
-- Generating done (0.1s)
-- Build files have been written to: /home/mr-morales/ros2_ws/build/rover_msgs
[  2%] Generating Rust code for ROS interfaces
[  5%] Generating type hashes for ROS interfaces
[  5%] Built target ament_cmake_python_symlink_rover_msgs
[  5%] Built target rover_msgs__rs
[  5%] Built target rover_msgs__rosidl_generator_type_description
[  8%] Generating C code for ROS interfaces
[ 11%] Generating C++ code for ROS interfaces
running egg_info
creating rover_msgs.egg-info
writing rover_msgs.egg-info/PKG-INFO
writing dependency_links to rover_msgs.egg-info/dependency_links.txt
writing top-level names to rover_msgs.egg-info/top_level.txt
writing manifest file 'rover_msgs.egg-info/SOURCES.txt'
[ 11%] Built target rover_msgs__cpp
reading manifest file 'rover_msgs.egg-info/SOURCES.txt'
writing manifest file 'rover_msgs.egg-info/SOURCES.txt'
[ 11%] Built target ament_cmake_python_build_rover_msgs_egg
[ 17%] Building C object CMakeFiles/rover_msgs__rosidl_generator_c.dir/rosidl_generator_c/rover_msgs/msg/detail/motors_command__description.c.o
[ 17%] Building C object CMakeFiles/rover_msgs__rosidl_generator_c.dir/rosidl_generator_c/rover_msgs/msg/detail/motors_command__functions.c.o
[ 20%] Building C object CMakeFiles/rover_msgs__rosidl_generator_c.dir/rosidl_generator_c/rover_msgs/msg/detail/motors_command__type_support.c.o
[ 22%] Linking C shared library librover_msgs__rosidl_generator_c.so
[ 22%] Built target rover_msgs__rosidl_generator_c
[ 25%] Generating C type support for eProsima Fast-RTPS
[ 31%] Generating C++ type support dispatch for ROS interfaces
[ 31%] Generating C type support dispatch for ROS interfaces
[ 34%] Generating C introspection for ROS interfaces
[ 37%] Generating C++ introspection for ROS interfaces
[ 40%] Generating C++ type support for eProsima Fast-RTPS
[ 42%] Building C object CMakeFiles/rover_msgs__rosidl_typesupport_introspection_c.dir/rosidl_typesupport_introspection_c/rover_msgs/msg/detail/motors_command__type_support.c.o
[ 45%] Building CXX object CMakeFiles/rover_msgs__rosidl_typesupport_fastrtps_c.dir/rosidl_typesupport_fastrtps_c/rover_msgs/msg/detail/motors_command__type_support_c.cpp.o
[ 48%] Linking C shared library librover_msgs__rosidl_typesupport_introspection_c.so
[ 48%] Built target rover_msgs__rosidl_typesupport_introspection_c
[ 51%] Building CXX object CMakeFiles/rover_msgs__rosidl_typesupport_fastrtps_cpp.dir/rosidl_typesupport_fastrtps_cpp/rover_msgs/msg/detail/dds_fastrtps/motors_command__type_support.cpp.o
[ 54%] Building CXX object CMakeFiles/rover_msgs__rosidl_typesupport_cpp.dir/rosidl_typesupport_cpp/rover_msgs/msg/motors_command__type_support.cpp.o
[ 57%] Building CXX object CMakeFiles/rover_msgs__rosidl_typesupport_c.dir/rosidl_typesupport_c/rover_msgs/msg/motors_command__type_support.cpp.o
[ 60%] Building CXX object CMakeFiles/rover_msgs__rosidl_typesupport_introspection_cpp.dir/rosidl_typesupport_introspection_cpp/rover_msgs/msg/detail/motors_command__type_support.cpp.o
[ 62%] Linking CXX shared library librover_msgs__rosidl_typesupport_c.so
[ 62%] Built target rover_msgs__rosidl_typesupport_c
[ 65%] Linking CXX shared library librover_msgs__rosidl_typesupport_cpp.so
[ 65%] Built target rover_msgs__rosidl_typesupport_cpp
[ 68%] Linking CXX shared library librover_msgs__rosidl_typesupport_introspection_cpp.so
[ 68%] Built target rover_msgs__rosidl_typesupport_introspection_cpp
[ 71%] Linking CXX shared library librover_msgs__rosidl_typesupport_fastrtps_c.so
[ 71%] Built target rover_msgs__rosidl_typesupport_fastrtps_c
[ 74%] Linking CXX shared library librover_msgs__rosidl_typesupport_fastrtps_cpp.so
[ 74%] Built target rover_msgs__rosidl_typesupport_fastrtps_cpp
[ 74%] Built target rover_msgs
[ 77%] Generating Python code for ROS interfaces
[ 77%] Built target rover_msgs__py
[ 80%] Building C object CMakeFiles/rover_msgs__rosidl_generator_py.dir/rosidl_generator_py/rover_msgs/msg/_motors_command_s.c.o
[ 82%] Linking C shared library librover_msgs__rosidl_generator_py.so
[ 82%] Built target rover_msgs__rosidl_generator_py
[ 85%] Building C object CMakeFiles/rover_msgs_s__rosidl_typesupport_fastrtps_c.dir/rosidl_generator_py/rover_msgs/_rover_msgs_s.ep.rosidl_typesupport_fastrtps_c.c.o
[ 91%] Building C object CMakeFiles/rover_msgs_s__rosidl_typesupport_c.dir/rosidl_generator_py/rover_msgs/_rover_msgs_s.ep.rosidl_typesupport_c.c.o
[ 91%] Building C object CMakeFiles/rover_msgs_s__rosidl_typesupport_introspection_c.dir/rosidl_generator_py/rover_msgs/_rover_msgs_s.ep.rosidl_typesupport_introspection_c.c.o
[ 94%] Linking C shared module rosidl_generator_py/rover_msgs/rover_msgs_s__rosidl_typesupport_fastrtps_c.so
[ 97%] Linking C shared module rosidl_generator_py/rover_msgs/rover_msgs_s__rosidl_typesupport_c.so
[ 97%] Built target rover_msgs_s__rosidl_typesupport_fastrtps_c
[ 97%] Built target rover_msgs_s__rosidl_typesupport_c
[100%] Linking C shared module rosidl_generator_py/rover_msgs/rover_msgs_s__rosidl_typesupport_introspection_c.so
[100%] Built target rover_msgs_s__rosidl_typesupport_introspection_c
-- Install configuration: ""
-- Execute custom install script
-- Symlinking: /home/mr-morales/ros2_ws/install/rover_msgs/share/ament_index/resource_index/rosidl_interfaces/rover_msgs
-- Symlinking: /home/mr-morales/ros2_ws/install/rover_msgs/share/rover_msgs/msg/MotorsCommand.json
-- Symlinking: /home/mr-morales/ros2_ws/install/rover_msgs/include/rover_msgs/rover_msgs/msg/detail/motors_command__functions.h
-- Symlinking: /home/mr-morales/ros2_ws/install/rover_msgs/include/rover_msgs/rover_msgs/msg/detail/motors_command__struct.h
-- Symlinking: /home/mr-morales/ros2_ws/install/rover_msgs/include/rover_msgs/rover_msgs/msg/detail/motors_command__type_support.h
-- Symlinking: /home/mr-morales/ros2_ws/install/rover_msgs/include/rover_msgs/rover_msgs/msg/motors_command.h
-- Symlinking: /home/mr-morales/ros2_ws/install/rover_msgs/include/rover_msgs/rover_msgs/msg/rosidl_generator_c__visibility_control.h
-- Symlinking: /home/mr-morales/ros2_ws/install/rover_msgs/include/rover_msgs/rover_msgs/msg/detail/motors_command__rosidl_typesupport_fastrtps_c.h
-- Symlinking: /home/mr-morales/ros2_ws/install/rover_msgs/include/rover_msgs/rover_msgs/msg/rosidl_typesupport_fastrtps_c__visibility_control.h
-- Symlinking: /home/mr-morales/ros2_ws/install/rover_msgs/include/rover_msgs/rover_msgs/msg/detail/motors_command__rosidl_typesupport_introspection_c.h
-- Symlinking: /home/mr-morales/ros2_ws/install/rover_msgs/include/rover_msgs/rover_msgs/msg/rosidl_typesupport_introspection_c__visibility_control.h
-- Symlinking: /home/mr-morales/ros2_ws/install/rover_msgs/include/rover_msgs/rover_msgs/msg/detail/motors_command__builder.hpp
-- Symlinking: /home/mr-morales/ros2_ws/install/rover_msgs/include/rover_msgs/rover_msgs/msg/detail/motors_command__struct.hpp
-- Symlinking: /home/mr-morales/ros2_ws/install/rover_msgs/include/rover_msgs/rover_msgs/msg/detail/motors_command__traits.hpp
-- Symlinking: /home/mr-morales/ros2_ws/install/rover_msgs/include/rover_msgs/rover_msgs/msg/detail/motors_command__type_support.hpp
-- Symlinking: /home/mr-morales/ros2_ws/install/rover_msgs/include/rover_msgs/rover_msgs/msg/motors_command.hpp
-- Symlinking: /home/mr-morales/ros2_ws/install/rover_msgs/include/rover_msgs/rover_msgs/msg/rosidl_generator_cpp__visibility_control.hpp
-- Symlinking: /home/mr-morales/ros2_ws/install/rover_msgs/include/rover_msgs/rover_msgs/msg/detail/motors_command__rosidl_typesupport_fastrtps_cpp.hpp
-- Symlinking: /home/mr-morales/ros2_ws/install/rover_msgs/include/rover_msgs/rover_msgs/msg/rosidl_typesupport_fastrtps_cpp__visibility_control.h
-- Symlinking: /home/mr-morales/ros2_ws/install/rover_msgs/include/rover_msgs/rover_msgs/msg/detail/motors_command__rosidl_typesupport_introspection_cpp.hpp
-- Symlinking: /home/mr-morales/ros2_ws/install/rover_msgs/share/rover_msgs/environment/pythonpath.sh
-- Symlinking: /home/mr-morales/ros2_ws/install/rover_msgs/share/rover_msgs/environment/pythonpath.dsv
-- Symlinking: /home/mr-morales/ros2_ws/install/rover_msgs/lib/python3.12/site-packages/rover_msgs-2.0.0-py3.12.egg-info/PKG-INFO
-- Symlinking: /home/mr-morales/ros2_ws/install/rover_msgs/lib/python3.12/site-packages/rover_msgs-2.0.0-py3.12.egg-info/SOURCES.txt
-- Symlinking: /home/mr-morales/ros2_ws/install/rover_msgs/lib/python3.12/site-packages/rover_msgs-2.0.0-py3.12.egg-info/dependency_links.txt
-- Symlinking: /home/mr-morales/ros2_ws/install/rover_msgs/lib/python3.12/site-packages/rover_msgs-2.0.0-py3.12.egg-info/top_level.txt
-- Symlinking: /home/mr-morales/ros2_ws/install/rover_msgs/lib/python3.12/site-packages/rover_msgs/__init__.py
-- Symlinking: /home/mr-morales/ros2_ws/install/rover_msgs/lib/python3.12/site-packages/rover_msgs/_rover_msgs_s.ep.rosidl_typesupport_c.c
-- Symlinking: /home/mr-morales/ros2_ws/install/rover_msgs/lib/python3.12/site-packages/rover_msgs/_rover_msgs_s.ep.rosidl_typesupport_fastrtps_c.c
-- Symlinking: /home/mr-morales/ros2_ws/install/rover_msgs/lib/python3.12/site-packages/rover_msgs/_rover_msgs_s.ep.rosidl_typesupport_introspection_c.c
-- Symlinking: /home/mr-morales/ros2_ws/install/rover_msgs/lib/python3.12/site-packages/rover_msgs/msg/__init__.py
-- Symlinking: /home/mr-morales/ros2_ws/install/rover_msgs/lib/python3.12/site-packages/rover_msgs/msg/_motors_command.py
-- Symlinking: /home/mr-morales/ros2_ws/install/rover_msgs/lib/python3.12/site-packages/rover_msgs/msg/_motors_command_s.c
-- Symlinking: /home/mr-morales/ros2_ws/install/rover_msgs/lib/python3.12/site-packages/rover_msgs/rover_msgs_s__rosidl_typesupport_c.so
-- Symlinking: /home/mr-morales/ros2_ws/install/rover_msgs/lib/python3.12/site-packages/rover_msgs/rover_msgs_s__rosidl_typesupport_fastrtps_c.so
-- Symlinking: /home/mr-morales/ros2_ws/install/rover_msgs/lib/python3.12/site-packages/rover_msgs/rover_msgs_s__rosidl_typesupport_introspection_c.so
-- Up-to-date symlink: /home/mr-morales/ros2_ws/install/rover_msgs/lib/python3.12/site-packages/rover_msgs/rover_msgs_s__rosidl_typesupport_fastrtps_c.so
-- Up-to-date symlink: /home/mr-morales/ros2_ws/install/rover_msgs/lib/python3.12/site-packages/rover_msgs/rover_msgs_s__rosidl_typesupport_introspection_c.so
-- Up-to-date symlink: /home/mr-morales/ros2_ws/install/rover_msgs/lib/python3.12/site-packages/rover_msgs/rover_msgs_s__rosidl_typesupport_c.so
-- Symlinking: /home/mr-morales/ros2_ws/install/rover_msgs/share/rover_msgs/rust/Cargo.toml
-- Symlinking: /home/mr-morales/ros2_ws/install/rover_msgs/share/rover_msgs/rust/build.rs
-- Symlinking: /home/mr-morales/ros2_ws/install/rover_msgs/share/rover_msgs/rust/src/lib.rs
-- Symlinking: /home/mr-morales/ros2_ws/install/rover_msgs/share/rover_msgs/rust/src/msg.rs
-- Symlinking: /home/mr-morales/ros2_ws/install/rover_msgs/share/rover_msgs/rust/src/msg/rmw.rs
-- Symlinking: /home/mr-morales/ros2_ws/install/rover_msgs/share/rover_msgs/msg/MotorsCommand.idl
-- Symlinking: /home/mr-morales/ros2_ws/install/rover_msgs/share/rover_msgs/msg/MotorsCommand.msg
-- Symlinking: /home/mr-morales/ros2_ws/install/rover_msgs/share/ament_index/resource_index/package_run_dependencies/rover_msgs
-- Symlinking: /home/mr-morales/ros2_ws/install/rover_msgs/share/ament_index/resource_index/parent_prefix_path/rover_msgs
-- Symlinking: /home/mr-morales/ros2_ws/install/rover_msgs/share/rover_msgs/environment/ament_prefix_path.sh
-- Symlinking: /home/mr-morales/ros2_ws/install/rover_msgs/share/rover_msgs/environment/ament_prefix_path.dsv
-- Symlinking: /home/mr-morales/ros2_ws/install/rover_msgs/share/rover_msgs/environment/path.sh
-- Symlinking: /home/mr-morales/ros2_ws/install/rover_msgs/share/rover_msgs/environment/path.dsv
-- Symlinking: /home/mr-morales/ros2_ws/install/rover_msgs/share/rover_msgs/local_setup.bash
-- Symlinking: /home/mr-morales/ros2_ws/install/rover_msgs/share/rover_msgs/local_setup.sh
-- Symlinking: /home/mr-morales/ros2_ws/install/rover_msgs/share/rover_msgs/local_setup.zsh
-- Symlinking: /home/mr-morales/ros2_ws/install/rover_msgs/share/rover_msgs/local_setup.dsv
-- Symlinking: /home/mr-morales/ros2_ws/install/rover_msgs/share/rover_msgs/package.dsv
-- Symlinking: /home/mr-morales/ros2_ws/install/rover_msgs/share/ament_index/resource_index/packages/rover_msgs
-- Symlinking: /home/mr-morales/ros2_ws/install/rover_msgs/share/rover_msgs/cmake/rosidl_cmake-extras.cmake
-- Symlinking: /home/mr-morales/ros2_ws/install/rover_msgs/share/rover_msgs/cmake/ament_cmake_export_include_directories-extras.cmake
-- Symlinking: /home/mr-morales/ros2_ws/install/rover_msgs/share/rover_msgs/cmake/ament_cmake_export_libraries-extras.cmake
-- Symlinking: /home/mr-morales/ros2_ws/install/rover_msgs/share/rover_msgs/cmake/ament_cmake_export_targets-extras.cmake
-- Symlinking: /home/mr-morales/ros2_ws/install/rover_msgs/share/rover_msgs/cmake/rosidl_cmake_export_typesupport_targets-extras.cmake
-- Symlinking: /home/mr-morales/ros2_ws/install/rover_msgs/share/rover_msgs/cmake/ament_cmake_export_dependencies-extras.cmake
-- Symlinking: /home/mr-morales/ros2_ws/install/rover_msgs/share/rover_msgs/cmake/rosidl_cmake_export_typesupport_libraries-extras.cmake
-- Symlinking: /home/mr-morales/ros2_ws/install/rover_msgs/share/rover_msgs/cmake/rosidl_cmake_aggregate_target-extras.cmake
-- Symlinking: /home/mr-morales/ros2_ws/install/rover_msgs/share/rover_msgs/cmake/rover_msgsConfig.cmake
-- Symlinking: /home/mr-morales/ros2_ws/install/rover_msgs/share/rover_msgs/cmake/rover_msgsConfig-version.cmake
-- Symlinking: /home/mr-morales/ros2_ws/install/rover_msgs/share/rover_msgs/package.xml
-- Installing: /home/mr-morales/ros2_ws/install/rover_msgs/lib/librover_msgs__rosidl_generator_c.so
-- Installing: /home/mr-morales/ros2_ws/install/rover_msgs/lib/librover_msgs__rosidl_typesupport_fastrtps_c.so
-- Set non-toolchain portion of runtime path of "/home/mr-morales/ros2_ws/install/rover_msgs/lib/librover_msgs__rosidl_typesupport_fastrtps_c.so" to ""
-- Installing: /home/mr-morales/ros2_ws/install/rover_msgs/lib/librover_msgs__rosidl_typesupport_introspection_c.so
-- Set non-toolchain portion of runtime path of "/home/mr-morales/ros2_ws/install/rover_msgs/lib/librover_msgs__rosidl_typesupport_introspection_c.so" to ""
-- Installing: /home/mr-morales/ros2_ws/install/rover_msgs/lib/librover_msgs__rosidl_typesupport_c.so
-- Set non-toolchain portion of runtime path of "/home/mr-morales/ros2_ws/install/rover_msgs/lib/librover_msgs__rosidl_typesupport_c.so" to ""
-- Installing: /home/mr-morales/ros2_ws/install/rover_msgs/lib/librover_msgs__rosidl_typesupport_fastrtps_cpp.so
-- Set non-toolchain portion of runtime path of "/home/mr-morales/ros2_ws/install/rover_msgs/lib/librover_msgs__rosidl_typesupport_fastrtps_cpp.so" to ""
-- Installing: /home/mr-morales/ros2_ws/install/rover_msgs/lib/librover_msgs__rosidl_typesupport_introspection_cpp.so
-- Set non-toolchain portion of runtime path of "/home/mr-morales/ros2_ws/install/rover_msgs/lib/librover_msgs__rosidl_typesupport_introspection_cpp.so" to ""
-- Installing: /home/mr-morales/ros2_ws/install/rover_msgs/lib/librover_msgs__rosidl_typesupport_cpp.so
-- Set non-toolchain portion of runtime path of "/home/mr-morales/ros2_ws/install/rover_msgs/lib/librover_msgs__rosidl_typesupport_cpp.so" to ""
Listing '/home/mr-morales/ros2_ws/install/rover_msgs/lib/python3.12/site-packages/rover_msgs'...
Compiling '/home/mr-morales/ros2_ws/install/rover_msgs/lib/python3.12/site-packages/rover_msgs/__init__.py'...
Listing '/home/mr-morales/ros2_ws/install/rover_msgs/lib/python3.12/site-packages/rover_msgs/msg'...
Compiling '/home/mr-morales/ros2_ws/install/rover_msgs/lib/python3.12/site-packages/rover_msgs/msg/__init__.py'...
Compiling '/home/mr-morales/ros2_ws/install/rover_msgs/lib/python3.12/site-packages/rover_msgs/msg/_motors_command.py'...
-- Installing: /home/mr-morales/ros2_ws/install/rover_msgs/lib/librover_msgs__rosidl_generator_py.so
-- Set non-toolchain portion of runtime path of "/home/mr-morales/ros2_ws/install/rover_msgs/lib/librover_msgs__rosidl_generator_py.so" to ""
-- Installing: /home/mr-morales/ros2_ws/install/rover_msgs/share/rover_msgs/cmake/export_rover_msgs__rosidl_generator_cExport.cmake
-- Installing: /home/mr-morales/ros2_ws/install/rover_msgs/share/rover_msgs/cmake/export_rover_msgs__rosidl_generator_cExport-noconfig.cmake
-- Installing: /home/mr-morales/ros2_ws/install/rover_msgs/share/rover_msgs/cmake/export_rover_msgs__rosidl_typesupport_fastrtps_cExport.cmake
-- Installing: /home/mr-morales/ros2_ws/install/rover_msgs/share/rover_msgs/cmake/export_rover_msgs__rosidl_typesupport_fastrtps_cExport-noconfig.cmake
-- Installing: /home/mr-morales/ros2_ws/install/rover_msgs/share/rover_msgs/cmake/rover_msgs__rosidl_typesupport_introspection_cExport.cmake
-- Installing: /home/mr-morales/ros2_ws/install/rover_msgs/share/rover_msgs/cmake/rover_msgs__rosidl_typesupport_introspection_cExport-noconfig.cmake
-- Installing: /home/mr-morales/ros2_ws/install/rover_msgs/share/rover_msgs/cmake/rover_msgs__rosidl_typesupport_cExport.cmake
-- Installing: /home/mr-morales/ros2_ws/install/rover_msgs/share/rover_msgs/cmake/rover_msgs__rosidl_typesupport_cExport-noconfig.cmake
-- Installing: /home/mr-morales/ros2_ws/install/rover_msgs/share/rover_msgs/cmake/export_rover_msgs__rosidl_generator_cppExport.cmake
-- Installing: /home/mr-morales/ros2_ws/install/rover_msgs/share/rover_msgs/cmake/export_rover_msgs__rosidl_typesupport_fastrtps_cppExport.cmake
-- Installing: /home/mr-morales/ros2_ws/install/rover_msgs/share/rover_msgs/cmake/export_rover_msgs__rosidl_typesupport_fastrtps_cppExport-noconfig.cmake
-- Installing: /home/mr-morales/ros2_ws/install/rover_msgs/share/rover_msgs/cmake/rover_msgs__rosidl_typesupport_introspection_cppExport.cmake
-- Installing: /home/mr-morales/ros2_ws/install/rover_msgs/share/rover_msgs/cmake/rover_msgs__rosidl_typesupport_introspection_cppExport-noconfig.cmake
-- Installing: /home/mr-morales/ros2_ws/install/rover_msgs/share/rover_msgs/cmake/rover_msgs__rosidl_typesupport_cppExport.cmake
-- Installing: /home/mr-morales/ros2_ws/install/rover_msgs/share/rover_msgs/cmake/rover_msgs__rosidl_typesupport_cppExport-noconfig.cmake
-- Installing: /home/mr-morales/ros2_ws/install/rover_msgs/share/rover_msgs/cmake/export_rover_msgs__rosidl_generator_pyExport.cmake
-- Installing: /home/mr-morales/ros2_ws/install/rover_msgs/share/rover_msgs/cmake/export_rover_msgs__rosidl_generator_pyExport-noconfig.cmake
