[1.644s] Invoking command in '/home/mr-morales/ros2_ws/build/rover_motor_controller': AMENT_PREFIX_PATH=/home/mr-morales/ros2_ws/install/rover_msgs:${AMENT_PREFIX_PATH} CMAKE_PREFIX_PATH=/home/mr-morales/ros2_ws/install/rover_msgs CONDA_PROMPT_MODIFIER=(ros2_jazzy) LD_LIBRARY_PATH=/home/mr-morales/ros2_ws/install/rover_msgs/lib:${LD_LIBRARY_PATH} PYTHONPATH=/home/mr-morales/ros2_ws/build/rover_motor_controller/prefix_override:/home/mr-morales/miniforge3/envs/ros2_jazzy/lib/python3.12/site-packages/colcon_core/task/python/colcon_distutils_commands:/home/mr-morales/ros2_ws/install/rover_motor_controller/lib/python3.12/site-packages:/home/mr-morales/ros2_ws/install/rover_msgs/lib/python3.12/site-packages:${PYTHONPATH} /home/mr-morales/miniforge3/envs/ros2_jazzy/bin/python3.12 -W ignore:setup.py install is deprecated -W ignore:easy_install command is deprecated setup.py develop --editable --build-directory /home/mr-morales/ros2_ws/build/rover_motor_controller/build --no-deps symlink_data
[1.911s] /home/mr-morales/miniforge3/envs/ros2_jazzy/lib/python3.12/site-packages/setuptools/dist.py:476: SetuptoolsDeprecationWarning: Invalid dash-separated options
[1.911s] !!
[1.912s] 
[1.912s]         ********************************************************************************
[1.912s]         Usage of dash-separated 'script-dir' will not be supported in future
[1.912s]         versions. Please use the underscore name 'script_dir' instead.
[1.912s] 
[1.912s]         This deprecation is overdue, please update your project and remove deprecated
[1.912s]         calls to avoid build errors in the future.
[1.913s] 
[1.913s]         See https://setuptools.pypa.io/en/latest/userguide/declarative_config.html for details.
[1.913s]         ********************************************************************************
[1.913s] 
[1.913s] !!
[1.913s]   opt = self.warn_dash_deprecation(opt, section)
[2.181s] running develop
[2.662s] running egg_info
[2.704s] writing rover_motor_controller.egg-info/PKG-INFO
[2.705s] writing dependency_links to rover_motor_controller.egg-info/dependency_links.txt
[2.705s] writing entry points to rover_motor_controller.egg-info/entry_points.txt
[2.706s] writing requirements to rover_motor_controller.egg-info/requires.txt
[2.706s] writing top-level names to rover_motor_controller.egg-info/top_level.txt
[2.789s] reading manifest file 'rover_motor_controller.egg-info/SOURCES.txt'
[2.791s] writing manifest file 'rover_motor_controller.egg-info/SOURCES.txt'
[2.835s] running build_ext
[2.835s] Creating /home/mr-morales/ros2_ws/install/rover_motor_controller/lib/python3.12/site-packages/rover-motor-controller.egg-link (link to .)
[2.836s] Installing controller_node script to /home/mr-morales/ros2_ws/install/rover_motor_controller/lib/rover_motor_controller
[2.836s] Installing vel_parser_node script to /home/mr-morales/ros2_ws/install/rover_motor_controller/lib/rover_motor_controller
[2.837s] 
[2.837s] Installed /home/mr-morales/ros2_ws/build/rover_motor_controller
[2.837s] running symlink_data
[2.913s] Invoked command in '/home/mr-morales/ros2_ws/build/rover_motor_controller' returned '0': AMENT_PREFIX_PATH=/home/mr-morales/ros2_ws/install/rover_msgs:${AMENT_PREFIX_PATH} CMAKE_PREFIX_PATH=/home/mr-morales/ros2_ws/install/rover_msgs CONDA_PROMPT_MODIFIER=(ros2_jazzy) LD_LIBRARY_PATH=/home/mr-morales/ros2_ws/install/rover_msgs/lib:${LD_LIBRARY_PATH} PYTHONPATH=/home/mr-morales/ros2_ws/build/rover_motor_controller/prefix_override:/home/mr-morales/miniforge3/envs/ros2_jazzy/lib/python3.12/site-packages/colcon_core/task/python/colcon_distutils_commands:/home/mr-morales/ros2_ws/install/rover_motor_controller/lib/python3.12/site-packages:/home/mr-morales/ros2_ws/install/rover_msgs/lib/python3.12/site-packages:${PYTHONPATH} /home/mr-morales/miniforge3/envs/ros2_jazzy/bin/python3.12 -W ignore:setup.py install is deprecated -W ignore:easy_install command is deprecated setup.py develop --editable --build-directory /home/mr-morales/ros2_ws/build/rover_motor_controller/build --no-deps symlink_data
