running develop
running egg_info
creating rover_teleop.egg-info
writing rover_teleop.egg-info/PKG-INFO
writing dependency_links to rover_teleop.egg-info/dependency_links.txt
writing entry points to rover_teleop.egg-info/entry_points.txt
writing requirements to rover_teleop.egg-info/requires.txt
writing top-level names to rover_teleop.egg-info/top_level.txt
writing manifest file 'rover_teleop.egg-info/SOURCES.txt'
reading manifest file 'rover_teleop.egg-info/SOURCES.txt'
writing manifest file 'rover_teleop.egg-info/SOURCES.txt'
running build_ext
Creating /home/mr-morales/ros2_ws/install/rover_teleop/lib/python3.12/site-packages/rover-teleop.egg-link (link to .)
Installing teleop_keyboard_node script to /home/mr-morales/ros2_ws/install/rover_teleop/lib/rover_teleop

Installed /home/mr-morales/ros2_ws/build/rover_teleop
running symlink_data
creating /home/mr-morales/ros2_ws/install/rover_teleop/share/ament_index
creating /home/mr-morales/ros2_ws/install/rover_teleop/share/ament_index/resource_index
creating /home/mr-morales/ros2_ws/install/rover_teleop/share/ament_index/resource_index/packages
symbolically linking /home/mr-morales/ros2_ws/build/rover_teleop/resource/rover_teleop -> /home/mr-morales/ros2_ws/install/rover_teleop/share/ament_index/resource_index/packages
symbolically linking /home/mr-morales/ros2_ws/build/rover_teleop/package.xml -> /home/mr-morales/ros2_ws/install/rover_teleop/share/rover_teleop
creating /home/mr-morales/ros2_ws/install/rover_teleop/share/rover_teleop/launch
symbolically linking /home/mr-morales/ros2_ws/build/rover_teleop/launch/joy_teleop.launch.py -> /home/mr-morales/ros2_ws/install/rover_teleop/share/rover_teleop/launch/
creating /home/mr-morales/ros2_ws/install/rover_teleop/share/rover_teleop/config
symbolically linking /home/mr-morales/ros2_ws/build/rover_teleop/config/ps3.yaml -> /home/mr-morales/ros2_ws/install/rover_teleop/share/rover_teleop/config/
