[1.922s] Invoking command in '/home/mr-morales/ros2_ws/build/rover_teleop': CONDA_PROMPT_MODIFIER=(ros2_jazzy) PYTHONPATH=/home/mr-morales/ros2_ws/build/rover_teleop/prefix_override:/home/mr-morales/miniforge3/envs/ros2_jazzy/lib/python3.12/site-packages/colcon_core/task/python/colcon_distutils_commands:/home/mr-morales/ros2_ws/install/rover_teleop/lib/python3.12/site-packages:${PYTHONPATH} /home/mr-morales/miniforge3/envs/ros2_jazzy/bin/python3.12 -W ignore:setup.py install is deprecated -W ignore:easy_install command is deprecated setup.py develop --editable --build-directory /home/mr-morales/ros2_ws/build/rover_teleop/build --no-deps symlink_data
[2.286s] /home/mr-morales/miniforge3/envs/ros2_jazzy/lib/python3.12/site-packages/setuptools/dist.py:476: SetuptoolsDeprecationWarning: Invalid dash-separated options
[2.286s] !!
[2.286s] 
[2.286s]         ********************************************************************************
[2.286s]         Usage of dash-separated 'script-dir' will not be supported in future
[2.287s]         versions. Please use the underscore name 'script_dir' instead.
[2.287s] 
[2.287s]         This deprecation is overdue, please update your project and remove deprecated
[2.287s]         calls to avoid build errors in the future.
[2.287s] 
[2.287s]         See https://setuptools.pypa.io/en/latest/userguide/declarative_config.html for details.
[2.287s]         ********************************************************************************
[2.287s] 
[2.287s] !!
[2.287s]   opt = self.warn_dash_deprecation(opt, section)
[2.615s] running develop
[2.974s] running egg_info
[2.975s] creating rover_teleop.egg-info
[3.006s] writing rover_teleop.egg-info/PKG-INFO
[3.006s] writing dependency_links to rover_teleop.egg-info/dependency_links.txt
[3.007s] writing entry points to rover_teleop.egg-info/entry_points.txt
[3.007s] writing requirements to rover_teleop.egg-info/requires.txt
[3.007s] writing top-level names to rover_teleop.egg-info/top_level.txt
[3.007s] writing manifest file 'rover_teleop.egg-info/SOURCES.txt'
[3.056s] reading manifest file 'rover_teleop.egg-info/SOURCES.txt'
[3.057s] writing manifest file 'rover_teleop.egg-info/SOURCES.txt'
[3.076s] running build_ext
[3.076s] Creating /home/mr-morales/ros2_ws/install/rover_teleop/lib/python3.12/site-packages/rover-teleop.egg-link (link to .)
[3.077s] Installing teleop_keyboard_node script to /home/mr-morales/ros2_ws/install/rover_teleop/lib/rover_teleop
[3.077s] 
[3.077s] Installed /home/mr-morales/ros2_ws/build/rover_teleop
[3.077s] running symlink_data
[3.078s] creating /home/mr-morales/ros2_ws/install/rover_teleop/share/ament_index
[3.078s] creating /home/mr-morales/ros2_ws/install/rover_teleop/share/ament_index/resource_index
[3.078s] creating /home/mr-morales/ros2_ws/install/rover_teleop/share/ament_index/resource_index/packages
[3.078s] symbolically linking /home/mr-morales/ros2_ws/build/rover_teleop/resource/rover_teleop -> /home/mr-morales/ros2_ws/install/rover_teleop/share/ament_index/resource_index/packages
[3.078s] symbolically linking /home/mr-morales/ros2_ws/build/rover_teleop/package.xml -> /home/mr-morales/ros2_ws/install/rover_teleop/share/rover_teleop
[3.078s] creating /home/mr-morales/ros2_ws/install/rover_teleop/share/rover_teleop/launch
[3.078s] symbolically linking /home/mr-morales/ros2_ws/build/rover_teleop/launch/joy_teleop.launch.py -> /home/mr-morales/ros2_ws/install/rover_teleop/share/rover_teleop/launch/
[3.078s] creating /home/mr-morales/ros2_ws/install/rover_teleop/share/rover_teleop/config
[3.078s] symbolically linking /home/mr-morales/ros2_ws/build/rover_teleop/config/ps3.yaml -> /home/mr-morales/ros2_ws/install/rover_teleop/share/rover_teleop/config/
[3.128s] Invoked command in '/home/mr-morales/ros2_ws/build/rover_teleop' returned '0': CONDA_PROMPT_MODIFIER=(ros2_jazzy) PYTHONPATH=/home/mr-morales/ros2_ws/build/rover_teleop/prefix_override:/home/mr-morales/miniforge3/envs/ros2_jazzy/lib/python3.12/site-packages/colcon_core/task/python/colcon_distutils_commands:/home/mr-morales/ros2_ws/install/rover_teleop/lib/python3.12/site-packages:${PYTHONPATH} /home/mr-morales/miniforge3/envs/ros2_jazzy/bin/python3.12 -W ignore:setup.py install is deprecated -W ignore:easy_install command is deprecated setup.py develop --editable --build-directory /home/mr-morales/ros2_ws/build/rover_teleop/build --no-deps symlink_data
