In file included from /home/mr-morales/miniforge3/envs/ros2_jazzy/include/boost/bind.hpp:30,
                 from /home/mr-morales/ros2_ws/src/ros2_rover/rover_motor_controller_cpp/include/lx16a/serial.hpp:29,
                 from /home/mr-morales/ros2_ws/src/ros2_rover/rover_motor_controller_cpp/include/lx16a/lx16a.hpp:33,
                 from /home/mr-morales/ros2_ws/src/ros2_rover/rover_motor_controller_cpp/src/lx16a/motor_controller.cpp:26:
/home/mr-morales/miniforge3/envs/ros2_jazzy/include/boost/bind.hpp:36:1: note: '#pragma message: The practice of declaring the Bind placeholders (_1, _2, ...) in the global namespace is deprecated. Please use <boost/bind/bind.hpp> + using namespace boost::placeholders, or define BOOST_BIND_GLOBAL_PLACEHOLDERS to retain the current behavior.'
   36 | BOOST_PRAGMA_MESSAGE(
      | ^~~~~~~~~~~~~~~~~~~~
In file included from /home/mr-morales/miniforge3/envs/ros2_jazzy/include/boost/bind.hpp:30,
                 from /home/mr-morales/ros2_ws/src/ros2_rover/rover_motor_controller_cpp/include/lx16a/serial.hpp:29,
                 from /home/mr-morales/ros2_ws/src/ros2_rover/rover_motor_controller_cpp/src/lx16a/serial.cpp:27:
/home/mr-morales/miniforge3/envs/ros2_jazzy/include/boost/bind.hpp:36:1: note: '#pragma message: The practice of declaring the Bind placeholders (_1, _2, ...) in the global namespace is deprecated. Please use <boost/bind/bind.hpp> + using namespace boost::placeholders, or define BOOST_BIND_GLOBAL_PLACEHOLDERS to retain the current behavior.'
   36 | BOOST_PRAGMA_MESSAGE(
      | ^~~~~~~~~~~~~~~~~~~~
In file included from /home/mr-morales/miniforge3/envs/ros2_jazzy/include/boost/bind.hpp:30,
                 from /home/mr-morales/ros2_ws/src/ros2_rover/rover_motor_controller_cpp/include/lx16a/serial.hpp:29,
                 from /home/mr-morales/ros2_ws/src/ros2_rover/rover_motor_controller_cpp/include/lx16a/lx16a.hpp:33,
                 from /home/mr-morales/ros2_ws/src/ros2_rover/rover_motor_controller_cpp/src/lx16a/lx16a.cpp:30:
/home/mr-morales/miniforge3/envs/ros2_jazzy/include/boost/bind.hpp:36:1: note: '#pragma message: The practice of declaring the Bind placeholders (_1, _2, ...) in the global namespace is deprecated. Please use <boost/bind/bind.hpp> + using namespace boost::placeholders, or define BOOST_BIND_GLOBAL_PLACEHOLDERS to retain the current behavior.'
   36 | BOOST_PRAGMA_MESSAGE(
      | ^~~~~~~~~~~~~~~~~~~~
In file included from /home/mr-morales/miniforge3/envs/ros2_jazzy/include/boost/bind.hpp:30,
                 from /home/mr-morales/ros2_ws/src/ros2_rover/rover_motor_controller_cpp/include/lx16a/serial.hpp:29,
                 from /home/mr-morales/ros2_ws/src/ros2_rover/rover_motor_controller_cpp/include/lx16a/lx16a.hpp:33,
                 from /home/mr-morales/ros2_ws/src/ros2_rover/rover_motor_controller_cpp/include/lx16a/motor_controller.hpp:31,
                 from /home/mr-morales/ros2_ws/src/ros2_rover/rover_motor_controller_cpp/include/motor_controller/controller_node.hpp:30,
                 from /home/mr-morales/ros2_ws/src/ros2_rover/rover_motor_controller_cpp/src/controller_node_main.cpp:25:
/home/mr-morales/miniforge3/envs/ros2_jazzy/include/boost/bind.hpp:36:1: note: '#pragma message: The practice of declaring the Bind placeholders (_1, _2, ...) in the global namespace is deprecated. Please use <boost/bind/bind.hpp> + using namespace boost::placeholders, or define BOOST_BIND_GLOBAL_PLACEHOLDERS to retain the current behavior.'
   36 | BOOST_PRAGMA_MESSAGE(
      | ^~~~~~~~~~~~~~~~~~~~
/home/mr-morales/miniforge3/envs/ros2_jazzy/bin/x86_64-conda-linux-gnu-ld: cannot find -lboost_system: Arquivo ou diretório inexistente
collect2: error: ld returned 1 exit status
gmake[2]: *** [CMakeFiles/controller_node.dir/build.make:239: controller_node] Error 1
gmake[1]: *** [CMakeFiles/Makefile2:156: CMakeFiles/controller_node.dir/all] Error 2
gmake: *** [Makefile:146: all] Error 2
