[0.016s] Invoking command in '/home/mr-morales/ros2_ws/build/rover_motor_controller_cpp': AMENT_PREFIX_PATH=/home/mr-morales/ros2_ws/install/rover_msgs:${AMENT_PREFIX_PATH} CMAKE_PREFIX_PATH=/home/mr-morales/ros2_ws/install/rover_msgs:/home/mr-morales/miniforge3/envs/ros2_jazzy CONDA_PROMPT_MODIFIER=(ros2_jazzy) LD_LIBRARY_PATH=/home/mr-morales/ros2_ws/install/rover_msgs/lib:${LD_LIBRARY_PATH} PYTHONPATH=/home/mr-morales/ros2_ws/install/rover_msgs/lib/python3.12/site-packages:${PYTHONPATH} /home/mr-morales/miniforge3/envs/ros2_jazzy/bin/cmake --build /home/mr-morales/ros2_ws/build/rover_motor_controller_cpp -- -j12 -l12
[0.099s] [ 33%] Built target vel_parser_node
[0.122s] [ 44%] Building CXX object CMakeFiles/controller_node.dir/src/controller_node_main.cpp.o
[0.123s] [ 55%] Building CXX object CMakeFiles/controller_node.dir/src/lx16a/serial.cpp.o
[0.124s] [ 66%] Building CXX object CMakeFiles/controller_node.dir/src/lx16a/lx16a.cpp.o
[0.126s] [ 77%] Building CXX object CMakeFiles/controller_node.dir/src/motor_controller/controller_node.cpp.o
[0.126s] [ 88%] Building CXX object CMakeFiles/controller_node.dir/src/lx16a/motor_controller.cpp.o
[1.604s] In file included from /home/mr-morales/miniforge3/envs/ros2_jazzy/include/boost/bind.hpp:30,
[1.604s]                  from /home/mr-morales/ros2_ws/src/ros2_rover/rover_motor_controller_cpp/include/lx16a/serial.hpp:29,
[1.604s]                  from /home/mr-morales/ros2_ws/src/ros2_rover/rover_motor_controller_cpp/include/lx16a/lx16a.hpp:33,
[1.605s]                  from /home/mr-morales/ros2_ws/src/ros2_rover/rover_motor_controller_cpp/src/lx16a/motor_controller.cpp:26:
[1.605s] /home/mr-morales/miniforge3/envs/ros2_jazzy/include/boost/bind.hpp:36:1: note: '#pragma message: The practice of declaring the Bind placeholders (_1, _2, ...) in the global namespace is deprecated. Please use <boost/bind/bind.hpp> + using namespace boost::placeholders, or define BOOST_BIND_GLOBAL_PLACEHOLDERS to retain the current behavior.'
[1.605s]    36 | BOOST_PRAGMA_MESSAGE(
[1.605s]       | ^~~~~~~~~~~~~~~~~~~~
[3.534s] In file included from /home/mr-morales/miniforge3/envs/ros2_jazzy/include/boost/bind.hpp:30,
[3.534s]                  from /home/mr-morales/ros2_ws/src/ros2_rover/rover_motor_controller_cpp/include/lx16a/serial.hpp:29,
[3.534s]                  from /home/mr-morales/ros2_ws/src/ros2_rover/rover_motor_controller_cpp/src/lx16a/serial.cpp:27:
[3.535s] /home/mr-morales/miniforge3/envs/ros2_jazzy/include/boost/bind.hpp:36:1: note: '#pragma message: The practice of declaring the Bind placeholders (_1, _2, ...) in the global namespace is deprecated. Please use <boost/bind/bind.hpp> + using namespace boost::placeholders, or define BOOST_BIND_GLOBAL_PLACEHOLDERS to retain the current behavior.'
[3.535s]    36 | BOOST_PRAGMA_MESSAGE(
[3.535s]       | ^~~~~~~~~~~~~~~~~~~~
[3.542s] In file included from /home/mr-morales/miniforge3/envs/ros2_jazzy/include/boost/bind.hpp:30,
[3.543s]                  from /home/mr-morales/ros2_ws/src/ros2_rover/rover_motor_controller_cpp/include/lx16a/serial.hpp:29,
[3.543s]                  from /home/mr-morales/ros2_ws/src/ros2_rover/rover_motor_controller_cpp/include/lx16a/lx16a.hpp:33,
[3.543s]                  from /home/mr-morales/ros2_ws/src/ros2_rover/rover_motor_controller_cpp/src/lx16a/lx16a.cpp:30:
[3.543s] /home/mr-morales/miniforge3/envs/ros2_jazzy/include/boost/bind.hpp:36:1: note: '#pragma message: The practice of declaring the Bind placeholders (_1, _2, ...) in the global namespace is deprecated. Please use <boost/bind/bind.hpp> + using namespace boost::placeholders, or define BOOST_BIND_GLOBAL_PLACEHOLDERS to retain the current behavior.'
[3.543s]    36 | BOOST_PRAGMA_MESSAGE(
[3.543s]       | ^~~~~~~~~~~~~~~~~~~~
[4.408s] In file included from /home/mr-morales/miniforge3/envs/ros2_jazzy/include/boost/bind.hpp:30,
[4.408s]                  from /home/mr-morales/ros2_ws/src/ros2_rover/rover_motor_controller_cpp/include/lx16a/serial.hpp:29,
[4.409s]                  from /home/mr-morales/ros2_ws/src/ros2_rover/rover_motor_controller_cpp/include/lx16a/lx16a.hpp:33,
[4.409s]                  from /home/mr-morales/ros2_ws/src/ros2_rover/rover_motor_controller_cpp/include/lx16a/motor_controller.hpp:31,
[4.409s]                  from /home/mr-morales/ros2_ws/src/ros2_rover/rover_motor_controller_cpp/include/motor_controller/controller_node.hpp:30,
[4.409s]                  from /home/mr-morales/ros2_ws/src/ros2_rover/rover_motor_controller_cpp/src/controller_node_main.cpp:25:
[4.409s] /home/mr-morales/miniforge3/envs/ros2_jazzy/include/boost/bind.hpp:36:1: note: '#pragma message: The practice of declaring the Bind placeholders (_1, _2, ...) in the global namespace is deprecated. Please use <boost/bind/bind.hpp> + using namespace boost::placeholders, or define BOOST_BIND_GLOBAL_PLACEHOLDERS to retain the current behavior.'
[4.409s]    36 | BOOST_PRAGMA_MESSAGE(
[4.410s]       | ^~~~~~~~~~~~~~~~~~~~
[9.910s] [100%] Linking CXX executable controller_node
[9.982s] /home/mr-morales/miniforge3/envs/ros2_jazzy/bin/x86_64-conda-linux-gnu-ld: cannot find -lboost_system: Arquivo ou diretório inexistente
[10.017s] collect2: error: ld returned 1 exit status
[10.019s] gmake[2]: *** [CMakeFiles/controller_node.dir/build.make:239: controller_node] Error 1
[10.020s] gmake[1]: *** [CMakeFiles/Makefile2:156: CMakeFiles/controller_node.dir/all] Error 2
[10.021s] gmake: *** [Makefile:146: all] Error 2
[10.024s] Invoked command in '/home/mr-morales/ros2_ws/build/rover_motor_controller_cpp' returned '2': AMENT_PREFIX_PATH=/home/mr-morales/ros2_ws/install/rover_msgs:${AMENT_PREFIX_PATH} CMAKE_PREFIX_PATH=/home/mr-morales/ros2_ws/install/rover_msgs:/home/mr-morales/miniforge3/envs/ros2_jazzy CONDA_PROMPT_MODIFIER=(ros2_jazzy) LD_LIBRARY_PATH=/home/mr-morales/ros2_ws/install/rover_msgs/lib:${LD_LIBRARY_PATH} PYTHONPATH=/home/mr-morales/ros2_ws/install/rover_msgs/lib/python3.12/site-packages:${PYTHONPATH} /home/mr-morales/miniforge3/envs/ros2_jazzy/bin/cmake --build /home/mr-morales/ros2_ws/build/rover_motor_controller_cpp -- -j12 -l12
