[  2%] Built target rover_msgs__rosidl_generator_type_description
[  5%] Built target rover_msgs__rs
[  5%] Built target ament_cmake_python_symlink_rover_msgs
[ 11%] Built target rover_msgs__cpp
[ 22%] Built target rover_msgs__rosidl_generator_c
[ 31%] Built target rover_msgs__rosidl_typesupport_fastrtps_c
[ 48%] Built target rover_msgs__rosidl_typesupport_introspection_c
[ 48%] Built target rover_msgs__rosidl_typesupport_c
[ 57%] Built target rover_msgs__rosidl_typesupport_fastrtps_cpp
[ 74%] Built target rover_msgs__rosidl_typesupport_introspection_cpp
[ 74%] Built target rover_msgs__rosidl_typesupport_cpp
[ 74%] Built target rover_msgs
[ 77%] Built target rover_msgs__py
[ 82%] Built target rover_msgs__rosidl_generator_py
[ 88%] Built target rover_msgs_s__rosidl_typesupport_introspection_c
[100%] Built target rover_msgs_s__rosidl_typesupport_fastrtps_c
[100%] Built target rover_msgs_s__rosidl_typesupport_c
running egg_info
writing rover_msgs.egg-info/PKG-INFO
writing dependency_links to rover_msgs.egg-info/dependency_links.txt
writing top-level names to rover_msgs.egg-info/top_level.txt
reading manifest file 'rover_msgs.egg-info/SOURCES.txt'
writing manifest file 'rover_msgs.egg-info/SOURCES.txt'
[100%] Built target ament_cmake_python_build_rover_msgs_egg
-- Install configuration: ""
-- Execute custom install script
-- Up-to-date symlink: /home/mr-morales/ros2_ws/install/rover_msgs/share/ament_index/resource_index/rosidl_interfaces/rover_msgs
-- Up-to-date symlink: /home/mr-morales/ros2_ws/install/rover_msgs/share/rover_msgs/msg/MotorsCommand.json
-- Up-to-date symlink: /home/mr-morales/ros2_ws/install/rover_msgs/include/rover_msgs/rover_msgs/msg/detail/motors_command__functions.h
-- Up-to-date symlink: /home/mr-morales/ros2_ws/install/rover_msgs/include/rover_msgs/rover_msgs/msg/detail/motors_command__struct.h
-- Up-to-date symlink: /home/mr-morales/ros2_ws/install/rover_msgs/include/rover_msgs/rover_msgs/msg/detail/motors_command__type_support.h
-- Up-to-date symlink: /home/mr-morales/ros2_ws/install/rover_msgs/include/rover_msgs/rover_msgs/msg/motors_command.h
-- Up-to-date symlink: /home/mr-morales/ros2_ws/install/rover_msgs/include/rover_msgs/rover_msgs/msg/rosidl_generator_c__visibility_control.h
-- Up-to-date symlink: /home/mr-morales/ros2_ws/install/rover_msgs/include/rover_msgs/rover_msgs/msg/detail/motors_command__rosidl_typesupport_fastrtps_c.h
-- Up-to-date symlink: /home/mr-morales/ros2_ws/install/rover_msgs/include/rover_msgs/rover_msgs/msg/rosidl_typesupport_fastrtps_c__visibility_control.h
-- Up-to-date symlink: /home/mr-morales/ros2_ws/install/rover_msgs/include/rover_msgs/rover_msgs/msg/detail/motors_command__rosidl_typesupport_introspection_c.h
-- Up-to-date symlink: /home/mr-morales/ros2_ws/install/rover_msgs/include/rover_msgs/rover_msgs/msg/rosidl_typesupport_introspection_c__visibility_control.h
-- Up-to-date symlink: /home/mr-morales/ros2_ws/install/rover_msgs/include/rover_msgs/rover_msgs/msg/detail/motors_command__builder.hpp
-- Up-to-date symlink: /home/mr-morales/ros2_ws/install/rover_msgs/include/rover_msgs/rover_msgs/msg/detail/motors_command__struct.hpp
-- Up-to-date symlink: /home/mr-morales/ros2_ws/install/rover_msgs/include/rover_msgs/rover_msgs/msg/detail/motors_command__traits.hpp
-- Up-to-date symlink: /home/mr-morales/ros2_ws/install/rover_msgs/include/rover_msgs/rover_msgs/msg/detail/motors_command__type_support.hpp
-- Up-to-date symlink: /home/mr-morales/ros2_ws/install/rover_msgs/include/rover_msgs/rover_msgs/msg/motors_command.hpp
-- Up-to-date symlink: /home/mr-morales/ros2_ws/install/rover_msgs/include/rover_msgs/rover_msgs/msg/rosidl_generator_cpp__visibility_control.hpp
-- Up-to-date symlink: /home/mr-morales/ros2_ws/install/rover_msgs/include/rover_msgs/rover_msgs/msg/detail/motors_command__rosidl_typesupport_fastrtps_cpp.hpp
-- Up-to-date symlink: /home/mr-morales/ros2_ws/install/rover_msgs/include/rover_msgs/rover_msgs/msg/rosidl_typesupport_fastrtps_cpp__visibility_control.h
-- Up-to-date symlink: /home/mr-morales/ros2_ws/install/rover_msgs/include/rover_msgs/rover_msgs/msg/detail/motors_command__rosidl_typesupport_introspection_cpp.hpp
-- Up-to-date symlink: /home/mr-morales/ros2_ws/install/rover_msgs/share/rover_msgs/environment/pythonpath.sh
-- Up-to-date symlink: /home/mr-morales/ros2_ws/install/rover_msgs/share/rover_msgs/environment/pythonpath.dsv
-- Up-to-date symlink: /home/mr-morales/ros2_ws/install/rover_msgs/lib/python3.12/site-packages/rover_msgs-2.0.0-py3.12.egg-info/PKG-INFO
-- Up-to-date symlink: /home/mr-morales/ros2_ws/install/rover_msgs/lib/python3.12/site-packages/rover_msgs-2.0.0-py3.12.egg-info/SOURCES.txt
-- Up-to-date symlink: /home/mr-morales/ros2_ws/install/rover_msgs/lib/python3.12/site-packages/rover_msgs-2.0.0-py3.12.egg-info/dependency_links.txt
-- Up-to-date symlink: /home/mr-morales/ros2_ws/install/rover_msgs/lib/python3.12/site-packages/rover_msgs-2.0.0-py3.12.egg-info/top_level.txt
-- Up-to-date symlink: /home/mr-morales/ros2_ws/install/rover_msgs/lib/python3.12/site-packages/rover_msgs/__init__.py
-- Up-to-date symlink: /home/mr-morales/ros2_ws/install/rover_msgs/lib/python3.12/site-packages/rover_msgs/_rover_msgs_s.ep.rosidl_typesupport_c.c
-- Up-to-date symlink: /home/mr-morales/ros2_ws/install/rover_msgs/lib/python3.12/site-packages/rover_msgs/_rover_msgs_s.ep.rosidl_typesupport_fastrtps_c.c
-- Up-to-date symlink: /home/mr-morales/ros2_ws/install/rover_msgs/lib/python3.12/site-packages/rover_msgs/_rover_msgs_s.ep.rosidl_typesupport_introspection_c.c
-- Up-to-date symlink: /home/mr-morales/ros2_ws/install/rover_msgs/lib/python3.12/site-packages/rover_msgs/msg/__init__.py
-- Up-to-date symlink: /home/mr-morales/ros2_ws/install/rover_msgs/lib/python3.12/site-packages/rover_msgs/msg/_motors_command.py
-- Up-to-date symlink: /home/mr-morales/ros2_ws/install/rover_msgs/lib/python3.12/site-packages/rover_msgs/msg/_motors_command_s.c
-- Up-to-date symlink: /home/mr-morales/ros2_ws/install/rover_msgs/lib/python3.12/site-packages/rover_msgs/rover_msgs_s__rosidl_typesupport_c.so
-- Up-to-date symlink: /home/mr-morales/ros2_ws/install/rover_msgs/lib/python3.12/site-packages/rover_msgs/rover_msgs_s__rosidl_typesupport_fastrtps_c.so
-- Up-to-date symlink: /home/mr-morales/ros2_ws/install/rover_msgs/lib/python3.12/site-packages/rover_msgs/rover_msgs_s__rosidl_typesupport_introspection_c.so
-- Up-to-date symlink: /home/mr-morales/ros2_ws/install/rover_msgs/lib/python3.12/site-packages/rover_msgs/rover_msgs_s__rosidl_typesupport_fastrtps_c.so
-- Up-to-date symlink: /home/mr-morales/ros2_ws/install/rover_msgs/lib/python3.12/site-packages/rover_msgs/rover_msgs_s__rosidl_typesupport_introspection_c.so
-- Up-to-date symlink: /home/mr-morales/ros2_ws/install/rover_msgs/lib/python3.12/site-packages/rover_msgs/rover_msgs_s__rosidl_typesupport_c.so
-- Up-to-date symlink: /home/mr-morales/ros2_ws/install/rover_msgs/share/rover_msgs/rust/Cargo.toml
-- Up-to-date symlink: /home/mr-morales/ros2_ws/install/rover_msgs/share/rover_msgs/rust/build.rs
-- Up-to-date symlink: /home/mr-morales/ros2_ws/install/rover_msgs/share/rover_msgs/rust/src/lib.rs
-- Up-to-date symlink: /home/mr-morales/ros2_ws/install/rover_msgs/share/rover_msgs/rust/src/msg.rs
-- Up-to-date symlink: /home/mr-morales/ros2_ws/install/rover_msgs/share/rover_msgs/rust/src/msg/rmw.rs
-- Up-to-date symlink: /home/mr-morales/ros2_ws/install/rover_msgs/share/rover_msgs/msg/MotorsCommand.idl
-- Up-to-date symlink: /home/mr-morales/ros2_ws/install/rover_msgs/share/rover_msgs/msg/MotorsCommand.msg
-- Up-to-date symlink: /home/mr-morales/ros2_ws/install/rover_msgs/share/ament_index/resource_index/package_run_dependencies/rover_msgs
-- Up-to-date symlink: /home/mr-morales/ros2_ws/install/rover_msgs/share/ament_index/resource_index/parent_prefix_path/rover_msgs
-- Up-to-date symlink: /home/mr-morales/ros2_ws/install/rover_msgs/share/rover_msgs/environment/ament_prefix_path.sh
-- Up-to-date symlink: /home/mr-morales/ros2_ws/install/rover_msgs/share/rover_msgs/environment/ament_prefix_path.dsv
-- Up-to-date symlink: /home/mr-morales/ros2_ws/install/rover_msgs/share/rover_msgs/environment/path.sh
-- Up-to-date symlink: /home/mr-morales/ros2_ws/install/rover_msgs/share/rover_msgs/environment/path.dsv
-- Up-to-date symlink: /home/mr-morales/ros2_ws/install/rover_msgs/share/rover_msgs/local_setup.bash
-- Up-to-date symlink: /home/mr-morales/ros2_ws/install/rover_msgs/share/rover_msgs/local_setup.sh
-- Up-to-date symlink: /home/mr-morales/ros2_ws/install/rover_msgs/share/rover_msgs/local_setup.zsh
-- Up-to-date symlink: /home/mr-morales/ros2_ws/install/rover_msgs/share/rover_msgs/local_setup.dsv
-- Symlinking: /home/mr-morales/ros2_ws/install/rover_msgs/share/rover_msgs/package.dsv
-- Up-to-date symlink: /home/mr-morales/ros2_ws/install/rover_msgs/share/ament_index/resource_index/packages/rover_msgs
-- Up-to-date symlink: /home/mr-morales/ros2_ws/install/rover_msgs/share/rover_msgs/cmake/rosidl_cmake-extras.cmake
-- Up-to-date symlink: /home/mr-morales/ros2_ws/install/rover_msgs/share/rover_msgs/cmake/ament_cmake_export_include_directories-extras.cmake
-- Up-to-date symlink: /home/mr-morales/ros2_ws/install/rover_msgs/share/rover_msgs/cmake/ament_cmake_export_libraries-extras.cmake
-- Up-to-date symlink: /home/mr-morales/ros2_ws/install/rover_msgs/share/rover_msgs/cmake/ament_cmake_export_targets-extras.cmake
-- Up-to-date symlink: /home/mr-morales/ros2_ws/install/rover_msgs/share/rover_msgs/cmake/rosidl_cmake_export_typesupport_targets-extras.cmake
-- Up-to-date symlink: /home/mr-morales/ros2_ws/install/rover_msgs/share/rover_msgs/cmake/ament_cmake_export_dependencies-extras.cmake
-- Up-to-date symlink: /home/mr-morales/ros2_ws/install/rover_msgs/share/rover_msgs/cmake/rosidl_cmake_export_typesupport_libraries-extras.cmake
-- Up-to-date symlink: /home/mr-morales/ros2_ws/install/rover_msgs/share/rover_msgs/cmake/rosidl_cmake_aggregate_target-extras.cmake
-- Up-to-date symlink: /home/mr-morales/ros2_ws/install/rover_msgs/share/rover_msgs/cmake/rover_msgsConfig.cmake
-- Up-to-date symlink: /home/mr-morales/ros2_ws/install/rover_msgs/share/rover_msgs/cmake/rover_msgsConfig-version.cmake
-- Up-to-date symlink: /home/mr-morales/ros2_ws/install/rover_msgs/share/rover_msgs/package.xml
-- Installing: /home/mr-morales/ros2_ws/install/rover_msgs/lib/librover_msgs__rosidl_generator_c.so
-- Installing: /home/mr-morales/ros2_ws/install/rover_msgs/lib/librover_msgs__rosidl_typesupport_fastrtps_c.so
-- Set non-toolchain portion of runtime path of "/home/mr-morales/ros2_ws/install/rover_msgs/lib/librover_msgs__rosidl_typesupport_fastrtps_c.so" to ""
-- Installing: /home/mr-morales/ros2_ws/install/rover_msgs/lib/librover_msgs__rosidl_typesupport_introspection_c.so
-- Set non-toolchain portion of runtime path of "/home/mr-morales/ros2_ws/install/rover_msgs/lib/librover_msgs__rosidl_typesupport_introspection_c.so" to ""
-- Installing: /home/mr-morales/ros2_ws/install/rover_msgs/lib/librover_msgs__rosidl_typesupport_c.so
-- Set non-toolchain portion of runtime path of "/home/mr-morales/ros2_ws/install/rover_msgs/lib/librover_msgs__rosidl_typesupport_c.so" to ""
-- Installing: /home/mr-morales/ros2_ws/install/rover_msgs/lib/librover_msgs__rosidl_typesupport_fastrtps_cpp.so
-- Set non-toolchain portion of runtime path of "/home/mr-morales/ros2_ws/install/rover_msgs/lib/librover_msgs__rosidl_typesupport_fastrtps_cpp.so" to ""
-- Installing: /home/mr-morales/ros2_ws/install/rover_msgs/lib/librover_msgs__rosidl_typesupport_introspection_cpp.so
-- Set non-toolchain portion of runtime path of "/home/mr-morales/ros2_ws/install/rover_msgs/lib/librover_msgs__rosidl_typesupport_introspection_cpp.so" to ""
-- Installing: /home/mr-morales/ros2_ws/install/rover_msgs/lib/librover_msgs__rosidl_typesupport_cpp.so
-- Set non-toolchain portion of runtime path of "/home/mr-morales/ros2_ws/install/rover_msgs/lib/librover_msgs__rosidl_typesupport_cpp.so" to ""
Listing '/home/mr-morales/ros2_ws/install/rover_msgs/lib/python3.12/site-packages/rover_msgs'...
Listing '/home/mr-morales/ros2_ws/install/rover_msgs/lib/python3.12/site-packages/rover_msgs/msg'...
-- Installing: /home/mr-morales/ros2_ws/install/rover_msgs/lib/librover_msgs__rosidl_generator_py.so
-- Set non-toolchain portion of runtime path of "/home/mr-morales/ros2_ws/install/rover_msgs/lib/librover_msgs__rosidl_generator_py.so" to ""
-- Up-to-date: /home/mr-morales/ros2_ws/install/rover_msgs/share/rover_msgs/cmake/export_rover_msgs__rosidl_generator_cExport.cmake
-- Up-to-date: /home/mr-morales/ros2_ws/install/rover_msgs/share/rover_msgs/cmake/export_rover_msgs__rosidl_generator_cExport-noconfig.cmake
-- Up-to-date: /home/mr-morales/ros2_ws/install/rover_msgs/share/rover_msgs/cmake/export_rover_msgs__rosidl_typesupport_fastrtps_cExport.cmake
-- Up-to-date: /home/mr-morales/ros2_ws/install/rover_msgs/share/rover_msgs/cmake/export_rover_msgs__rosidl_typesupport_fastrtps_cExport-noconfig.cmake
-- Up-to-date: /home/mr-morales/ros2_ws/install/rover_msgs/share/rover_msgs/cmake/rover_msgs__rosidl_typesupport_introspection_cExport.cmake
-- Up-to-date: /home/mr-morales/ros2_ws/install/rover_msgs/share/rover_msgs/cmake/rover_msgs__rosidl_typesupport_introspection_cExport-noconfig.cmake
-- Up-to-date: /home/mr-morales/ros2_ws/install/rover_msgs/share/rover_msgs/cmake/rover_msgs__rosidl_typesupport_cExport.cmake
-- Up-to-date: /home/mr-morales/ros2_ws/install/rover_msgs/share/rover_msgs/cmake/rover_msgs__rosidl_typesupport_cExport-noconfig.cmake
-- Up-to-date: /home/mr-morales/ros2_ws/install/rover_msgs/share/rover_msgs/cmake/export_rover_msgs__rosidl_generator_cppExport.cmake
-- Up-to-date: /home/mr-morales/ros2_ws/install/rover_msgs/share/rover_msgs/cmake/export_rover_msgs__rosidl_typesupport_fastrtps_cppExport.cmake
-- Up-to-date: /home/mr-morales/ros2_ws/install/rover_msgs/share/rover_msgs/cmake/export_rover_msgs__rosidl_typesupport_fastrtps_cppExport-noconfig.cmake
-- Up-to-date: /home/mr-morales/ros2_ws/install/rover_msgs/share/rover_msgs/cmake/rover_msgs__rosidl_typesupport_introspection_cppExport.cmake
-- Up-to-date: /home/mr-morales/ros2_ws/install/rover_msgs/share/rover_msgs/cmake/rover_msgs__rosidl_typesupport_introspection_cppExport-noconfig.cmake
-- Up-to-date: /home/mr-morales/ros2_ws/install/rover_msgs/share/rover_msgs/cmake/rover_msgs__rosidl_typesupport_cppExport.cmake
-- Up-to-date: /home/mr-morales/ros2_ws/install/rover_msgs/share/rover_msgs/cmake/rover_msgs__rosidl_typesupport_cppExport-noconfig.cmake
-- Up-to-date: /home/mr-morales/ros2_ws/install/rover_msgs/share/rover_msgs/cmake/export_rover_msgs__rosidl_generator_pyExport.cmake
-- Up-to-date: /home/mr-morales/ros2_ws/install/rover_msgs/share/rover_msgs/cmake/export_rover_msgs__rosidl_generator_pyExport-noconfig.cmake
